Archive member included to satisfy reference by file (symbol)

c:/st/stm32cubeide_1.12.0/stm32cubeide/plugins/com.st.stm32cube.ide.mcu.externaltools.gnu-tools-for-stm32.10.3-2021.10.win32_1.0.200.202301161003/tools/bin/../lib/gcc/arm-none-eabi/10.3.1/../../../../arm-none-eabi/lib/thumb/v7e-m+fp/hard\libc_nano.a(lib_a-atoi.o)
                              ./Application/User/Core/command_processor.o (atoi)
c:/st/stm32cubeide_1.12.0/stm32cubeide/plugins/com.st.stm32cube.ide.mcu.externaltools.gnu-tools-for-stm32.10.3-2021.10.win32_1.0.200.202301161003/tools/bin/../lib/gcc/arm-none-eabi/10.3.1/../../../../arm-none-eabi/lib/thumb/v7e-m+fp/hard\libc_nano.a(lib_a-errno.o)
                              ./Application/User/Core/sysmem.o (__errno)
c:/st/stm32cubeide_1.12.0/stm32cubeide/plugins/com.st.stm32cube.ide.mcu.externaltools.gnu-tools-for-stm32.10.3-2021.10.win32_1.0.200.202301161003/tools/bin/../lib/gcc/arm-none-eabi/10.3.1/../../../../arm-none-eabi/lib/thumb/v7e-m+fp/hard\libc_nano.a(lib_a-exit.o)
                              c:/st/stm32cubeide_1.12.0/stm32cubeide/plugins/com.st.stm32cube.ide.mcu.externaltools.gnu-tools-for-stm32.10.3-2021.10.win32_1.0.200.202301161003/tools/bin/../lib/gcc/arm-none-eabi/10.3.1/../../../../arm-none-eabi/lib/thumb/v7e-m+fp/hard/rdimon-crt0.o (exit)
c:/st/stm32cubeide_1.12.0/stm32cubeide/plugins/com.st.stm32cube.ide.mcu.externaltools.gnu-tools-for-stm32.10.3-2021.10.win32_1.0.200.202301161003/tools/bin/../lib/gcc/arm-none-eabi/10.3.1/../../../../arm-none-eabi/lib/thumb/v7e-m+fp/hard\libc_nano.a(lib_a-impure.o)
                              c:/st/stm32cubeide_1.12.0/stm32cubeide/plugins/com.st.stm32cube.ide.mcu.externaltools.gnu-tools-for-stm32.10.3-2021.10.win32_1.0.200.202301161003/tools/bin/../lib/gcc/arm-none-eabi/10.3.1/../../../../arm-none-eabi/lib/thumb/v7e-m+fp/hard\libc_nano.a(lib_a-exit.o) (_global_impure_ptr)
c:/st/stm32cubeide_1.12.0/stm32cubeide/plugins/com.st.stm32cube.ide.mcu.externaltools.gnu-tools-for-stm32.10.3-2021.10.win32_1.0.200.202301161003/tools/bin/../lib/gcc/arm-none-eabi/10.3.1/../../../../arm-none-eabi/lib/thumb/v7e-m+fp/hard\libc_nano.a(lib_a-init.o)
                              c:/st/stm32cubeide_1.12.0/stm32cubeide/plugins/com.st.stm32cube.ide.mcu.externaltools.gnu-tools-for-stm32.10.3-2021.10.win32_1.0.200.202301161003/tools/bin/../lib/gcc/arm-none-eabi/10.3.1/../../../../arm-none-eabi/lib/thumb/v7e-m+fp/hard/rdimon-crt0.o (__libc_init_array)
c:/st/stm32cubeide_1.12.0/stm32cubeide/plugins/com.st.stm32cube.ide.mcu.externaltools.gnu-tools-for-stm32.10.3-2021.10.win32_1.0.200.202301161003/tools/bin/../lib/gcc/arm-none-eabi/10.3.1/../../../../arm-none-eabi/lib/thumb/v7e-m+fp/hard\libc_nano.a(lib_a-malloc.o)
                              ./Application/User/Core/measurements.o (malloc)
c:/st/stm32cubeide_1.12.0/stm32cubeide/plugins/com.st.stm32cube.ide.mcu.externaltools.gnu-tools-for-stm32.10.3-2021.10.win32_1.0.200.202301161003/tools/bin/../lib/gcc/arm-none-eabi/10.3.1/../../../../arm-none-eabi/lib/thumb/v7e-m+fp/hard\libc_nano.a(lib_a-memcpy-stub.o)
                              ./Application/User/Core/command_processor.o (memcpy)
c:/st/stm32cubeide_1.12.0/stm32cubeide/plugins/com.st.stm32cube.ide.mcu.externaltools.gnu-tools-for-stm32.10.3-2021.10.win32_1.0.200.202301161003/tools/bin/../lib/gcc/arm-none-eabi/10.3.1/../../../../arm-none-eabi/lib/thumb/v7e-m+fp/hard\libc_nano.a(lib_a-memset.o)
                              c:/st/stm32cubeide_1.12.0/stm32cubeide/plugins/com.st.stm32cube.ide.mcu.externaltools.gnu-tools-for-stm32.10.3-2021.10.win32_1.0.200.202301161003/tools/bin/../lib/gcc/arm-none-eabi/10.3.1/../../../../arm-none-eabi/lib/thumb/v7e-m+fp/hard/rdimon-crt0.o (memset)
c:/st/stm32cubeide_1.12.0/stm32cubeide/plugins/com.st.stm32cube.ide.mcu.externaltools.gnu-tools-for-stm32.10.3-2021.10.win32_1.0.200.202301161003/tools/bin/../lib/gcc/arm-none-eabi/10.3.1/../../../../arm-none-eabi/lib/thumb/v7e-m+fp/hard\libc_nano.a(lib_a-nano-freer.o)
                              c:/st/stm32cubeide_1.12.0/stm32cubeide/plugins/com.st.stm32cube.ide.mcu.externaltools.gnu-tools-for-stm32.10.3-2021.10.win32_1.0.200.202301161003/tools/bin/../lib/gcc/arm-none-eabi/10.3.1/../../../../arm-none-eabi/lib/thumb/v7e-m+fp/hard\libc_nano.a(lib_a-malloc.o) (_free_r)
c:/st/stm32cubeide_1.12.0/stm32cubeide/plugins/com.st.stm32cube.ide.mcu.externaltools.gnu-tools-for-stm32.10.3-2021.10.win32_1.0.200.202301161003/tools/bin/../lib/gcc/arm-none-eabi/10.3.1/../../../../arm-none-eabi/lib/thumb/v7e-m+fp/hard\libc_nano.a(lib_a-nano-mallocr.o)
                              c:/st/stm32cubeide_1.12.0/stm32cubeide/plugins/com.st.stm32cube.ide.mcu.externaltools.gnu-tools-for-stm32.10.3-2021.10.win32_1.0.200.202301161003/tools/bin/../lib/gcc/arm-none-eabi/10.3.1/../../../../arm-none-eabi/lib/thumb/v7e-m+fp/hard\libc_nano.a(lib_a-malloc.o) (_malloc_r)
[...]
Memory Configuration

Name             Origin             Length             Attributes
FLASH            0x0000000008000000 0x0000000000080000 xr
RAM1             0x0000000020000004 0x000000000000fffc xrw
RAM_SHARED       0x0000000020030000 0x0000000000002800 xrw
*default*        0x0000000000000000 0xffffffffffffffff

Linker script and memory map

LOAD c:/st/stm32cubeide_1.12.0/stm32cubeide/plugins/com.st.stm32cube.ide.mcu.externaltools.gnu-tools-for-stm32.10.3-2021.10.win32_1.0.200.202301161003/tools/bin/../lib/gcc/arm-none-eabi/10.3.1/thumb/v7e-m+fp/hard/crti.o
LOAD c:/st/stm32cubeide_1.12.0/stm32cubeide/plugins/com.st.stm32cube.ide.mcu.externaltools.gnu-tools-for-stm32.10.3-2021.10.win32_1.0.200.202301161003/tools/bin/../lib/gcc/arm-none-eabi/10.3.1/thumb/v7e-m+fp/hard/crtbegin.o
LOAD c:/st/stm32cubeide_1.12.0/stm32cubeide/plugins/com.st.stm32cube.ide.mcu.externaltools.gnu-tools-for-stm32.10.3-2021.10.win32_1.0.200.202301161003/tools/bin/../lib/gcc/arm-none-eabi/10.3.1/../../../../arm-none-eabi/lib/thumb/v7e-m+fp/hard/rdimon-crt0.o
LOAD ./Application/User/Core/adc.o
LOAD ./Application/User/Core/adc_control.o
LOAD ./Application/User/Core/command_processor.o
LOAD ./Application/User/Core/dma.o
LOAD ./Application/User/Core/gpio.o
LOAD ./Application/User/Core/hc_control.o
LOAD ./Application/User/Core/ipcc.o
LOAD ./Application/User/Core/main.o
LOAD ./Application/User/Core/measurements.o
LOAD ./Application/User/Core/pll_maxim.o
LOAD ./Application/User/Core/softuart.o
LOAD ./Application/User/Core/spi.o
LOAD ./Application/User/Core/stm32wbxx_hal_msp.o
LOAD ./Application/User/Core/stm32wbxx_it.o
LOAD ./Application/User/Core/sysmem.o
LOAD ./Application/User/Core/tim.o
LOAD ./Application/User/Core/usart.o
LOAD ./Application/User/Startup/startup_stm32wb50cgux.o
LOAD ./Drivers/CMSIS/system_stm32wbxx.o
LOAD ./Drivers/STM32WBxx_HAL_Driver/stm32wbxx_hal.o
LOAD ./Drivers/STM32WBxx_HAL_Driver/stm32wbxx_hal_adc.o
LOAD ./Drivers/STM32WBxx_HAL_Driver/stm32wbxx_hal_adc_ex.o
LOAD ./Drivers/STM32WBxx_HAL_Driver/stm32wbxx_hal_cortex.o
LOAD ./Drivers/STM32WBxx_HAL_Driver/stm32wbxx_hal_dma.o
LOAD ./Drivers/STM32WBxx_HAL_Driver/stm32wbxx_hal_dma_ex.o
LOAD ./Drivers/STM32WBxx_HAL_Driver/stm32wbxx_hal_exti.o
LOAD ./Drivers/STM32WBxx_HAL_Driver/stm32wbxx_hal_flash.o
LOAD ./Drivers/STM32WBxx_HAL_Driver/stm32wbxx_hal_flash_ex.o
LOAD ./Drivers/STM32WBxx_HAL_Driver/stm32wbxx_hal_gpio.o
LOAD ./Drivers/STM32WBxx_HAL_Driver/stm32wbxx_hal_hsem.o
LOAD ./Drivers/STM32WBxx_HAL_Driver/stm32wbxx_hal_ipcc.o
LOAD ./Drivers/STM32WBxx_HAL_Driver/stm32wbxx_hal_pwr.o
LOAD ./Drivers/STM32WBxx_HAL_Driver/stm32wbxx_hal_pwr_ex.o
LOAD ./Drivers/STM32WBxx_HAL_Driver/stm32wbxx_hal_rcc.o
LOAD ./Drivers/STM32WBxx_HAL_Driver/stm32wbxx_hal_rcc_ex.o
LOAD ./Drivers/STM32WBxx_HAL_Driver/stm32wbxx_hal_spi.o
LOAD ./Drivers/STM32WBxx_HAL_Driver/stm32wbxx_hal_spi_ex.o
LOAD ./Drivers/STM32WBxx_HAL_Driver/stm32wbxx_hal_tim.o
LOAD ./Drivers/STM32WBxx_HAL_Driver/stm32wbxx_hal_tim_ex.o
LOAD ./Drivers/STM32WBxx_HAL_Driver/stm32wbxx_hal_uart.o
LOAD ./Drivers/STM32WBxx_HAL_Driver/stm32wbxx_hal_uart_ex.o
LOAD ./Drivers/STM32WBxx_HAL_Driver/stm32wbxx_ll_adc.o
LOAD ./Drivers/STM32WBxx_HAL_Driver/stm32wbxx_ll_rcc.o
LOAD c:/st/stm32cubeide_1.12.0/stm32cubeide/plugins/com.st.stm32cube.ide.mcu.externaltools.gnu-tools-for-stm32.10.3-2021.10.win32_1.0.200.202301161003/tools/bin/../lib/gcc/arm-none-eabi/10.3.1/../../../../arm-none-eabi/lib/thumb/v7e-m+fp/hard\libc_nano.a
LOAD c:/st/stm32cubeide_1.12.0/stm32cubeide/plugins/com.st.stm32cube.ide.mcu.externaltools.gnu-tools-for-stm32.10.3-2021.10.win32_1.0.200.202301161003/tools/bin/../lib/gcc/arm-none-eabi/10.3.1/../../../../arm-none-eabi/lib/thumb/v7e-m+fp/hard\librdimon_nano.a
START GROUP
LOAD c:/st/stm32cubeide_1.12.0/stm32cubeide/plugins/com.st.stm32cube.ide.mcu.externaltools.gnu-tools-for-stm32.10.3-2021.10.win32_1.0.200.202301161003/tools/bin/../lib/gcc/arm-none-eabi/10.3.1/../../../../arm-none-eabi/lib/thumb/v7e-m+fp/hard\libc_nano.a
LOAD c:/st/stm32cubeide_1.12.0/stm32cubeide/plugins/com.st.stm32cube.ide.mcu.externaltools.gnu-tools-for-stm32.10.3-2021.10.win32_1.0.200.202301161003/tools/bin/../lib/gcc/arm-none-eabi/10.3.1/../../../../arm-none-eabi/lib/thumb/v7e-m+fp/hard\libm.a
END GROUP
START GROUP
LOAD c:/st/stm32cubeide_1.12.0/stm32cubeide/plugins/com.st.stm32cube.ide.mcu.externaltools.gnu-tools-for-stm32.10.3-2021.10.win32_1.0.200.202301161003/tools/bin/../lib/gcc/arm-none-eabi/10.3.1/thumb/v7e-m+fp/hard\libgcc.a
LOAD c:/st/stm32cubeide_1.12.0/stm32cubeide/plugins/com.st.stm32cube.ide.mcu.externaltools.gnu-tools-for-stm32.10.3-2021.10.win32_1.0.200.202301161003/tools/bin/../lib/gcc/arm-none-eabi/10.3.1/../../../../arm-none-eabi/lib/thumb/v7e-m+fp/hard\libc_nano.a
END GROUP
START GROUP
LOAD c:/st/stm32cubeide_1.12.0/stm32cubeide/plugins/com.st.stm32cube.ide.mcu.externaltools.gnu-tools-for-stm32.10.3-2021.10.win32_1.0.200.202301161003/tools/bin/../lib/gcc/arm-none-eabi/10.3.1/thumb/v7e-m+fp/hard\libgcc.a
LOAD c:/st/stm32cubeide_1.12.0/stm32cubeide/plugins/com.st.stm32cube.ide.mcu.externaltools.gnu-tools-for-stm32.10.3-2021.10.win32_1.0.200.202301161003/tools/bin/../lib/gcc/arm-none-eabi/10.3.1/../../../../arm-none-eabi/lib/thumb/v7e-m+fp/hard\libc_nano.a
LOAD c:/st/stm32cubeide_1.12.0/stm32cubeide/plugins/com.st.stm32cube.ide.mcu.externaltools.gnu-tools-for-stm32.10.3-2021.10.win32_1.0.200.202301161003/tools/bin/../lib/gcc/arm-none-eabi/10.3.1/../../../../arm-none-eabi/lib/thumb/v7e-m+fp/hard\librdimon_nano.a
END GROUP
START GROUP
LOAD c:/st/stm32cubeide_1.12.0/stm32cubeide/plugins/com.st.stm32cube.ide.mcu.externaltools.gnu-tools-for-stm32.10.3-2021.10.win32_1.0.200.202301161003/tools/bin/../lib/gcc/arm-none-eabi/10.3.1/thumb/v7e-m+fp/hard\libgcc.a
LOAD c:/st/stm32cubeide_1.12.0/stm32cubeide/plugins/com.st.stm32cube.ide.mcu.externaltools.gnu-tools-for-stm32.10.3-2021.10.win32_1.0.200.202301161003/tools/bin/../lib/gcc/arm-none-eabi/10.3.1/../../../../arm-none-eabi/lib/thumb/v7e-m+fp/hard\libc_nano.a
LOAD c:/st/stm32cubeide_1.12.0/stm32cubeide/plugins/com.st.stm32cube.ide.mcu.externaltools.gnu-tools-for-stm32.10.3-2021.10.win32_1.0.200.202301161003/tools/bin/../lib/gcc/arm-none-eabi/10.3.1/../../../../arm-none-eabi/lib/thumb/v7e-m+fp/hard\librdimon_nano.a
END GROUP
LOAD c:/st/stm32cubeide_1.12.0/stm32cubeide/plugins/com.st.stm32cube.ide.mcu.externaltools.gnu-tools-for-stm32.10.3-2021.10.win32_1.0.200.202301161003/tools/bin/../lib/gcc/arm-none-eabi/10.3.1/thumb/v7e-m+fp/hard/crtend.o
LOAD c:/st/stm32cubeide_1.12.0/stm32cubeide/plugins/com.st.stm32cube.ide.mcu.externaltools.gnu-tools-for-stm32.10.3-2021.10.win32_1.0.200.202301161003/tools/bin/../lib/gcc/arm-none-eabi/10.3.1/thumb/v7e-m+fp/hard/crtn.o
                0x0000000020010000                _estack = (ORIGIN (RAM1) + LENGTH (RAM1))
                0x0000000000000200                _Min_Heap_Size = 0x200
                0x0000000000000400                _Min_Stack_Size = 0x400

.isr_vector     0x0000000008000000      0x13c
                0x0000000008000000                . = ALIGN (0x4)
 *(.isr_vector)
 .isr_vector    0x0000000008000000      0x13c ./Application/User/Startup/startup_stm32wb50cgux.o
                0x0000000008000000                g_pfnVectors
                0x000000000800013c                . = ALIGN (0x4)

.text           0x0000000008000140     0xcb48
                0x0000000008000140                . = ALIGN (0x4)
 *(.text)
 .text          0x0000000008000140       0x40 c:/st/stm32cubeide_1.12.0/stm32cubeide/plugins/com.st.stm32cube.ide.mcu.externaltools.gnu-tools-for-stm32.10.3-2021.10.win32_1.0.200.202301161003/tools/bin/../lib/gcc/arm-none-eabi/10.3.1/thumb/v7e-m+fp/hard/crtbegin.o
 .text          0x0000000008000180       0x14 c:/st/stm32cubeide_1.12.0/stm32cubeide/plugins/com.st.stm32cube.ide.mcu.externaltools.gnu-tools-for-stm32.10.3-2021.10.win32_1.0.200.202301161003/tools/bin/../lib/gcc/arm-none-eabi/10.3.1/../../../../arm-none-eabi/lib/thumb/v7e-m+fp/hard\libc_nano.a(lib_a-strcmp.o)
                0x0000000008000180                strcmp
 .text          0x0000000008000194       0x10 c:/st/stm32cubeide_1.12.0/stm32cubeide/plugins/com.st.stm32cube.ide.mcu.externaltools.gnu-tools-for-stm32.10.3-2021.10.win32_1.0.200.202301161003/tools/bin/../lib/gcc/arm-none-eabi/10.3.1/../../../../arm-none-eabi/lib/thumb/v7e-m+fp/hard\libc_nano.a(lib_a-strlen.o)
                0x0000000008000194                strlen
 *fill*         0x00000000080001a4        0xc 
 .text          0x00000000080001b0       0xa0 c:/st/stm32cubeide_1.12.0/stm32cubeide/plugins/com.st.stm32cube.ide.mcu.externaltools.gnu-tools-for-stm32.10.3-2021.10.win32_1.0.200.202301161003/tools/bin/../lib/gcc/arm-none-eabi/10.3.1/../../../../arm-none-eabi/lib/thumb/v7e-m+fp/hard\libc_nano.a(lib_a-memchr.o)
                0x00000000080001b0                memchr
 .text          0x0000000008000250      0x378 c:/st/stm32cubeide_1.12.0/stm32cubeide/plugins/com.st.stm32cube.ide.mcu.externaltools.gnu-tools-for-stm32.10.3-2021.10.win32_1.0.200.202301161003/tools/bin/../lib/gcc/arm-none-eabi/10.3.1/thumb/v7e-m+fp/hard\libgcc.a(_arm_addsubdf3.o)
                0x0000000008000250                __aeabi_drsub
                0x0000000008000258                __aeabi_dsub
                0x0000000008000258                __subdf3
                0x000000000800025c                __aeabi_dadd
                0x000000000800025c                __adddf3
                0x00000000080004d4                __floatunsidf
                0x00000000080004d4                __aeabi_ui2d
                0x00000000080004f4                __floatsidf
                0x00000000080004f4                __aeabi_i2d
                0x0000000008000518                __aeabi_f2d
                0x0000000008000518                __extendsfdf2
                0x000000000800055c                __floatundidf
                0x000000000800055c                __aeabi_ul2d
                0x000000000800056c                __floatdidf
                0x000000000800056c                __aeabi_l2d
 .text          0x00000000080005c8      0x424 c:/st/stm32cubeide_1.12.0/stm32cubeide/plugins/com.st.stm32cube.ide.mcu.externaltools.gnu-tools-for-stm32.10.3-2021.10.win32_1.0.200.202301161003/tools/bin/../lib/gcc/arm-none-eabi/10.3.1/thumb/v7e-m+fp/hard\libgcc.a(_arm_muldivdf3.o)
                0x00000000080005c8                __aeabi_dmul
                0x00000000080005c8                __muldf3
                0x000000000800081c                __divdf3
                0x000000000800081c                __aeabi_ddiv
 .text          0x00000000080009ec      0x110 c:/st/stm32cubeide_1.12.0/stm32cubeide/plugins/com.st.stm32cube.ide.mcu.externaltools.gnu-tools-for-stm32.10.3-2021.10.win32_1.0.200.202301161003/tools/bin/../lib/gcc/arm-none-eabi/10.3.1/thumb/v7e-m+fp/hard\libgcc.a(_arm_cmpdf2.o)
                0x00000000080009ec                __gtdf2
                0x00000000080009ec                __gedf2
                0x00000000080009f4                __ltdf2
                0x00000000080009f4                __ledf2
                0x00000000080009fc                __nedf2
                0x00000000080009fc                __eqdf2
                0x00000000080009fc                __cmpdf2
                0x0000000008000a78                __aeabi_cdrcmple
                0x0000000008000a88                __aeabi_cdcmpeq
                0x0000000008000a88                __aeabi_cdcmple
                0x0000000008000a98                __aeabi_dcmpeq
                0x0000000008000aac                __aeabi_dcmplt
                0x0000000008000ac0                __aeabi_dcmple
                0x0000000008000ad4                __aeabi_dcmpge
                0x0000000008000ae8                __aeabi_dcmpgt
 .text          0x0000000008000afc       0x2c c:/st/stm32cubeide_1.12.0/stm32cubeide/plugins/com.st.stm32cube.ide.mcu.externaltools.gnu-tools-for-stm32.10.3-2021.10.win32_1.0.200.202301161003/tools/bin/../lib/gcc/arm-none-eabi/10.3.1/thumb/v7e-m+fp/hard\libgcc.a(_arm_unorddf2.o)
                0x0000000008000afc                __unorddf2
                0x0000000008000afc                __aeabi_dcmpun
 .text          0x0000000008000b28       0x50 c:/st/stm32cubeide_1.12.0/stm32cubeide/plugins/com.st.stm32cube.ide.mcu.externaltools.gnu-tools-for-stm32.10.3-2021.10.win32_1.0.200.202301161003/tools/bin/../lib/gcc/arm-none-eabi/10.3.1/thumb/v7e-m+fp/hard\libgcc.a(_arm_fixdfsi.o)
                0x0000000008000b28                __aeabi_d2iz
                0x0000000008000b28                __fixdfsi
 .text          0x0000000008000b78       0xa0 c:/st/stm32cubeide_1.12.0/stm32cubeide/plugins/com.st.stm32cube.ide.mcu.externaltools.gnu-tools-for-stm32.10.3-2021.10.win32_1.0.200.202301161003/tools/bin/../lib/gcc/arm-none-eabi/10.3.1/thumb/v7e-m+fp/hard\libgcc.a(_arm_truncdfsf2.o)
                0x0000000008000b78                __truncdfsf2
                0x0000000008000b78                __aeabi_d2f
 *(.text*)
 .text.LL_AHB2_GRP1_EnableClock
                0x0000000008000c18       0x32 ./Application/User/Core/adc.o
 *fill*         0x0000000008000c4a        0x2 
 .text.MX_ADC1_Init
                0x0000000008000c4c       0xe0 ./Application/User/Core/adc.o
                0x0000000008000c4c                MX_ADC1_Init
 .text.HAL_ADC_MspInit
                0x0000000008000d2c       0x84 ./Application/User/Core/adc.o
                0x0000000008000d2c                HAL_ADC_MspInit
 .text.read_raw
                0x0000000008000db0       0x34 ./Application/User/Core/adc_control.o
                0x0000000008000db0                read_raw
 .text.process_arguments
                0x0000000008000de4      0x122 ./Application/User/Core/command_processor.o
                0x0000000008000de4                process_arguments
 *fill*         0x0000000008000f06        0x2 
 .text.process_command_string
                0x0000000008000f08      0x264 ./Application/User/Core/command_processor.o
                0x0000000008000f08                process_command_string
 .text.LL_AHB1_GRP1_EnableClock
                0x000000000800116c       0x32 ./Application/User/Core/dma.o
 .text.MX_DMA_Init
                0x000000000800119e       0x24 ./Application/User/Core/dma.o
                0x000000000800119e                MX_DMA_Init
 .text.LL_AHB2_GRP1_EnableClock
                0x00000000080011c2       0x32 ./Application/User/Core/gpio.o
 .text.MX_GPIO_Init
                0x00000000080011f4       0xcc ./Application/User/Core/gpio.o
                0x00000000080011f4                MX_GPIO_Init
 .text.LL_AHB3_GRP1_EnableClock
                0x00000000080012c0       0x32 ./Application/User/Core/ipcc.o
 *fill*         0x00000000080012f2        0x2 
 .text.MX_IPCC_Init
                0x00000000080012f4       0x28 ./Application/User/Core/ipcc.o
                0x00000000080012f4                MX_IPCC_Init
 .text.HAL_IPCC_MspInit
                0x000000000800131c       0x48 ./Application/User/Core/ipcc.o
                0x000000000800131c                HAL_IPCC_MspInit
 .text.HAL_TIM_PeriodElapsedCallback
                0x0000000008001364       0x1e ./Application/User/Core/main.o
                0x0000000008001364                HAL_TIM_PeriodElapsedCallback
 *fill*         0x0000000008001382        0x2 
 .text.do_commands
                0x0000000008001384      0x170 ./Application/User/Core/main.o
                0x0000000008001384                do_commands
 .text.main     0x00000000080014f4       0xcc ./Application/User/Core/main.o
                0x00000000080014f4                main
 .text.SystemClock_Config
                0x00000000080015c0       0xae ./Application/User/Core/main.o
                0x00000000080015c0                SystemClock_Config
 *fill*         0x000000000800166e        0x2 
 .text.HAL_UARTEx_RxEventCallback
                0x0000000008001670       0x58 ./Application/User/Core/main.o
                0x0000000008001670                HAL_UARTEx_RxEventCallback
 .text.Error_Handler
                0x00000000080016c8        0xa ./Application/User/Core/main.o
                0x00000000080016c8                Error_Handler
 .text.EnableChip
                0x00000000080016d2       0x14 ./Application/User/Core/pll_maxim.o
                0x00000000080016d2                EnableChip
 .text.EnableRFOutput
                0x00000000080016e6       0x14 ./Application/User/Core/pll_maxim.o
                0x00000000080016e6                EnableRFOutput
 *fill*         0x00000000080016fa        0x2 
 .text.print_registers
                0x00000000080016fc       0x80 ./Application/User/Core/pll_maxim.o
                0x00000000080016fc                print_registers
 .text.setDIVA  0x000000000800177c      0x124 ./Application/User/Core/pll_maxim.o
                0x000000000800177c                setDIVA
 .text.setRFA_PWR
                0x00000000080018a0       0x44 ./Application/User/Core/pll_maxim.o
                0x00000000080018a0                setRFA_PWR
 .text.setN     0x00000000080018e4       0x40 ./Application/User/Core/pll_maxim.o
                0x00000000080018e4                setN
 .text.setR     0x0000000008001924       0x40 ./Application/User/Core/pll_maxim.o
                0x0000000008001924                setR
 .text.setIntegerMode
                0x0000000008001964       0x1c ./Application/User/Core/pll_maxim.o
                0x0000000008001964                setIntegerMode
 .text.set_requested_frequency
                0x0000000008001980       0xdc ./Application/User/Core/pll_maxim.o
                0x0000000008001980                set_requested_frequency
 .text.init_PLL
                0x0000000008001a5c       0x98 ./Application/User/Core/pll_maxim.o
                0x0000000008001a5c                init_PLL
 .text.write_regs_SOFT
                0x0000000008001af4       0x64 ./Application/User/Core/pll_maxim.o
                0x0000000008001af4                write_regs_SOFT
 .text.swap_words
                0x0000000008001b58       0x1e ./Application/User/Core/pll_maxim.o
                0x0000000008001b58                swap_words
 *fill*         0x0000000008001b76        0x2 
 .text.write_reg
                0x0000000008001b78       0x8c ./Application/User/Core/pll_maxim.o
                0x0000000008001b78                write_reg
 .text.program_PLL
                0x0000000008001c04       0x5c ./Application/User/Core/pll_maxim.o
                0x0000000008001c04                program_PLL
 .text.write_to_PLL
                0x0000000008001c60       0x54 ./Application/User/Core/pll_maxim.o
                0x0000000008001c60                write_to_PLL
 .text.SoftUartGpioReadPin
                0x0000000008001cb4       0x20 ./Application/User/Core/softuart.o
                0x0000000008001cb4                SoftUartGpioReadPin
 .text.SoftUartGpioWritePin
                0x0000000008001cd4       0x24 ./Application/User/Core/softuart.o
                0x0000000008001cd4                SoftUartGpioWritePin
 .text.SoftUartTransmitBit
                0x0000000008001cf8       0x24 ./Application/User/Core/softuart.o
                0x0000000008001cf8                SoftUartTransmitBit
 .text.SoftUartTxProcess
                0x0000000008001d1c       0xe6 ./Application/User/Core/softuart.o
                0x0000000008001d1c                SoftUartTxProcess
 .text.SoftUartRxDataBitProcess
                0x0000000008001e02       0xd8 ./Application/User/Core/softuart.o
                0x0000000008001e02                SoftUartRxDataBitProcess
 *fill*         0x0000000008001eda        0x2 
 .text.SoftUartScanRxPorts
                0x0000000008001edc       0xd0 ./Application/User/Core/softuart.o
                0x0000000008001edc                SoftUartScanRxPorts
 .text.SoftUartHandler
                0x0000000008001fac       0xac ./Application/User/Core/softuart.o
                0x0000000008001fac                SoftUartHandler
 .text.LL_AHB2_GRP1_EnableClock
                0x0000000008002058       0x32 ./Application/User/Core/spi.o
 .text.LL_APB2_GRP1_EnableClock
                0x000000000800208a       0x32 ./Application/User/Core/spi.o
 .text.MX_SPI1_Init
                0x00000000080020bc       0x7c ./Application/User/Core/spi.o
                0x00000000080020bc                MX_SPI1_Init
 .text.HAL_SPI_MspInit
                0x0000000008002138       0xbc ./Application/User/Core/spi.o
                0x0000000008002138                HAL_SPI_MspInit
 .text.HAL_MspInit
                0x00000000080021f4        0xe ./Application/User/Core/stm32wbxx_hal_msp.o
                0x00000000080021f4                HAL_MspInit
 .text.NMI_Handler
                0x0000000008002202        0x6 ./Application/User/Core/stm32wbxx_it.o
                0x0000000008002202                NMI_Handler
 .text.HardFault_Handler
                0x0000000008002208        0x6 ./Application/User/Core/stm32wbxx_it.o
                0x0000000008002208                HardFault_Handler
 .text.MemManage_Handler
                0x000000000800220e        0x6 ./Application/User/Core/stm32wbxx_it.o
                0x000000000800220e                MemManage_Handler
 .text.BusFault_Handler
                0x0000000008002214        0x6 ./Application/User/Core/stm32wbxx_it.o
                0x0000000008002214                BusFault_Handler
 .text.UsageFault_Handler
                0x000000000800221a        0x6 ./Application/User/Core/stm32wbxx_it.o
                0x000000000800221a                UsageFault_Handler
 .text.SVC_Handler
                0x0000000008002220        0xe ./Application/User/Core/stm32wbxx_it.o
                0x0000000008002220                SVC_Handler
 .text.DebugMon_Handler
                0x000000000800222e        0xe ./Application/User/Core/stm32wbxx_it.o
                0x000000000800222e                DebugMon_Handler
 .text.PendSV_Handler
                0x000000000800223c        0xe ./Application/User/Core/stm32wbxx_it.o
                0x000000000800223c                PendSV_Handler
 .text.SysTick_Handler
                0x000000000800224a        0xc ./Application/User/Core/stm32wbxx_it.o
                0x000000000800224a                SysTick_Handler
 *fill*         0x0000000008002256        0x2 
 .text.DMA1_Channel1_IRQHandler
                0x0000000008002258       0x14 ./Application/User/Core/stm32wbxx_it.o
                0x0000000008002258                DMA1_Channel1_IRQHandler
 .text.TIM2_IRQHandler
                0x000000000800226c       0x14 ./Application/User/Core/stm32wbxx_it.o
                0x000000000800226c                TIM2_IRQHandler
 .text.USART1_IRQHandler
                0x0000000008002280       0x14 ./Application/User/Core/stm32wbxx_it.o
                0x0000000008002280                USART1_IRQHandler
 .text.IPCC_C1_RX_IRQHandler
                0x0000000008002294       0x14 ./Application/User/Core/stm32wbxx_it.o
                0x0000000008002294                IPCC_C1_RX_IRQHandler
 .text.IPCC_C1_TX_IRQHandler
                0x00000000080022a8       0x14 ./Application/User/Core/stm32wbxx_it.o
                0x00000000080022a8                IPCC_C1_TX_IRQHandler
 .text._sbrk    0x00000000080022bc       0x6c ./Application/User/Core/sysmem.o
                0x00000000080022bc                _sbrk
 .text.LL_APB1_GRP1_EnableClock
                0x0000000008002328       0x32 ./Application/User/Core/tim.o
 *fill*         0x000000000800235a        0x2 
 .text.MX_TIM2_Init
                0x000000000800235c       0x98 ./Application/User/Core/tim.o
                0x000000000800235c                MX_TIM2_Init
 .text.HAL_TIM_Base_MspInit
                0x00000000080023f4       0x30 ./Application/User/Core/tim.o
                0x00000000080023f4                HAL_TIM_Base_MspInit
 .text.LL_AHB2_GRP1_EnableClock
                0x0000000008002424       0x32 ./Application/User/Core/usart.o
 .text.LL_APB2_GRP1_EnableClock
                0x0000000008002456       0x32 ./Application/User/Core/usart.o
 .text.MX_USART1_UART_Init
                0x0000000008002488       0x98 ./Application/User/Core/usart.o
                0x0000000008002488                MX_USART1_UART_Init
 .text.HAL_UART_MspInit
                0x0000000008002520       0x9c ./Application/User/Core/usart.o
                0x0000000008002520                HAL_UART_MspInit
 .text.data_initializers
                0x00000000080025bc       0x18 ./Application/User/Startup/startup_stm32wb50cgux.o
 .text.Reset_Handler
                0x00000000080025d4       0x54 ./Application/User/Startup/startup_stm32wb50cgux.o
                0x00000000080025d4                Reset_Handler
 .text.Default_Handler
                0x0000000008002628        0x2 ./Application/User/Startup/startup_stm32wb50cgux.o
                0x0000000008002628                RTC_Alarm_IRQHandler
                0x0000000008002628                EXTI2_IRQHandler
                0x0000000008002628                TIM1_CC_IRQHandler
                0x0000000008002628                TSC_IRQHandler
                0x0000000008002628                EXTI3_IRQHandler
                0x0000000008002628                LPTIM2_IRQHandler
                0x0000000008002628                EXTI0_IRQHandler
                0x0000000008002628                FPU_IRQHandler
                0x0000000008002628                TIM1_UP_TIM16_IRQHandler
                0x0000000008002628                SPI1_IRQHandler
                0x0000000008002628                PWR_SOTF_BLEACT_802ACT_RFPHASE_IRQHandler
                0x0000000008002628                DMA1_Channel4_IRQHandler
                0x0000000008002628                ADC1_IRQHandler
                0x0000000008002628                PKA_IRQHandler
                0x0000000008002628                DMA1_Channel7_IRQHandler
                0x0000000008002628                I2C1_EV_IRQHandler
                0x0000000008002628                DMAMUX1_OVR_IRQHandler
                0x0000000008002628                DMA1_Channel6_IRQHandler
                0x0000000008002628                RCC_IRQHandler
                0x0000000008002628                Default_Handler
                0x0000000008002628                EXTI15_10_IRQHandler
                0x0000000008002628                C2SEV_PWR_C2H_IRQHandler
                0x0000000008002628                AES2_IRQHandler
                0x0000000008002628                EXTI9_5_IRQHandler
                0x0000000008002628                RTC_WKUP_IRQHandler
                0x0000000008002628                PVD_PVM_IRQHandler
                0x0000000008002628                DMA1_Channel5_IRQHandler
                0x0000000008002628                EXTI4_IRQHandler
                0x0000000008002628                RNG_IRQHandler
                0x0000000008002628                TIM1_TRG_COM_TIM17_IRQHandler
                0x0000000008002628                TAMP_STAMP_LSECSS_IRQHandler
                0x0000000008002628                DMA1_Channel3_IRQHandler
                0x0000000008002628                HSEM_IRQHandler
                0x0000000008002628                WWDG_IRQHandler
                0x0000000008002628                TIM1_BRK_IRQHandler
                0x0000000008002628                EXTI1_IRQHandler
                0x0000000008002628                DMA1_Channel2_IRQHandler
                0x0000000008002628                FLASH_IRQHandler
                0x0000000008002628                I2C1_ER_IRQHandler
                0x0000000008002628                LPTIM1_IRQHandler
 *fill*         0x000000000800262a        0x2 
 .text.SystemInit
                0x000000000800262c       0x9c ./Drivers/CMSIS/system_stm32wbxx.o
                0x000000000800262c                SystemInit
 .text.HAL_Init
                0x00000000080026c8       0x40 ./Drivers/STM32WBxx_HAL_Driver/stm32wbxx_hal.o
                0x00000000080026c8                HAL_Init
 .text.HAL_InitTick
                0x0000000008002708       0x74 ./Drivers/STM32WBxx_HAL_Driver/stm32wbxx_hal.o
                0x0000000008002708                HAL_InitTick
 .text.HAL_IncTick
                0x000000000800277c       0x28 ./Drivers/STM32WBxx_HAL_Driver/stm32wbxx_hal.o
                0x000000000800277c                HAL_IncTick
 .text.HAL_GetTick
                0x00000000080027a4       0x18 ./Drivers/STM32WBxx_HAL_Driver/stm32wbxx_hal.o
                0x00000000080027a4                HAL_GetTick
 .text.HAL_GetTickPrio
                0x00000000080027bc       0x18 ./Drivers/STM32WBxx_HAL_Driver/stm32wbxx_hal.o
                0x00000000080027bc                HAL_GetTickPrio
 .text.HAL_Delay
                0x00000000080027d4       0x48 ./Drivers/STM32WBxx_HAL_Driver/stm32wbxx_hal.o
                0x00000000080027d4                HAL_Delay
 .text.LL_ADC_SetCommonClock
                0x000000000800281c       0x26 ./Drivers/STM32WBxx_HAL_Driver/stm32wbxx_hal_adc.o
 .text.LL_ADC_SetCommonPathInternalCh
                0x0000000008002842       0x26 ./Drivers/STM32WBxx_HAL_Driver/stm32wbxx_hal_adc.o
 .text.LL_ADC_GetCommonPathInternalCh
                0x0000000008002868       0x1c ./Drivers/STM32WBxx_HAL_Driver/stm32wbxx_hal_adc.o
 .text.LL_ADC_SetOffset
                0x0000000008002884       0x48 ./Drivers/STM32WBxx_HAL_Driver/stm32wbxx_hal_adc.o
 .text.LL_ADC_GetOffsetChannel
                0x00000000080028cc       0x2c ./Drivers/STM32WBxx_HAL_Driver/stm32wbxx_hal_adc.o
 .text.LL_ADC_SetOffsetState
                0x00000000080028f8       0x36 ./Drivers/STM32WBxx_HAL_Driver/stm32wbxx_hal_adc.o
 .text.LL_ADC_REG_IsTriggerSourceSWStart
                0x000000000800292e       0x26 ./Drivers/STM32WBxx_HAL_Driver/stm32wbxx_hal_adc.o
 .text.LL_ADC_REG_SetSequencerRanks
                0x0000000008002954       0x58 ./Drivers/STM32WBxx_HAL_Driver/stm32wbxx_hal_adc.o
 .text.LL_ADC_SetChannelSamplingTime
                0x00000000080029ac       0x56 ./Drivers/STM32WBxx_HAL_Driver/stm32wbxx_hal_adc.o
 *fill*         0x0000000008002a02        0x2 
 .text.LL_ADC_SetChannelSingleDiff
                0x0000000008002a04       0x48 ./Drivers/STM32WBxx_HAL_Driver/stm32wbxx_hal_adc.o
 .text.LL_ADC_DisableDeepPowerDown
                0x0000000008002a4c       0x24 ./Drivers/STM32WBxx_HAL_Driver/stm32wbxx_hal_adc.o
 .text.LL_ADC_IsDeepPowerDownEnabled
                0x0000000008002a70       0x28 ./Drivers/STM32WBxx_HAL_Driver/stm32wbxx_hal_adc.o
 .text.LL_ADC_EnableInternalRegulator
                0x0000000008002a98       0x28 ./Drivers/STM32WBxx_HAL_Driver/stm32wbxx_hal_adc.o
 .text.LL_ADC_IsInternalRegulatorEnabled
                0x0000000008002ac0       0x28 ./Drivers/STM32WBxx_HAL_Driver/stm32wbxx_hal_adc.o
 .text.LL_ADC_Enable
                0x0000000008002ae8       0x28 ./Drivers/STM32WBxx_HAL_Driver/stm32wbxx_hal_adc.o
 .text.LL_ADC_Disable
                0x0000000008002b10       0x28 ./Drivers/STM32WBxx_HAL_Driver/stm32wbxx_hal_adc.o
 .text.LL_ADC_IsEnabled
                0x0000000008002b38       0x26 ./Drivers/STM32WBxx_HAL_Driver/stm32wbxx_hal_adc.o
 .text.LL_ADC_IsDisableOngoing
                0x0000000008002b5e       0x26 ./Drivers/STM32WBxx_HAL_Driver/stm32wbxx_hal_adc.o
 .text.LL_ADC_REG_StartConversion
                0x0000000008002b84       0x28 ./Drivers/STM32WBxx_HAL_Driver/stm32wbxx_hal_adc.o
 .text.LL_ADC_REG_StopConversion
                0x0000000008002bac       0x28 ./Drivers/STM32WBxx_HAL_Driver/stm32wbxx_hal_adc.o
 .text.LL_ADC_REG_IsConversionOngoing
                0x0000000008002bd4       0x26 ./Drivers/STM32WBxx_HAL_Driver/stm32wbxx_hal_adc.o
 .text.LL_ADC_INJ_StopConversion
                0x0000000008002bfa       0x28 ./Drivers/STM32WBxx_HAL_Driver/stm32wbxx_hal_adc.o
 .text.LL_ADC_INJ_IsConversionOngoing
                0x0000000008002c22       0x26 ./Drivers/STM32WBxx_HAL_Driver/stm32wbxx_hal_adc.o
 .text.HAL_ADC_Init
                0x0000000008002c48      0x298 ./Drivers/STM32WBxx_HAL_Driver/stm32wbxx_hal_adc.o
                0x0000000008002c48                HAL_ADC_Init
 .text.HAL_ADC_Start
                0x0000000008002ee0       0xa8 ./Drivers/STM32WBxx_HAL_Driver/stm32wbxx_hal_adc.o
                0x0000000008002ee0                HAL_ADC_Start
 .text.HAL_ADC_Stop
                0x0000000008002f88       0x66 ./Drivers/STM32WBxx_HAL_Driver/stm32wbxx_hal_adc.o
                0x0000000008002f88                HAL_ADC_Stop
 .text.HAL_ADC_PollForConversion
                0x0000000008002fee      0x11a ./Drivers/STM32WBxx_HAL_Driver/stm32wbxx_hal_adc.o
                0x0000000008002fee                HAL_ADC_PollForConversion
 .text.HAL_ADC_GetValue
                0x0000000008003108       0x1a ./Drivers/STM32WBxx_HAL_Driver/stm32wbxx_hal_adc.o
                0x0000000008003108                HAL_ADC_GetValue
 *fill*         0x0000000008003122        0x2 
 .text.HAL_ADC_ConfigChannel
                0x0000000008003124      0x78c ./Drivers/STM32WBxx_HAL_Driver/stm32wbxx_hal_adc.o
                0x0000000008003124                HAL_ADC_ConfigChannel
 .text.ADC_ConversionStop
                0x00000000080038b0      0x178 ./Drivers/STM32WBxx_HAL_Driver/stm32wbxx_hal_adc.o
                0x00000000080038b0                ADC_ConversionStop
 .text.ADC_Enable
                0x0000000008003a28       0xf4 ./Drivers/STM32WBxx_HAL_Driver/stm32wbxx_hal_adc.o
                0x0000000008003a28                ADC_Enable
 .text.ADC_Disable
                0x0000000008003b1c       0xbe ./Drivers/STM32WBxx_HAL_Driver/stm32wbxx_hal_adc.o
                0x0000000008003b1c                ADC_Disable
 *fill*         0x0000000008003bda        0x2 
 .text.__NVIC_SetPriorityGrouping
                0x0000000008003bdc       0x48 ./Drivers/STM32WBxx_HAL_Driver/stm32wbxx_hal_cortex.o
 .text.__NVIC_GetPriorityGrouping
                0x0000000008003c24       0x1c ./Drivers/STM32WBxx_HAL_Driver/stm32wbxx_hal_cortex.o
 .text.__NVIC_EnableIRQ
                0x0000000008003c40       0x3c ./Drivers/STM32WBxx_HAL_Driver/stm32wbxx_hal_cortex.o
 .text.__NVIC_SetPriority
                0x0000000008003c7c       0x54 ./Drivers/STM32WBxx_HAL_Driver/stm32wbxx_hal_cortex.o
 .text.NVIC_EncodePriority
                0x0000000008003cd0       0x66 ./Drivers/STM32WBxx_HAL_Driver/stm32wbxx_hal_cortex.o
 *fill*         0x0000000008003d36        0x2 
 .text.SysTick_Config
                0x0000000008003d38       0x44 ./Drivers/STM32WBxx_HAL_Driver/stm32wbxx_hal_cortex.o
 .text.HAL_NVIC_SetPriorityGrouping
                0x0000000008003d7c       0x16 ./Drivers/STM32WBxx_HAL_Driver/stm32wbxx_hal_cortex.o
                0x0000000008003d7c                HAL_NVIC_SetPriorityGrouping
 .text.HAL_NVIC_SetPriority
                0x0000000008003d92       0x34 ./Drivers/STM32WBxx_HAL_Driver/stm32wbxx_hal_cortex.o
                0x0000000008003d92                HAL_NVIC_SetPriority
 .text.HAL_NVIC_EnableIRQ
                0x0000000008003dc6       0x1c ./Drivers/STM32WBxx_HAL_Driver/stm32wbxx_hal_cortex.o
                0x0000000008003dc6                HAL_NVIC_EnableIRQ
 .text.HAL_SYSTICK_Config
                0x0000000008003de2       0x18 ./Drivers/STM32WBxx_HAL_Driver/stm32wbxx_hal_cortex.o
                0x0000000008003de2                HAL_SYSTICK_Config
 *fill*         0x0000000008003dfa        0x2 
 .text.HAL_DMA_Init
                0x0000000008003dfc      0x118 ./Drivers/STM32WBxx_HAL_Driver/stm32wbxx_hal_dma.o
                0x0000000008003dfc                HAL_DMA_Init
 .text.HAL_DMA_Start_IT
                0x0000000008003f14       0xf6 ./Drivers/STM32WBxx_HAL_Driver/stm32wbxx_hal_dma.o
                0x0000000008003f14                HAL_DMA_Start_IT
 .text.HAL_DMA_Abort
                0x000000000800400a       0xbe ./Drivers/STM32WBxx_HAL_Driver/stm32wbxx_hal_dma.o
                0x000000000800400a                HAL_DMA_Abort
 .text.HAL_DMA_Abort_IT
                0x00000000080040c8       0xbe ./Drivers/STM32WBxx_HAL_Driver/stm32wbxx_hal_dma.o
                0x00000000080040c8                HAL_DMA_Abort_IT
 .text.HAL_DMA_IRQHandler
                0x0000000008004186      0x15e ./Drivers/STM32WBxx_HAL_Driver/stm32wbxx_hal_dma.o
                0x0000000008004186                HAL_DMA_IRQHandler
 .text.DMA_SetConfig
                0x00000000080042e4       0x7c ./Drivers/STM32WBxx_HAL_Driver/stm32wbxx_hal_dma.o
 .text.DMA_CalcDMAMUXChannelBaseAndMask
                0x0000000008004360       0x58 ./Drivers/STM32WBxx_HAL_Driver/stm32wbxx_hal_dma.o
 .text.DMA_CalcDMAMUXRequestGenBaseAndMask
                0x00000000080043b8       0x4c ./Drivers/STM32WBxx_HAL_Driver/stm32wbxx_hal_dma.o
 .text.HAL_GPIO_Init
                0x0000000008004404      0x2d0 ./Drivers/STM32WBxx_HAL_Driver/stm32wbxx_hal_gpio.o
                0x0000000008004404                HAL_GPIO_Init
 .text.HAL_GPIO_ReadPin
                0x00000000080046d4       0x30 ./Drivers/STM32WBxx_HAL_Driver/stm32wbxx_hal_gpio.o
                0x00000000080046d4                HAL_GPIO_ReadPin
 .text.HAL_GPIO_WritePin
                0x0000000008004704       0x30 ./Drivers/STM32WBxx_HAL_Driver/stm32wbxx_hal_gpio.o
                0x0000000008004704                HAL_GPIO_WritePin
 .text.HAL_GPIO_TogglePin
                0x0000000008004734       0x34 ./Drivers/STM32WBxx_HAL_Driver/stm32wbxx_hal_gpio.o
                0x0000000008004734                HAL_GPIO_TogglePin
 .text.HAL_IPCC_Init
                0x0000000008004768       0x64 ./Drivers/STM32WBxx_HAL_Driver/stm32wbxx_hal_ipcc.o
                0x0000000008004768                HAL_IPCC_Init
 .text.HAL_IPCC_TX_IRQHandler
                0x00000000080047cc       0x9c ./Drivers/STM32WBxx_HAL_Driver/stm32wbxx_hal_ipcc.o
                0x00000000080047cc                HAL_IPCC_TX_IRQHandler
 .text.HAL_IPCC_RX_IRQHandler
                0x0000000008004868       0x98 ./Drivers/STM32WBxx_HAL_Driver/stm32wbxx_hal_ipcc.o
                0x0000000008004868                HAL_IPCC_RX_IRQHandler
 .text.HAL_IPCC_RxCallback
                0x0000000008004900       0x1a ./Drivers/STM32WBxx_HAL_Driver/stm32wbxx_hal_ipcc.o
                0x0000000008004900                HAL_IPCC_RxCallback
 .text.HAL_IPCC_TxCallback
                0x000000000800491a       0x1a ./Drivers/STM32WBxx_HAL_Driver/stm32wbxx_hal_ipcc.o
                0x000000000800491a                HAL_IPCC_TxCallback
 .text.IPCC_SetDefaultCallbacks
                0x0000000008004934       0x4c ./Drivers/STM32WBxx_HAL_Driver/stm32wbxx_hal_ipcc.o
                0x0000000008004934                IPCC_SetDefaultCallbacks
 .text.IPCC_Reset_Register
                0x0000000008004980       0x28 ./Drivers/STM32WBxx_HAL_Driver/stm32wbxx_hal_ipcc.o
                0x0000000008004980                IPCC_Reset_Register
 .text.HAL_PWR_EnableBkUpAccess
                0x00000000080049a8       0x20 ./Drivers/STM32WBxx_HAL_Driver/stm32wbxx_hal_pwr.o
                0x00000000080049a8                HAL_PWR_EnableBkUpAccess
 .text.LL_RCC_HSE_IsEnabledDiv2
                0x00000000080049c8       0x24 ./Drivers/STM32WBxx_HAL_Driver/stm32wbxx_hal_rcc.o
 .text.LL_RCC_HSE_Enable
                0x00000000080049ec       0x1e ./Drivers/STM32WBxx_HAL_Driver/stm32wbxx_hal_rcc.o
 .text.LL_RCC_HSE_Disable
                0x0000000008004a0a       0x1e ./Drivers/STM32WBxx_HAL_Driver/stm32wbxx_hal_rcc.o
 .text.LL_RCC_HSE_IsReady
                0x0000000008004a28       0x24 ./Drivers/STM32WBxx_HAL_Driver/stm32wbxx_hal_rcc.o
 .text.LL_RCC_HSI_Enable
                0x0000000008004a4c       0x1e ./Drivers/STM32WBxx_HAL_Driver/stm32wbxx_hal_rcc.o
 .text.LL_RCC_HSI_Disable
                0x0000000008004a6a       0x1e ./Drivers/STM32WBxx_HAL_Driver/stm32wbxx_hal_rcc.o
 .text.LL_RCC_HSI_IsReady
                0x0000000008004a88       0x24 ./Drivers/STM32WBxx_HAL_Driver/stm32wbxx_hal_rcc.o
 .text.LL_RCC_HSI_SetCalibTrimming
                0x0000000008004aac       0x2a ./Drivers/STM32WBxx_HAL_Driver/stm32wbxx_hal_rcc.o
 .text.LL_RCC_HSI48_Enable
                0x0000000008004ad6       0x22 ./Drivers/STM32WBxx_HAL_Driver/stm32wbxx_hal_rcc.o
 .text.LL_RCC_HSI48_Disable
                0x0000000008004af8       0x22 ./Drivers/STM32WBxx_HAL_Driver/stm32wbxx_hal_rcc.o
 .text.LL_RCC_HSI48_IsReady
                0x0000000008004b1a       0x24 ./Drivers/STM32WBxx_HAL_Driver/stm32wbxx_hal_rcc.o
 .text.LL_RCC_LSE_Enable
                0x0000000008004b3e       0x22 ./Drivers/STM32WBxx_HAL_Driver/stm32wbxx_hal_rcc.o
 .text.LL_RCC_LSE_Disable
                0x0000000008004b60       0x22 ./Drivers/STM32WBxx_HAL_Driver/stm32wbxx_hal_rcc.o
 .text.LL_RCC_LSE_EnableBypass
                0x0000000008004b82       0x22 ./Drivers/STM32WBxx_HAL_Driver/stm32wbxx_hal_rcc.o
 .text.LL_RCC_LSE_DisableBypass
                0x0000000008004ba4       0x22 ./Drivers/STM32WBxx_HAL_Driver/stm32wbxx_hal_rcc.o
 .text.LL_RCC_LSE_IsReady
                0x0000000008004bc6       0x24 ./Drivers/STM32WBxx_HAL_Driver/stm32wbxx_hal_rcc.o
 .text.LL_RCC_LSI1_Enable
                0x0000000008004bea       0x22 ./Drivers/STM32WBxx_HAL_Driver/stm32wbxx_hal_rcc.o
 .text.LL_RCC_LSI1_Disable
                0x0000000008004c0c       0x22 ./Drivers/STM32WBxx_HAL_Driver/stm32wbxx_hal_rcc.o
 .text.LL_RCC_LSI1_IsReady
                0x0000000008004c2e       0x24 ./Drivers/STM32WBxx_HAL_Driver/stm32wbxx_hal_rcc.o
 .text.LL_RCC_LSI2_Enable
                0x0000000008004c52       0x22 ./Drivers/STM32WBxx_HAL_Driver/stm32wbxx_hal_rcc.o
 .text.LL_RCC_LSI2_Disable
                0x0000000008004c74       0x22 ./Drivers/STM32WBxx_HAL_Driver/stm32wbxx_hal_rcc.o
 .text.LL_RCC_LSI2_IsReady
                0x0000000008004c96       0x24 ./Drivers/STM32WBxx_HAL_Driver/stm32wbxx_hal_rcc.o
 .text.LL_RCC_LSI2_SetTrimming
                0x0000000008004cba       0x2e ./Drivers/STM32WBxx_HAL_Driver/stm32wbxx_hal_rcc.o
 .text.LL_RCC_MSI_Enable
                0x0000000008004ce8       0x1e ./Drivers/STM32WBxx_HAL_Driver/stm32wbxx_hal_rcc.o
 .text.LL_RCC_MSI_Disable
                0x0000000008004d06       0x1e ./Drivers/STM32WBxx_HAL_Driver/stm32wbxx_hal_rcc.o
 .text.LL_RCC_MSI_IsReady
                0x0000000008004d24       0x22 ./Drivers/STM32WBxx_HAL_Driver/stm32wbxx_hal_rcc.o
 .text.LL_RCC_MSI_SetRange
                0x0000000008004d46       0x28 ./Drivers/STM32WBxx_HAL_Driver/stm32wbxx_hal_rcc.o
 .text.LL_RCC_MSI_GetRange
                0x0000000008004d6e       0x2a ./Drivers/STM32WBxx_HAL_Driver/stm32wbxx_hal_rcc.o
 .text.LL_RCC_MSI_SetCalibTrimming
                0x0000000008004d98       0x2a ./Drivers/STM32WBxx_HAL_Driver/stm32wbxx_hal_rcc.o
 .text.LL_RCC_SetSysClkSource
                0x0000000008004dc2       0x28 ./Drivers/STM32WBxx_HAL_Driver/stm32wbxx_hal_rcc.o
 .text.LL_RCC_GetSysClkSource
                0x0000000008004dea       0x18 ./Drivers/STM32WBxx_HAL_Driver/stm32wbxx_hal_rcc.o
 .text.LL_RCC_SetAHBPrescaler
                0x0000000008004e02       0x28 ./Drivers/STM32WBxx_HAL_Driver/stm32wbxx_hal_rcc.o
 .text.LL_C2_RCC_SetAHBPrescaler
                0x0000000008004e2a       0x2c ./Drivers/STM32WBxx_HAL_Driver/stm32wbxx_hal_rcc.o
 .text.LL_RCC_SetAHB4Prescaler
                0x0000000008004e56       0x2e ./Drivers/STM32WBxx_HAL_Driver/stm32wbxx_hal_rcc.o
 .text.LL_RCC_SetAPB1Prescaler
                0x0000000008004e84       0x28 ./Drivers/STM32WBxx_HAL_Driver/stm32wbxx_hal_rcc.o
 .text.LL_RCC_SetAPB2Prescaler
                0x0000000008004eac       0x28 ./Drivers/STM32WBxx_HAL_Driver/stm32wbxx_hal_rcc.o
 .text.LL_RCC_GetAHBPrescaler
                0x0000000008004ed4       0x18 ./Drivers/STM32WBxx_HAL_Driver/stm32wbxx_hal_rcc.o
 .text.LL_RCC_GetAHB4Prescaler
                0x0000000008004eec       0x1c ./Drivers/STM32WBxx_HAL_Driver/stm32wbxx_hal_rcc.o
 .text.LL_RCC_GetAPB2Prescaler
                0x0000000008004f08       0x18 ./Drivers/STM32WBxx_HAL_Driver/stm32wbxx_hal_rcc.o
 .text.LL_RCC_PLL_Enable
                0x0000000008004f20       0x1e ./Drivers/STM32WBxx_HAL_Driver/stm32wbxx_hal_rcc.o
 .text.LL_RCC_PLL_Disable
                0x0000000008004f3e       0x1e ./Drivers/STM32WBxx_HAL_Driver/stm32wbxx_hal_rcc.o
 .text.LL_RCC_PLL_IsReady
                0x0000000008004f5c       0x24 ./Drivers/STM32WBxx_HAL_Driver/stm32wbxx_hal_rcc.o
 .text.LL_RCC_PLL_GetN
                0x0000000008004f80       0x1a ./Drivers/STM32WBxx_HAL_Driver/stm32wbxx_hal_rcc.o
 .text.LL_RCC_PLL_GetR
                0x0000000008004f9a       0x18 ./Drivers/STM32WBxx_HAL_Driver/stm32wbxx_hal_rcc.o
 .text.LL_RCC_PLL_GetDivider
                0x0000000008004fb2       0x18 ./Drivers/STM32WBxx_HAL_Driver/stm32wbxx_hal_rcc.o
 .text.LL_RCC_PLL_GetMainSource
                0x0000000008004fca       0x18 ./Drivers/STM32WBxx_HAL_Driver/stm32wbxx_hal_rcc.o
 .text.LL_RCC_IsActiveFlag_HPRE
                0x0000000008004fe2       0x24 ./Drivers/STM32WBxx_HAL_Driver/stm32wbxx_hal_rcc.o
 .text.LL_RCC_IsActiveFlag_C2HPRE
                0x0000000008005006       0x26 ./Drivers/STM32WBxx_HAL_Driver/stm32wbxx_hal_rcc.o
 .text.LL_RCC_IsActiveFlag_SHDHPRE
                0x000000000800502c       0x26 ./Drivers/STM32WBxx_HAL_Driver/stm32wbxx_hal_rcc.o
 .text.LL_RCC_IsActiveFlag_PPRE1
                0x0000000008005052       0x24 ./Drivers/STM32WBxx_HAL_Driver/stm32wbxx_hal_rcc.o
 .text.LL_RCC_IsActiveFlag_PPRE2
                0x0000000008005076       0x24 ./Drivers/STM32WBxx_HAL_Driver/stm32wbxx_hal_rcc.o
 *fill*         0x000000000800509a        0x2 
 .text.HAL_RCC_OscConfig
                0x000000000800509c      0x6d4 ./Drivers/STM32WBxx_HAL_Driver/stm32wbxx_hal_rcc.o
                0x000000000800509c                HAL_RCC_OscConfig
 .text.HAL_RCC_ClockConfig
                0x0000000008005770      0x280 ./Drivers/STM32WBxx_HAL_Driver/stm32wbxx_hal_rcc.o
                0x0000000008005770                HAL_RCC_ClockConfig
 .text.HAL_RCC_GetSysClockFreq
                0x00000000080059f0       0xd8 ./Drivers/STM32WBxx_HAL_Driver/stm32wbxx_hal_rcc.o
                0x00000000080059f0                HAL_RCC_GetSysClockFreq
 .text.HAL_RCC_GetHCLKFreq
                0x0000000008005ac8       0x28 ./Drivers/STM32WBxx_HAL_Driver/stm32wbxx_hal_rcc.o
                0x0000000008005ac8                HAL_RCC_GetHCLKFreq
 .text.HAL_RCC_GetPCLK2Freq
                0x0000000008005af0       0x2c ./Drivers/STM32WBxx_HAL_Driver/stm32wbxx_hal_rcc.o
                0x0000000008005af0                HAL_RCC_GetPCLK2Freq
 .text.RCC_SetFlashLatencyFromMSIRange
                0x0000000008005b1c       0x6c ./Drivers/STM32WBxx_HAL_Driver/stm32wbxx_hal_rcc.o
 .text.RCC_SetFlashLatency
                0x0000000008005b88       0xa8 ./Drivers/STM32WBxx_HAL_Driver/stm32wbxx_hal_rcc.o
 .text.LL_RCC_LSE_IsEnabled
                0x0000000008005c30       0x24 ./Drivers/STM32WBxx_HAL_Driver/stm32wbxx_hal_rcc_ex.o
 .text.LL_RCC_LSE_IsReady
                0x0000000008005c54       0x24 ./Drivers/STM32WBxx_HAL_Driver/stm32wbxx_hal_rcc_ex.o
 .text.LL_RCC_SetRFWKPClockSource
                0x0000000008005c78       0x2c ./Drivers/STM32WBxx_HAL_Driver/stm32wbxx_hal_rcc_ex.o
 .text.LL_RCC_SetUSARTClockSource
                0x0000000008005ca4       0x2c ./Drivers/STM32WBxx_HAL_Driver/stm32wbxx_hal_rcc_ex.o
 .text.LL_RCC_SetI2CClockSource
                0x0000000008005cd0       0x3a ./Drivers/STM32WBxx_HAL_Driver/stm32wbxx_hal_rcc_ex.o
 .text.LL_RCC_SetLPTIMClockSource
                0x0000000008005d0a       0x34 ./Drivers/STM32WBxx_HAL_Driver/stm32wbxx_hal_rcc_ex.o
 .text.LL_RCC_SetRNGClockSource
                0x0000000008005d3e       0x2c ./Drivers/STM32WBxx_HAL_Driver/stm32wbxx_hal_rcc_ex.o
 .text.LL_RCC_SetCLK48ClockSource
                0x0000000008005d6a       0x2c ./Drivers/STM32WBxx_HAL_Driver/stm32wbxx_hal_rcc_ex.o
 .text.LL_RCC_SetADCClockSource
                0x0000000008005d96       0x2c ./Drivers/STM32WBxx_HAL_Driver/stm32wbxx_hal_rcc_ex.o
 .text.LL_RCC_SetRTCClockSource
                0x0000000008005dc2       0x2c ./Drivers/STM32WBxx_HAL_Driver/stm32wbxx_hal_rcc_ex.o
 .text.LL_RCC_GetRTCClockSource
                0x0000000008005dee       0x1a ./Drivers/STM32WBxx_HAL_Driver/stm32wbxx_hal_rcc_ex.o
 .text.LL_RCC_ForceBackupDomainReset
                0x0000000008005e08       0x22 ./Drivers/STM32WBxx_HAL_Driver/stm32wbxx_hal_rcc_ex.o
 .text.LL_RCC_ReleaseBackupDomainReset
                0x0000000008005e2a       0x22 ./Drivers/STM32WBxx_HAL_Driver/stm32wbxx_hal_rcc_ex.o
 .text.HAL_RCCEx_PeriphCLKConfig
                0x0000000008005e4c      0x1b6 ./Drivers/STM32WBxx_HAL_Driver/stm32wbxx_hal_rcc_ex.o
                0x0000000008005e4c                HAL_RCCEx_PeriphCLKConfig
 .text.HAL_SPI_Init
                0x0000000008006002      0x146 ./Drivers/STM32WBxx_HAL_Driver/stm32wbxx_hal_spi.o
                0x0000000008006002                HAL_SPI_Init
 .text.HAL_SPI_Transmit_DMA
                0x0000000008006148      0x1e8 ./Drivers/STM32WBxx_HAL_Driver/stm32wbxx_hal_spi.o
                0x0000000008006148                HAL_SPI_Transmit_DMA
 .text.HAL_SPI_TxCpltCallback
                0x0000000008006330       0x14 ./Drivers/STM32WBxx_HAL_Driver/stm32wbxx_hal_spi.o
                0x0000000008006330                HAL_SPI_TxCpltCallback
 .text.HAL_SPI_TxHalfCpltCallback
                0x0000000008006344       0x14 ./Drivers/STM32WBxx_HAL_Driver/stm32wbxx_hal_spi.o
                0x0000000008006344                HAL_SPI_TxHalfCpltCallback
 .text.HAL_SPI_ErrorCallback
                0x0000000008006358       0x14 ./Drivers/STM32WBxx_HAL_Driver/stm32wbxx_hal_spi.o
                0x0000000008006358                HAL_SPI_ErrorCallback
 .text.SPI_DMATransmitCplt
                0x000000000800636c       0xa6 ./Drivers/STM32WBxx_HAL_Driver/stm32wbxx_hal_spi.o
 .text.SPI_DMAHalfTransmitCplt
                0x0000000008006412       0x1c ./Drivers/STM32WBxx_HAL_Driver/stm32wbxx_hal_spi.o
 .text.SPI_DMAError
                0x000000000800642e       0x40 ./Drivers/STM32WBxx_HAL_Driver/stm32wbxx_hal_spi.o
 *fill*         0x000000000800646e        0x2 
 .text.SPI_WaitFlagStateUntilTimeout
                0x0000000008006470      0x110 ./Drivers/STM32WBxx_HAL_Driver/stm32wbxx_hal_spi.o
 .text.SPI_WaitFifoStateUntilTimeout
                0x0000000008006580      0x12c ./Drivers/STM32WBxx_HAL_Driver/stm32wbxx_hal_spi.o
 .text.SPI_EndRxTxTransaction
                0x00000000080066ac       0x8c ./Drivers/STM32WBxx_HAL_Driver/stm32wbxx_hal_spi.o
 .text.HAL_TIM_Base_Init
                0x0000000008006738       0xae ./Drivers/STM32WBxx_HAL_Driver/stm32wbxx_hal_tim.o
                0x0000000008006738                HAL_TIM_Base_Init
 .text.HAL_TIM_IRQHandler
                0x00000000080067e6      0x23e ./Drivers/STM32WBxx_HAL_Driver/stm32wbxx_hal_tim.o
                0x00000000080067e6                HAL_TIM_IRQHandler
 .text.HAL_TIM_ConfigClockSource
                0x0000000008006a24      0x192 ./Drivers/STM32WBxx_HAL_Driver/stm32wbxx_hal_tim.o
                0x0000000008006a24                HAL_TIM_ConfigClockSource
 .text.HAL_TIM_OC_DelayElapsedCallback
                0x0000000008006bb6       0x14 ./Drivers/STM32WBxx_HAL_Driver/stm32wbxx_hal_tim.o
                0x0000000008006bb6                HAL_TIM_OC_DelayElapsedCallback
 .text.HAL_TIM_IC_CaptureCallback
                0x0000000008006bca       0x14 ./Drivers/STM32WBxx_HAL_Driver/stm32wbxx_hal_tim.o
                0x0000000008006bca                HAL_TIM_IC_CaptureCallback
 .text.HAL_TIM_PWM_PulseFinishedCallback
                0x0000000008006bde       0x14 ./Drivers/STM32WBxx_HAL_Driver/stm32wbxx_hal_tim.o
                0x0000000008006bde                HAL_TIM_PWM_PulseFinishedCallback
 .text.HAL_TIM_TriggerCallback
                0x0000000008006bf2       0x14 ./Drivers/STM32WBxx_HAL_Driver/stm32wbxx_hal_tim.o
                0x0000000008006bf2                HAL_TIM_TriggerCallback
 *fill*         0x0000000008006c06        0x2 
 .text.TIM_Base_SetConfig
                0x0000000008006c08       0xc8 ./Drivers/STM32WBxx_HAL_Driver/stm32wbxx_hal_tim.o
                0x0000000008006c08                TIM_Base_SetConfig
 .text.TIM_TI1_ConfigInputStage
                0x0000000008006cd0       0x5e ./Drivers/STM32WBxx_HAL_Driver/stm32wbxx_hal_tim.o
 .text.TIM_TI2_ConfigInputStage
                0x0000000008006d2e       0x60 ./Drivers/STM32WBxx_HAL_Driver/stm32wbxx_hal_tim.o
 .text.TIM_ITRx_SetConfig
                0x0000000008006d8e       0x3a ./Drivers/STM32WBxx_HAL_Driver/stm32wbxx_hal_tim.o
 .text.TIM_ETR_SetConfig
                0x0000000008006dc8       0x40 ./Drivers/STM32WBxx_HAL_Driver/stm32wbxx_hal_tim.o
                0x0000000008006dc8                TIM_ETR_SetConfig
 .text.HAL_TIMEx_MasterConfigSynchronization
                0x0000000008006e08       0xc0 ./Drivers/STM32WBxx_HAL_Driver/stm32wbxx_hal_tim_ex.o
                0x0000000008006e08                HAL_TIMEx_MasterConfigSynchronization
 .text.HAL_TIMEx_CommutCallback
                0x0000000008006ec8       0x14 ./Drivers/STM32WBxx_HAL_Driver/stm32wbxx_hal_tim_ex.o
                0x0000000008006ec8                HAL_TIMEx_CommutCallback
 .text.HAL_TIMEx_BreakCallback
                0x0000000008006edc       0x14 ./Drivers/STM32WBxx_HAL_Driver/stm32wbxx_hal_tim_ex.o
                0x0000000008006edc                HAL_TIMEx_BreakCallback
 .text.HAL_TIMEx_Break2Callback
                0x0000000008006ef0       0x14 ./Drivers/STM32WBxx_HAL_Driver/stm32wbxx_hal_tim_ex.o
                0x0000000008006ef0                HAL_TIMEx_Break2Callback
 .text.LL_RCC_GetUSARTClockSource
                0x0000000008006f04       0x20 ./Drivers/STM32WBxx_HAL_Driver/stm32wbxx_hal_uart.o
 .text.HAL_UART_Init
                0x0000000008006f24       0xa0 ./Drivers/STM32WBxx_HAL_Driver/stm32wbxx_hal_uart.o
                0x0000000008006f24                HAL_UART_Init
 .text.HAL_UART_Transmit
                0x0000000008006fc4      0x11c ./Drivers/STM32WBxx_HAL_Driver/stm32wbxx_hal_uart.o
                0x0000000008006fc4                HAL_UART_Transmit
 .text.HAL_UART_Transmit_IT
                0x00000000080070e0      0x128 ./Drivers/STM32WBxx_HAL_Driver/stm32wbxx_hal_uart.o
                0x00000000080070e0                HAL_UART_Transmit_IT
 .text.HAL_UART_IRQHandler
                0x0000000008007208      0x648 ./Drivers/STM32WBxx_HAL_Driver/stm32wbxx_hal_uart.o
                0x0000000008007208                HAL_UART_IRQHandler
 .text.HAL_UART_TxCpltCallback
                0x0000000008007850       0x14 ./Drivers/STM32WBxx_HAL_Driver/stm32wbxx_hal_uart.o
                0x0000000008007850                HAL_UART_TxCpltCallback
 .text.HAL_UART_RxCpltCallback
                0x0000000008007864       0x14 ./Drivers/STM32WBxx_HAL_Driver/stm32wbxx_hal_uart.o
                0x0000000008007864                HAL_UART_RxCpltCallback
 .text.HAL_UART_ErrorCallback
                0x0000000008007878       0x14 ./Drivers/STM32WBxx_HAL_Driver/stm32wbxx_hal_uart.o
                0x0000000008007878                HAL_UART_ErrorCallback
 .text.UART_SetConfig
                0x000000000800788c      0x278 ./Drivers/STM32WBxx_HAL_Driver/stm32wbxx_hal_uart.o
                0x000000000800788c                UART_SetConfig
 .text.UART_AdvFeatureConfig
                0x0000000008007b04      0x144 ./Drivers/STM32WBxx_HAL_Driver/stm32wbxx_hal_uart.o
                0x0000000008007b04                UART_AdvFeatureConfig
 .text.UART_CheckIdleState
                0x0000000008007c48      0x154 ./Drivers/STM32WBxx_HAL_Driver/stm32wbxx_hal_uart.o
                0x0000000008007c48                UART_CheckIdleState
 .text.UART_WaitOnFlagUntilTimeout
                0x0000000008007d9c       0xce ./Drivers/STM32WBxx_HAL_Driver/stm32wbxx_hal_uart.o
                0x0000000008007d9c                UART_WaitOnFlagUntilTimeout
 *fill*         0x0000000008007e6a        0x2 
 .text.UART_Start_Receive_IT
                0x0000000008007e6c      0x244 ./Drivers/STM32WBxx_HAL_Driver/stm32wbxx_hal_uart.o
                0x0000000008007e6c                UART_Start_Receive_IT
 .text.UART_EndRxTransfer
                0x00000000080080b0       0xcc ./Drivers/STM32WBxx_HAL_Driver/stm32wbxx_hal_uart.o
 .text.UART_DMAAbortOnError
                0x000000000800817c       0x2c ./Drivers/STM32WBxx_HAL_Driver/stm32wbxx_hal_uart.o
 .text.UART_TxISR_8BIT
                0x00000000080081a8       0xb8 ./Drivers/STM32WBxx_HAL_Driver/stm32wbxx_hal_uart.o
 .text.UART_TxISR_16BIT
                0x0000000008008260       0xc2 ./Drivers/STM32WBxx_HAL_Driver/stm32wbxx_hal_uart.o
 .text.UART_TxISR_8BIT_FIFOEN
                0x0000000008008322       0xe0 ./Drivers/STM32WBxx_HAL_Driver/stm32wbxx_hal_uart.o
 .text.UART_TxISR_16BIT_FIFOEN
                0x0000000008008402       0xea ./Drivers/STM32WBxx_HAL_Driver/stm32wbxx_hal_uart.o
 .text.UART_EndTransmit_IT
                0x00000000080084ec       0x56 ./Drivers/STM32WBxx_HAL_Driver/stm32wbxx_hal_uart.o
 .text.UART_RxISR_8BIT
                0x0000000008008542      0x1a8 ./Drivers/STM32WBxx_HAL_Driver/stm32wbxx_hal_uart.o
 .text.UART_RxISR_16BIT
                0x00000000080086ea      0x1a8 ./Drivers/STM32WBxx_HAL_Driver/stm32wbxx_hal_uart.o
 *fill*         0x0000000008008892        0x2 
 .text.UART_RxISR_8BIT_FIFOEN
                0x0000000008008894      0x354 ./Drivers/STM32WBxx_HAL_Driver/stm32wbxx_hal_uart.o
 .text.UART_RxISR_16BIT_FIFOEN
                0x0000000008008be8      0x35c ./Drivers/STM32WBxx_HAL_Driver/stm32wbxx_hal_uart.o
 .text.HAL_UARTEx_WakeupCallback
                0x0000000008008f44       0x14 ./Drivers/STM32WBxx_HAL_Driver/stm32wbxx_hal_uart_ex.o
                0x0000000008008f44                HAL_UARTEx_WakeupCallback
 .text.HAL_UARTEx_RxFifoFullCallback
                0x0000000008008f58       0x14 ./Drivers/STM32WBxx_HAL_Driver/stm32wbxx_hal_uart_ex.o
                0x0000000008008f58                HAL_UARTEx_RxFifoFullCallback
 .text.HAL_UARTEx_TxFifoEmptyCallback
                0x0000000008008f6c       0x14 ./Drivers/STM32WBxx_HAL_Driver/stm32wbxx_hal_uart_ex.o
                0x0000000008008f6c                HAL_UARTEx_TxFifoEmptyCallback
 .text.HAL_UARTEx_DisableFifoMode
                0x0000000008008f80       0x72 ./Drivers/STM32WBxx_HAL_Driver/stm32wbxx_hal_uart_ex.o
                0x0000000008008f80                HAL_UARTEx_DisableFifoMode
 .text.HAL_UARTEx_SetTxFifoThreshold
                0x0000000008008ff2       0x7c ./Drivers/STM32WBxx_HAL_Driver/stm32wbxx_hal_uart_ex.o
                0x0000000008008ff2                HAL_UARTEx_SetTxFifoThreshold
 .text.HAL_UARTEx_SetRxFifoThreshold
                0x000000000800906e       0x7c ./Drivers/STM32WBxx_HAL_Driver/stm32wbxx_hal_uart_ex.o
                0x000000000800906e                HAL_UARTEx_SetRxFifoThreshold
 .text.HAL_UARTEx_ReceiveToIdle_IT
                0x00000000080090ea       0xa8 ./Drivers/STM32WBxx_HAL_Driver/stm32wbxx_hal_uart_ex.o
                0x00000000080090ea                HAL_UARTEx_ReceiveToIdle_IT
 *fill*         0x0000000008009192        0x2 
 .text.UARTEx_SetNbDataToProcess
                0x0000000008009194       0x9c ./Drivers/STM32WBxx_HAL_Driver/stm32wbxx_hal_uart_ex.o
 .text.atoi     0x0000000008009230        0x8 c:/st/stm32cubeide_1.12.0/stm32cubeide/plugins/com.st.stm32cube.ide.mcu.externaltools.gnu-tools-for-stm32.10.3-2021.10.win32_1.0.200.202301161003/tools/bin/../lib/gcc/arm-none-eabi/10.3.1/../../../../arm-none-eabi/lib/thumb/v7e-m+fp/hard\libc_nano.a(lib_a-atoi.o)
                0x0000000008009230                atoi
 .text.__errno  0x0000000008009238        0xc c:/st/stm32cubeide_1.12.0/stm32cubeide/plugins/com.st.stm32cube.ide.mcu.externaltools.gnu-tools-for-stm32.10.3-2021.10.win32_1.0.200.202301161003/tools/bin/../lib/gcc/arm-none-eabi/10.3.1/../../../../arm-none-eabi/lib/thumb/v7e-m+fp/hard\libc_nano.a(lib_a-errno.o)
                0x0000000008009238                __errno
 .text.__libc_init_array
                0x0000000008009244       0x48 c:/st/stm32cubeide_1.12.0/stm32cubeide/plugins/com.st.stm32cube.ide.mcu.externaltools.gnu-tools-for-stm32.10.3-2021.10.win32_1.0.200.202301161003/tools/bin/../lib/gcc/arm-none-eabi/10.3.1/../../../../arm-none-eabi/lib/thumb/v7e-m+fp/hard\libc_nano.a(lib_a-init.o)
                0x0000000008009244                __libc_init_array
 .text.malloc   0x000000000800928c       0x10 c:/st/stm32cubeide_1.12.0/stm32cubeide/plugins/com.st.stm32cube.ide.mcu.externaltools.gnu-tools-for-stm32.10.3-2021.10.win32_1.0.200.202301161003/tools/bin/../lib/gcc/arm-none-eabi/10.3.1/../../../../arm-none-eabi/lib/thumb/v7e-m+fp/hard\libc_nano.a(lib_a-malloc.o)
                0x000000000800928c                malloc
 .text.memcpy   0x000000000800929c       0x1c c:/st/stm32cubeide_1.12.0/stm32cubeide/plugins/com.st.stm32cube.ide.mcu.externaltools.gnu-tools-for-stm32.10.3-2021.10.win32_1.0.200.202301161003/tools/bin/../lib/gcc/arm-none-eabi/10.3.1/../../../../arm-none-eabi/lib/thumb/v7e-m+fp/hard\libc_nano.a(lib_a-memcpy-stub.o)
                0x000000000800929c                memcpy
 .text.memset   0x00000000080092b8       0x10 c:/st/stm32cubeide_1.12.0/stm32cubeide/plugins/com.st.stm32cube.ide.mcu.externaltools.gnu-tools-for-stm32.10.3-2021.10.win32_1.0.200.202301161003/tools/bin/../lib/gcc/arm-none-eabi/10.3.1/../../../../arm-none-eabi/lib/thumb/v7e-m+fp/hard\libc_nano.a(lib_a-memset.o)
                0x00000000080092b8                memset
 .text._free_r  0x00000000080092c8       0x98 c:/st/stm32cubeide_1.12.0/stm32cubeide/plugins/com.st.stm32cube.ide.mcu.externaltools.gnu-tools-for-stm32.10.3-2021.10.win32_1.0.200.202301161003/tools/bin/../lib/gcc/arm-none-eabi/10.3.1/../../../../arm-none-eabi/lib/thumb/v7e-m+fp/hard\libc_nano.a(lib_a-nano-freer.o)
                0x00000000080092c8                _free_r
 .text.sbrk_aligned
                0x0000000008009360       0x40 c:/st/stm32cubeide_1.12.0/stm32cubeide/plugins/com.st.stm32cube.ide.mcu.externaltools.gnu-tools-for-stm32.10.3-2021.10.win32_1.0.200.202301161003/tools/bin/../lib/gcc/arm-none-eabi/10.3.1/../../../../arm-none-eabi/lib/thumb/v7e-m+fp/hard\libc_nano.a(lib_a-nano-mallocr.o)
 .text._malloc_r
                0x00000000080093a0       0xe8 c:/st/stm32cubeide_1.12.0/stm32cubeide/plugins/com.st.stm32cube.ide.mcu.externaltools.gnu-tools-for-stm32.10.3-2021.10.win32_1.0.200.202301161003/tools/bin/../lib/gcc/arm-none-eabi/10.3.1/../../../../arm-none-eabi/lib/thumb/v7e-m+fp/hard\libc_nano.a(lib_a-nano-mallocr.o)
                0x00000000080093a0                _malloc_r
 .text.__cvt    0x0000000008009488       0xc4 c:/st/stm32cubeide_1.12.0/stm32cubeide/plugins/com.st.stm32cube.ide.mcu.externaltools.gnu-tools-for-stm32.10.3-2021.10.win32_1.0.200.202301161003/tools/bin/../lib/gcc/arm-none-eabi/10.3.1/../../../../arm-none-eabi/lib/thumb/v7e-m+fp/hard\libc_nano.a(lib_a-nano-vfprintf_float.o)
                0x0000000008009488                __cvt
 .text.__exponent
                0x000000000800954c       0x7c c:/st/stm32cubeide_1.12.0/stm32cubeide/plugins/com.st.stm32cube.ide.mcu.externaltools.gnu-tools-for-stm32.10.3-2021.10.win32_1.0.200.202301161003/tools/bin/../lib/gcc/arm-none-eabi/10.3.1/../../../../arm-none-eabi/lib/thumb/v7e-m+fp/hard\libc_nano.a(lib_a-nano-vfprintf_float.o)
                0x000000000800954c                __exponent
 .text._printf_float
                0x00000000080095c8      0x46c c:/st/stm32cubeide_1.12.0/stm32cubeide/plugins/com.st.stm32cube.ide.mcu.externaltools.gnu-tools-for-stm32.10.3-2021.10.win32_1.0.200.202301161003/tools/bin/../lib/gcc/arm-none-eabi/10.3.1/../../../../arm-none-eabi/lib/thumb/v7e-m+fp/hard\libc_nano.a(lib_a-nano-vfprintf_float.o)
                0x00000000080095c8                _printf_float
 .text._printf_common
                0x0000000008009a34       0xda c:/st/stm32cubeide_1.12.0/stm32cubeide/plugins/com.st.stm32cube.ide.mcu.externaltools.gnu-tools-for-stm32.10.3-2021.10.win32_1.0.200.202301161003/tools/bin/../lib/gcc/arm-none-eabi/10.3.1/../../../../arm-none-eabi/lib/thumb/v7e-m+fp/hard\libc_nano.a(lib_a-nano-vfprintf_i.o)
                0x0000000008009a34                _printf_common
 *fill*         0x0000000008009b0e        0x2 
 .text._printf_i
                0x0000000008009b10      0x24c c:/st/stm32cubeide_1.12.0/stm32cubeide/plugins/com.st.stm32cube.ide.mcu.externaltools.gnu-tools-for-stm32.10.3-2021.10.win32_1.0.200.202301161003/tools/bin/../lib/gcc/arm-none-eabi/10.3.1/../../../../arm-none-eabi/lib/thumb/v7e-m+fp/hard\libc_nano.a(lib_a-nano-vfprintf_i.o)
                0x0000000008009b10                _printf_i
 .text.printf   0x0000000008009d5c       0x30 c:/st/stm32cubeide_1.12.0/stm32cubeide/plugins/com.st.stm32cube.ide.mcu.externaltools.gnu-tools-for-stm32.10.3-2021.10.win32_1.0.200.202301161003/tools/bin/../lib/gcc/arm-none-eabi/10.3.1/../../../../arm-none-eabi/lib/thumb/v7e-m+fp/hard\libc_nano.a(lib_a-printf.o)
                0x0000000008009d5c                iprintf
                0x0000000008009d5c                printf
 .text._puts_r  0x0000000008009d8c       0xdc c:/st/stm32cubeide_1.12.0/stm32cubeide/plugins/com.st.stm32cube.ide.mcu.externaltools.gnu-tools-for-stm32.10.3-2021.10.win32_1.0.200.202301161003/tools/bin/../lib/gcc/arm-none-eabi/10.3.1/../../../../arm-none-eabi/lib/thumb/v7e-m+fp/hard\libc_nano.a(lib_a-puts.o)
                0x0000000008009d8c                _puts_r
 .text.puts     0x0000000008009e68       0x10 c:/st/stm32cubeide_1.12.0/stm32cubeide/plugins/com.st.stm32cube.ide.mcu.externaltools.gnu-tools-for-stm32.10.3-2021.10.win32_1.0.200.202301161003/tools/bin/../lib/gcc/arm-none-eabi/10.3.1/../../../../arm-none-eabi/lib/thumb/v7e-m+fp/hard\libc_nano.a(lib_a-puts.o)
                0x0000000008009e68                puts
 .text._sbrk_r  0x0000000008009e78       0x20 c:/st/stm32cubeide_1.12.0/stm32cubeide/plugins/com.st.stm32cube.ide.mcu.externaltools.gnu-tools-for-stm32.10.3-2021.10.win32_1.0.200.202301161003/tools/bin/../lib/gcc/arm-none-eabi/10.3.1/../../../../arm-none-eabi/lib/thumb/v7e-m+fp/hard\libc_nano.a(lib_a-sbrkr.o)
                0x0000000008009e78                _sbrk_r
 .text.sprintf  0x0000000008009e98       0x40 c:/st/stm32cubeide_1.12.0/stm32cubeide/plugins/com.st.stm32cube.ide.mcu.externaltools.gnu-tools-for-stm32.10.3-2021.10.win32_1.0.200.202301161003/tools/bin/../lib/gcc/arm-none-eabi/10.3.1/../../../../arm-none-eabi/lib/thumb/v7e-m+fp/hard\libc_nano.a(lib_a-sprintf.o)
                0x0000000008009e98                siprintf
                0x0000000008009e98                sprintf
 .text.strchr   0x0000000008009ed8       0x1a c:/st/stm32cubeide_1.12.0/stm32cubeide/plugins/com.st.stm32cube.ide.mcu.externaltools.gnu-tools-for-stm32.10.3-2021.10.win32_1.0.200.202301161003/tools/bin/../lib/gcc/arm-none-eabi/10.3.1/../../../../arm-none-eabi/lib/thumb/v7e-m+fp/hard\libc_nano.a(lib_a-strchr.o)
                0x0000000008009ed8                strchr
 *fill*         0x0000000008009ef2        0x2 
 .text._strtol_l.constprop.0
                0x0000000008009ef4      0x104 c:/st/stm32cubeide_1.12.0/stm32cubeide/plugins/com.st.stm32cube.ide.mcu.externaltools.gnu-tools-for-stm32.10.3-2021.10.win32_1.0.200.202301161003/tools/bin/../lib/gcc/arm-none-eabi/10.3.1/../../../../arm-none-eabi/lib/thumb/v7e-m+fp/hard\libc_nano.a(lib_a-strtol.o)
 .text.strtol   0x0000000008009ff8       0x14 c:/st/stm32cubeide_1.12.0/stm32cubeide/plugins/com.st.stm32cube.ide.mcu.externaltools.gnu-tools-for-stm32.10.3-2021.10.win32_1.0.200.202301161003/tools/bin/../lib/gcc/arm-none-eabi/10.3.1/../../../../arm-none-eabi/lib/thumb/v7e-m+fp/hard\libc_nano.a(lib_a-strtol.o)
                0x0000000008009ff8                strtol
 .text.__swbuf_r
                0x000000000800a00c       0xa4 c:/st/stm32cubeide_1.12.0/stm32cubeide/plugins/com.st.stm32cube.ide.mcu.externaltools.gnu-tools-for-stm32.10.3-2021.10.win32_1.0.200.202301161003/tools/bin/../lib/gcc/arm-none-eabi/10.3.1/../../../../arm-none-eabi/lib/thumb/v7e-m+fp/hard\libc_nano.a(lib_a-wbuf.o)
                0x000000000800a00c                __swbuf_r
 .text.__swsetup_r
                0x000000000800a0b0       0xdc c:/st/stm32cubeide_1.12.0/stm32cubeide/plugins/com.st.stm32cube.ide.mcu.externaltools.gnu-tools-for-stm32.10.3-2021.10.win32_1.0.200.202301161003/tools/bin/../lib/gcc/arm-none-eabi/10.3.1/../../../../arm-none-eabi/lib/thumb/v7e-m+fp/hard\libc_nano.a(lib_a-wsetup.o)
                0x000000000800a0b0                __swsetup_r
 .text.quorem   0x000000000800a18c      0x116 c:/st/stm32cubeide_1.12.0/stm32cubeide/plugins/com.st.stm32cube.ide.mcu.externaltools.gnu-tools-for-stm32.10.3-2021.10.win32_1.0.200.202301161003/tools/bin/../lib/gcc/arm-none-eabi/10.3.1/../../../../arm-none-eabi/lib/thumb/v7e-m+fp/hard\libc_nano.a(lib_a-dtoa.o)
 *fill*         0x000000000800a2a2        0x6 
 .text._dtoa_r  0x000000000800a2a8      0xbdc c:/st/stm32cubeide_1.12.0/stm32cubeide/plugins/com.st.stm32cube.ide.mcu.externaltools.gnu-tools-for-stm32.10.3-2021.10.win32_1.0.200.202301161003/tools/bin/../lib/gcc/arm-none-eabi/10.3.1/../../../../arm-none-eabi/lib/thumb/v7e-m+fp/hard\libc_nano.a(lib_a-dtoa.o)
                0x000000000800a2a8                _dtoa_r
 .text.__sflush_r
                0x000000000800ae84      0x10c c:/st/stm32cubeide_1.12.0/stm32cubeide/plugins/com.st.stm32cube.ide.mcu.externaltools.gnu-tools-for-stm32.10.3-2021.10.win32_1.0.200.202301161003/tools/bin/../lib/gcc/arm-none-eabi/10.3.1/../../../../arm-none-eabi/lib/thumb/v7e-m+fp/hard\libc_nano.a(lib_a-fflush.o)
                0x000000000800ae84                __sflush_r
 .text._fflush_r
                0x000000000800af90       0x78 c:/st/stm32cubeide_1.12.0/stm32cubeide/plugins/com.st.stm32cube.ide.mcu.externaltools.gnu-tools-for-stm32.10.3-2021.10.win32_1.0.200.202301161003/tools/bin/../lib/gcc/arm-none-eabi/10.3.1/../../../../arm-none-eabi/lib/thumb/v7e-m+fp/hard\libc_nano.a(lib_a-fflush.o)
                0x000000000800af90                _fflush_r
 .text.std      0x000000000800b008       0x48 c:/st/stm32cubeide_1.12.0/stm32cubeide/plugins/com.st.stm32cube.ide.mcu.externaltools.gnu-tools-for-stm32.10.3-2021.10.win32_1.0.200.202301161003/tools/bin/../lib/gcc/arm-none-eabi/10.3.1/../../../../arm-none-eabi/lib/thumb/v7e-m+fp/hard\libc_nano.a(lib_a-findfp.o)
 .text._cleanup_r
                0x000000000800b050        0xc c:/st/stm32cubeide_1.12.0/stm32cubeide/plugins/com.st.stm32cube.ide.mcu.externaltools.gnu-tools-for-stm32.10.3-2021.10.win32_1.0.200.202301161003/tools/bin/../lib/gcc/arm-none-eabi/10.3.1/../../../../arm-none-eabi/lib/thumb/v7e-m+fp/hard\libc_nano.a(lib_a-findfp.o)
                0x000000000800b050                _cleanup_r
 .text.__sfmoreglue
                0x000000000800b05c       0x2c c:/st/stm32cubeide_1.12.0/stm32cubeide/plugins/com.st.stm32cube.ide.mcu.externaltools.gnu-tools-for-stm32.10.3-2021.10.win32_1.0.200.202301161003/tools/bin/../lib/gcc/arm-none-eabi/10.3.1/../../../../arm-none-eabi/lib/thumb/v7e-m+fp/hard\libc_nano.a(lib_a-findfp.o)
                0x000000000800b05c                __sfmoreglue
 .text.__sfp_lock_acquire
                0x000000000800b088        0xc c:/st/stm32cubeide_1.12.0/stm32cubeide/plugins/com.st.stm32cube.ide.mcu.externaltools.gnu-tools-for-stm32.10.3-2021.10.win32_1.0.200.202301161003/tools/bin/../lib/gcc/arm-none-eabi/10.3.1/../../../../arm-none-eabi/lib/thumb/v7e-m+fp/hard\libc_nano.a(lib_a-findfp.o)
                0x000000000800b088                __sfp_lock_acquire
 .text.__sfp_lock_release
                0x000000000800b094        0xc c:/st/stm32cubeide_1.12.0/stm32cubeide/plugins/com.st.stm32cube.ide.mcu.externaltools.gnu-tools-for-stm32.10.3-2021.10.win32_1.0.200.202301161003/tools/bin/../lib/gcc/arm-none-eabi/10.3.1/../../../../arm-none-eabi/lib/thumb/v7e-m+fp/hard\libc_nano.a(lib_a-findfp.o)
                0x000000000800b094                __sfp_lock_release
 .text.__sinit_lock_acquire
                0x000000000800b0a0        0xc c:/st/stm32cubeide_1.12.0/stm32cubeide/plugins/com.st.stm32cube.ide.mcu.externaltools.gnu-tools-for-stm32.10.3-2021.10.win32_1.0.200.202301161003/tools/bin/../lib/gcc/arm-none-eabi/10.3.1/../../../../arm-none-eabi/lib/thumb/v7e-m+fp/hard\libc_nano.a(lib_a-findfp.o)
                0x000000000800b0a0                __sinit_lock_acquire
 .text.__sinit_lock_release
                0x000000000800b0ac        0xc c:/st/stm32cubeide_1.12.0/stm32cubeide/plugins/com.st.stm32cube.ide.mcu.externaltools.gnu-tools-for-stm32.10.3-2021.10.win32_1.0.200.202301161003/tools/bin/../lib/gcc/arm-none-eabi/10.3.1/../../../../arm-none-eabi/lib/thumb/v7e-m+fp/hard\libc_nano.a(lib_a-findfp.o)
                0x000000000800b0ac                __sinit_lock_release
 .text.__sinit  0x000000000800b0b8       0x70 c:/st/stm32cubeide_1.12.0/stm32cubeide/plugins/com.st.stm32cube.ide.mcu.externaltools.gnu-tools-for-stm32.10.3-2021.10.win32_1.0.200.202301161003/tools/bin/../lib/gcc/arm-none-eabi/10.3.1/../../../../arm-none-eabi/lib/thumb/v7e-m+fp/hard\libc_nano.a(lib_a-findfp.o)
                0x000000000800b0b8                __sinit
 .text.__sfp    0x000000000800b128       0x8c c:/st/stm32cubeide_1.12.0/stm32cubeide/plugins/com.st.stm32cube.ide.mcu.externaltools.gnu-tools-for-stm32.10.3-2021.10.win32_1.0.200.202301161003/tools/bin/../lib/gcc/arm-none-eabi/10.3.1/../../../../arm-none-eabi/lib/thumb/v7e-m+fp/hard\libc_nano.a(lib_a-findfp.o)
                0x000000000800b128                __sfp
 .text._fwalk_reent
                0x000000000800b1b4       0x3e c:/st/stm32cubeide_1.12.0/stm32cubeide/plugins/com.st.stm32cube.ide.mcu.externaltools.gnu-tools-for-stm32.10.3-2021.10.win32_1.0.200.202301161003/tools/bin/../lib/gcc/arm-none-eabi/10.3.1/../../../../arm-none-eabi/lib/thumb/v7e-m+fp/hard\libc_nano.a(lib_a-fwalk.o)
                0x000000000800b1b4                _fwalk_reent
 *fill*         0x000000000800b1f2        0x2 
 .text._localeconv_r
                0x000000000800b1f4        0x8 c:/st/stm32cubeide_1.12.0/stm32cubeide/plugins/com.st.stm32cube.ide.mcu.externaltools.gnu-tools-for-stm32.10.3-2021.10.win32_1.0.200.202301161003/tools/bin/../lib/gcc/arm-none-eabi/10.3.1/../../../../arm-none-eabi/lib/thumb/v7e-m+fp/hard\libc_nano.a(lib_a-localeconv.o)
                0x000000000800b1f4                _localeconv_r
 .text.__retarget_lock_init_recursive
                0x000000000800b1fc        0x2 c:/st/stm32cubeide_1.12.0/stm32cubeide/plugins/com.st.stm32cube.ide.mcu.externaltools.gnu-tools-for-stm32.10.3-2021.10.win32_1.0.200.202301161003/tools/bin/../lib/gcc/arm-none-eabi/10.3.1/../../../../arm-none-eabi/lib/thumb/v7e-m+fp/hard\libc_nano.a(lib_a-lock.o)
                0x000000000800b1fc                __retarget_lock_init_recursive
 .text.__retarget_lock_acquire_recursive
                0x000000000800b1fe        0x2 c:/st/stm32cubeide_1.12.0/stm32cubeide/plugins/com.st.stm32cube.ide.mcu.externaltools.gnu-tools-for-stm32.10.3-2021.10.win32_1.0.200.202301161003/tools/bin/../lib/gcc/arm-none-eabi/10.3.1/../../../../arm-none-eabi/lib/thumb/v7e-m+fp/hard\libc_nano.a(lib_a-lock.o)
                0x000000000800b1fe                __retarget_lock_acquire_recursive
 .text.__retarget_lock_release_recursive
                0x000000000800b200        0x2 c:/st/stm32cubeide_1.12.0/stm32cubeide/plugins/com.st.stm32cube.ide.mcu.externaltools.gnu-tools-for-stm32.10.3-2021.10.win32_1.0.200.202301161003/tools/bin/../lib/gcc/arm-none-eabi/10.3.1/../../../../arm-none-eabi/lib/thumb/v7e-m+fp/hard\libc_nano.a(lib_a-lock.o)
                0x000000000800b200                __retarget_lock_release_recursive
 .text.__swhatbuf_r
                0x000000000800b202       0x4a c:/st/stm32cubeide_1.12.0/stm32cubeide/plugins/com.st.stm32cube.ide.mcu.externaltools.gnu-tools-for-stm32.10.3-2021.10.win32_1.0.200.202301161003/tools/bin/../lib/gcc/arm-none-eabi/10.3.1/../../../../arm-none-eabi/lib/thumb/v7e-m+fp/hard\libc_nano.a(lib_a-makebuf.o)
                0x000000000800b202                __swhatbuf_r
 .text.__smakebuf_r
                0x000000000800b24c       0x80 c:/st/stm32cubeide_1.12.0/stm32cubeide/plugins/com.st.stm32cube.ide.mcu.externaltools.gnu-tools-for-stm32.10.3-2021.10.win32_1.0.200.202301161003/tools/bin/../lib/gcc/arm-none-eabi/10.3.1/../../../../arm-none-eabi/lib/thumb/v7e-m+fp/hard\libc_nano.a(lib_a-makebuf.o)
                0x000000000800b24c                __smakebuf_r
 .text.__malloc_lock
                0x000000000800b2cc        0xc c:/st/stm32cubeide_1.12.0/stm32cubeide/plugins/com.st.stm32cube.ide.mcu.externaltools.gnu-tools-for-stm32.10.3-2021.10.win32_1.0.200.202301161003/tools/bin/../lib/gcc/arm-none-eabi/10.3.1/../../../../arm-none-eabi/lib/thumb/v7e-m+fp/hard\libc_nano.a(lib_a-mlock.o)
                0x000000000800b2cc                __malloc_lock
 .text.__malloc_unlock
                0x000000000800b2d8        0xc c:/st/stm32cubeide_1.12.0/stm32cubeide/plugins/com.st.stm32cube.ide.mcu.externaltools.gnu-tools-for-stm32.10.3-2021.10.win32_1.0.200.202301161003/tools/bin/../lib/gcc/arm-none-eabi/10.3.1/../../../../arm-none-eabi/lib/thumb/v7e-m+fp/hard\libc_nano.a(lib_a-mlock.o)
                0x000000000800b2d8                __malloc_unlock
 .text._Balloc  0x000000000800b2e4       0x80 c:/st/stm32cubeide_1.12.0/stm32cubeide/plugins/com.st.stm32cube.ide.mcu.externaltools.gnu-tools-for-stm32.10.3-2021.10.win32_1.0.200.202301161003/tools/bin/../lib/gcc/arm-none-eabi/10.3.1/../../../../arm-none-eabi/lib/thumb/v7e-m+fp/hard\libc_nano.a(lib_a-mprec.o)
                0x000000000800b2e4                _Balloc
 .text._Bfree   0x000000000800b364       0x44 c:/st/stm32cubeide_1.12.0/stm32cubeide/plugins/com.st.stm32cube.ide.mcu.externaltools.gnu-tools-for-stm32.10.3-2021.10.win32_1.0.200.202301161003/tools/bin/../lib/gcc/arm-none-eabi/10.3.1/../../../../arm-none-eabi/lib/thumb/v7e-m+fp/hard\libc_nano.a(lib_a-mprec.o)
                0x000000000800b364                _Bfree
 .text.__multadd
                0x000000000800b3a8       0x8c c:/st/stm32cubeide_1.12.0/stm32cubeide/plugins/com.st.stm32cube.ide.mcu.externaltools.gnu-tools-for-stm32.10.3-2021.10.win32_1.0.200.202301161003/tools/bin/../lib/gcc/arm-none-eabi/10.3.1/../../../../arm-none-eabi/lib/thumb/v7e-m+fp/hard\libc_nano.a(lib_a-mprec.o)
                0x000000000800b3a8                __multadd
 .text.__hi0bits
                0x000000000800b434       0x40 c:/st/stm32cubeide_1.12.0/stm32cubeide/plugins/com.st.stm32cube.ide.mcu.externaltools.gnu-tools-for-stm32.10.3-2021.10.win32_1.0.200.202301161003/tools/bin/../lib/gcc/arm-none-eabi/10.3.1/../../../../arm-none-eabi/lib/thumb/v7e-m+fp/hard\libc_nano.a(lib_a-mprec.o)
                0x000000000800b434                __hi0bits
 .text.__lo0bits
                0x000000000800b474       0x5e c:/st/stm32cubeide_1.12.0/stm32cubeide/plugins/com.st.stm32cube.ide.mcu.externaltools.gnu-tools-for-stm32.10.3-2021.10.win32_1.0.200.202301161003/tools/bin/../lib/gcc/arm-none-eabi/10.3.1/../../../../arm-none-eabi/lib/thumb/v7e-m+fp/hard\libc_nano.a(lib_a-mprec.o)
                0x000000000800b474                __lo0bits
 *fill*         0x000000000800b4d2        0x2 
 .text.__i2b    0x000000000800b4d4       0x2c c:/st/stm32cubeide_1.12.0/stm32cubeide/plugins/com.st.stm32cube.ide.mcu.externaltools.gnu-tools-for-stm32.10.3-2021.10.win32_1.0.200.202301161003/tools/bin/../lib/gcc/arm-none-eabi/10.3.1/../../../../arm-none-eabi/lib/thumb/v7e-m+fp/hard\libc_nano.a(lib_a-mprec.o)
                0x000000000800b4d4                __i2b
 .text.__multiply
                0x000000000800b500      0x154 c:/st/stm32cubeide_1.12.0/stm32cubeide/plugins/com.st.stm32cube.ide.mcu.externaltools.gnu-tools-for-stm32.10.3-2021.10.win32_1.0.200.202301161003/tools/bin/../lib/gcc/arm-none-eabi/10.3.1/../../../../arm-none-eabi/lib/thumb/v7e-m+fp/hard\libc_nano.a(lib_a-mprec.o)
                0x000000000800b500                __multiply
 .text.__pow5mult
                0x000000000800b654       0xb4 c:/st/stm32cubeide_1.12.0/stm32cubeide/plugins/com.st.stm32cube.ide.mcu.externaltools.gnu-tools-for-stm32.10.3-2021.10.win32_1.0.200.202301161003/tools/bin/../lib/gcc/arm-none-eabi/10.3.1/../../../../arm-none-eabi/lib/thumb/v7e-m+fp/hard\libc_nano.a(lib_a-mprec.o)
                0x000000000800b654                __pow5mult
 .text.__lshift
                0x000000000800b708       0xe0 c:/st/stm32cubeide_1.12.0/stm32cubeide/plugins/com.st.stm32cube.ide.mcu.externaltools.gnu-tools-for-stm32.10.3-2021.10.win32_1.0.200.202301161003/tools/bin/../lib/gcc/arm-none-eabi/10.3.1/../../../../arm-none-eabi/lib/thumb/v7e-m+fp/hard\libc_nano.a(lib_a-mprec.o)
                0x000000000800b708                __lshift
 .text.__mcmp   0x000000000800b7e8       0x38 c:/st/stm32cubeide_1.12.0/stm32cubeide/plugins/com.st.stm32cube.ide.mcu.externaltools.gnu-tools-for-stm32.10.3-2021.10.win32_1.0.200.202301161003/tools/bin/../lib/gcc/arm-none-eabi/10.3.1/../../../../arm-none-eabi/lib/thumb/v7e-m+fp/hard\libc_nano.a(lib_a-mprec.o)
                0x000000000800b7e8                __mcmp
 .text.__mdiff  0x000000000800b820      0x114 c:/st/stm32cubeide_1.12.0/stm32cubeide/plugins/com.st.stm32cube.ide.mcu.externaltools.gnu-tools-for-stm32.10.3-2021.10.win32_1.0.200.202301161003/tools/bin/../lib/gcc/arm-none-eabi/10.3.1/../../../../arm-none-eabi/lib/thumb/v7e-m+fp/hard\libc_nano.a(lib_a-mprec.o)
                0x000000000800b820                __mdiff
 .text.__d2b    0x000000000800b934       0xb8 c:/st/stm32cubeide_1.12.0/stm32cubeide/plugins/com.st.stm32cube.ide.mcu.externaltools.gnu-tools-for-stm32.10.3-2021.10.win32_1.0.200.202301161003/tools/bin/../lib/gcc/arm-none-eabi/10.3.1/../../../../arm-none-eabi/lib/thumb/v7e-m+fp/hard\libc_nano.a(lib_a-mprec.o)
                0x000000000800b934                __d2b
 .text._calloc_r
                0x000000000800b9ec       0x2c c:/st/stm32cubeide_1.12.0/stm32cubeide/plugins/com.st.stm32cube.ide.mcu.externaltools.gnu-tools-for-stm32.10.3-2021.10.win32_1.0.200.202301161003/tools/bin/../lib/gcc/arm-none-eabi/10.3.1/../../../../arm-none-eabi/lib/thumb/v7e-m+fp/hard\libc_nano.a(lib_a-nano-callocr.o)
                0x000000000800b9ec                _calloc_r
 .text.__ssputs_r
                0x000000000800ba18       0xb6 c:/st/stm32cubeide_1.12.0/stm32cubeide/plugins/com.st.stm32cube.ide.mcu.externaltools.gnu-tools-for-stm32.10.3-2021.10.win32_1.0.200.202301161003/tools/bin/../lib/gcc/arm-none-eabi/10.3.1/../../../../arm-none-eabi/lib/thumb/v7e-m+fp/hard\libc_nano.a(lib_a-nano-svfprintf.o)
                0x000000000800ba18                __ssputs_r
 *fill*         0x000000000800bace        0x2 
 .text._svfprintf_r
                0x000000000800bad0      0x200 c:/st/stm32cubeide_1.12.0/stm32cubeide/plugins/com.st.stm32cube.ide.mcu.externaltools.gnu-tools-for-stm32.10.3-2021.10.win32_1.0.200.202301161003/tools/bin/../lib/gcc/arm-none-eabi/10.3.1/../../../../arm-none-eabi/lib/thumb/v7e-m+fp/hard\libc_nano.a(lib_a-nano-svfprintf.o)
                0x000000000800bad0                _svfiprintf_r
                0x000000000800bad0                _svfprintf_r
 .text.__sfputc_r
                0x000000000800bcd0       0x2e c:/st/stm32cubeide_1.12.0/stm32cubeide/plugins/com.st.stm32cube.ide.mcu.externaltools.gnu-tools-for-stm32.10.3-2021.10.win32_1.0.200.202301161003/tools/bin/../lib/gcc/arm-none-eabi/10.3.1/../../../../arm-none-eabi/lib/thumb/v7e-m+fp/hard\libc_nano.a(lib_a-nano-vfprintf.o)
 .text.__sfputs_r
                0x000000000800bcfe       0x24 c:/st/stm32cubeide_1.12.0/stm32cubeide/plugins/com.st.stm32cube.ide.mcu.externaltools.gnu-tools-for-stm32.10.3-2021.10.win32_1.0.200.202301161003/tools/bin/../lib/gcc/arm-none-eabi/10.3.1/../../../../arm-none-eabi/lib/thumb/v7e-m+fp/hard\libc_nano.a(lib_a-nano-vfprintf.o)
                0x000000000800bcfe                __sfputs_r
 *fill*         0x000000000800bd22        0x2 
 .text._vfprintf_r
                0x000000000800bd24      0x260 c:/st/stm32cubeide_1.12.0/stm32cubeide/plugins/com.st.stm32cube.ide.mcu.externaltools.gnu-tools-for-stm32.10.3-2021.10.win32_1.0.200.202301161003/tools/bin/../lib/gcc/arm-none-eabi/10.3.1/../../../../arm-none-eabi/lib/thumb/v7e-m+fp/hard\libc_nano.a(lib_a-nano-vfprintf.o)
                0x000000000800bd24                _vfprintf_r
                0x000000000800bd24                _vfiprintf_r
 .text.__sread  0x000000000800bf84       0x22 c:/st/stm32cubeide_1.12.0/stm32cubeide/plugins/com.st.stm32cube.ide.mcu.externaltools.gnu-tools-for-stm32.10.3-2021.10.win32_1.0.200.202301161003/tools/bin/../lib/gcc/arm-none-eabi/10.3.1/../../../../arm-none-eabi/lib/thumb/v7e-m+fp/hard\libc_nano.a(lib_a-stdio.o)
                0x000000000800bf84                __sread
 .text.__swrite
                0x000000000800bfa6       0x38 c:/st/stm32cubeide_1.12.0/stm32cubeide/plugins/com.st.stm32cube.ide.mcu.externaltools.gnu-tools-for-stm32.10.3-2021.10.win32_1.0.200.202301161003/tools/bin/../lib/gcc/arm-none-eabi/10.3.1/../../../../arm-none-eabi/lib/thumb/v7e-m+fp/hard\libc_nano.a(lib_a-stdio.o)
                0x000000000800bfa6                __swrite
 .text.__sseek  0x000000000800bfde       0x24 c:/st/stm32cubeide_1.12.0/stm32cubeide/plugins/com.st.stm32cube.ide.mcu.externaltools.gnu-tools-for-stm32.10.3-2021.10.win32_1.0.200.202301161003/tools/bin/../lib/gcc/arm-none-eabi/10.3.1/../../../../arm-none-eabi/lib/thumb/v7e-m+fp/hard\libc_nano.a(lib_a-stdio.o)
                0x000000000800bfde                __sseek
 .text.__sclose
                0x000000000800c002        0x8 c:/st/stm32cubeide_1.12.0/stm32cubeide/plugins/com.st.stm32cube.ide.mcu.externaltools.gnu-tools-for-stm32.10.3-2021.10.win32_1.0.200.202301161003/tools/bin/../lib/gcc/arm-none-eabi/10.3.1/../../../../arm-none-eabi/lib/thumb/v7e-m+fp/hard\libc_nano.a(lib_a-stdio.o)
                0x000000000800c002                __sclose
 *fill*         0x000000000800c00a        0x2 
 .text._write_r
                0x000000000800c00c       0x24 c:/st/stm32cubeide_1.12.0/stm32cubeide/plugins/com.st.stm32cube.ide.mcu.externaltools.gnu-tools-for-stm32.10.3-2021.10.win32_1.0.200.202301161003/tools/bin/../lib/gcc/arm-none-eabi/10.3.1/../../../../arm-none-eabi/lib/thumb/v7e-m+fp/hard\libc_nano.a(lib_a-writer.o)
                0x000000000800c00c                _write_r
 .text.__assert_func
                0x000000000800c030       0x3c c:/st/stm32cubeide_1.12.0/stm32cubeide/plugins/com.st.stm32cube.ide.mcu.externaltools.gnu-tools-for-stm32.10.3-2021.10.win32_1.0.200.202301161003/tools/bin/../lib/gcc/arm-none-eabi/10.3.1/../../../../arm-none-eabi/lib/thumb/v7e-m+fp/hard\libc_nano.a(lib_a-assert.o)
                0x000000000800c030                __assert_func
 .text._close_r
                0x000000000800c06c       0x20 c:/st/stm32cubeide_1.12.0/stm32cubeide/plugins/com.st.stm32cube.ide.mcu.externaltools.gnu-tools-for-stm32.10.3-2021.10.win32_1.0.200.202301161003/tools/bin/../lib/gcc/arm-none-eabi/10.3.1/../../../../arm-none-eabi/lib/thumb/v7e-m+fp/hard\libc_nano.a(lib_a-closer.o)
                0x000000000800c06c                _close_r
 .text.fprintf  0x000000000800c08c       0x24 c:/st/stm32cubeide_1.12.0/stm32cubeide/plugins/com.st.stm32cube.ide.mcu.externaltools.gnu-tools-for-stm32.10.3-2021.10.win32_1.0.200.202301161003/tools/bin/../lib/gcc/arm-none-eabi/10.3.1/../../../../arm-none-eabi/lib/thumb/v7e-m+fp/hard\libc_nano.a(lib_a-fprintf.o)
                0x000000000800c08c                fiprintf
                0x000000000800c08c                fprintf
 .text._fstat_r
                0x000000000800c0b0       0x24 c:/st/stm32cubeide_1.12.0/stm32cubeide/plugins/com.st.stm32cube.ide.mcu.externaltools.gnu-tools-for-stm32.10.3-2021.10.win32_1.0.200.202301161003/tools/bin/../lib/gcc/arm-none-eabi/10.3.1/../../../../arm-none-eabi/lib/thumb/v7e-m+fp/hard\libc_nano.a(lib_a-fstatr.o)
                0x000000000800c0b0                _fstat_r
 .text._isatty_r
                0x000000000800c0d4       0x20 c:/st/stm32cubeide_1.12.0/stm32cubeide/plugins/com.st.stm32cube.ide.mcu.externaltools.gnu-tools-for-stm32.10.3-2021.10.win32_1.0.200.202301161003/tools/bin/../lib/gcc/arm-none-eabi/10.3.1/../../../../arm-none-eabi/lib/thumb/v7e-m+fp/hard\libc_nano.a(lib_a-isattyr.o)
                0x000000000800c0d4                _isatty_r
 .text._lseek_r
                0x000000000800c0f4       0x24 c:/st/stm32cubeide_1.12.0/stm32cubeide/plugins/com.st.stm32cube.ide.mcu.externaltools.gnu-tools-for-stm32.10.3-2021.10.win32_1.0.200.202301161003/tools/bin/../lib/gcc/arm-none-eabi/10.3.1/../../../../arm-none-eabi/lib/thumb/v7e-m+fp/hard\libc_nano.a(lib_a-lseekr.o)
                0x000000000800c0f4                _lseek_r
 .text.__ascii_mbtowc
                0x000000000800c118       0x24 c:/st/stm32cubeide_1.12.0/stm32cubeide/plugins/com.st.stm32cube.ide.mcu.externaltools.gnu-tools-for-stm32.10.3-2021.10.win32_1.0.200.202301161003/tools/bin/../lib/gcc/arm-none-eabi/10.3.1/../../../../arm-none-eabi/lib/thumb/v7e-m+fp/hard\libc_nano.a(lib_a-mbtowc_r.o)
                0x000000000800c118                __ascii_mbtowc
 .text.memmove  0x000000000800c13c       0x34 c:/st/stm32cubeide_1.12.0/stm32cubeide/plugins/com.st.stm32cube.ide.mcu.externaltools.gnu-tools-for-stm32.10.3-2021.10.win32_1.0.200.202301161003/tools/bin/../lib/gcc/arm-none-eabi/10.3.1/../../../../arm-none-eabi/lib/thumb/v7e-m+fp/hard\libc_nano.a(lib_a-memmove.o)
                0x000000000800c13c                memmove
 .text._realloc_r
                0x000000000800c170       0x5e c:/st/stm32cubeide_1.12.0/stm32cubeide/plugins/com.st.stm32cube.ide.mcu.externaltools.gnu-tools-for-stm32.10.3-2021.10.win32_1.0.200.202301161003/tools/bin/../lib/gcc/arm-none-eabi/10.3.1/../../../../arm-none-eabi/lib/thumb/v7e-m+fp/hard\libc_nano.a(lib_a-nano-reallocr.o)
                0x000000000800c170                _realloc_r
 *fill*         0x000000000800c1ce        0x2 
 .text._read_r  0x000000000800c1d0       0x24 c:/st/stm32cubeide_1.12.0/stm32cubeide/plugins/com.st.stm32cube.ide.mcu.externaltools.gnu-tools-for-stm32.10.3-2021.10.win32_1.0.200.202301161003/tools/bin/../lib/gcc/arm-none-eabi/10.3.1/../../../../arm-none-eabi/lib/thumb/v7e-m+fp/hard\libc_nano.a(lib_a-readr.o)
                0x000000000800c1d0                _read_r
 .text.__ascii_wctomb
                0x000000000800c1f4       0x1a c:/st/stm32cubeide_1.12.0/stm32cubeide/plugins/com.st.stm32cube.ide.mcu.externaltools.gnu-tools-for-stm32.10.3-2021.10.win32_1.0.200.202301161003/tools/bin/../lib/gcc/arm-none-eabi/10.3.1/../../../../arm-none-eabi/lib/thumb/v7e-m+fp/hard\libc_nano.a(lib_a-wctomb_r.o)
                0x000000000800c1f4                __ascii_wctomb
 .text.abort    0x000000000800c20e        0xe c:/st/stm32cubeide_1.12.0/stm32cubeide/plugins/com.st.stm32cube.ide.mcu.externaltools.gnu-tools-for-stm32.10.3-2021.10.win32_1.0.200.202301161003/tools/bin/../lib/gcc/arm-none-eabi/10.3.1/../../../../arm-none-eabi/lib/thumb/v7e-m+fp/hard\libc_nano.a(lib_a-abort.o)
                0x000000000800c20e                abort
 .text._malloc_usable_size_r
                0x000000000800c21c       0x10 c:/st/stm32cubeide_1.12.0/stm32cubeide/plugins/com.st.stm32cube.ide.mcu.externaltools.gnu-tools-for-stm32.10.3-2021.10.win32_1.0.200.202301161003/tools/bin/../lib/gcc/arm-none-eabi/10.3.1/../../../../arm-none-eabi/lib/thumb/v7e-m+fp/hard\libc_nano.a(lib_a-nano-msizer.o)
                0x000000000800c21c                _malloc_usable_size_r
 .text._raise_r
                0x000000000800c22c       0x50 c:/st/stm32cubeide_1.12.0/stm32cubeide/plugins/com.st.stm32cube.ide.mcu.externaltools.gnu-tools-for-stm32.10.3-2021.10.win32_1.0.200.202301161003/tools/bin/../lib/gcc/arm-none-eabi/10.3.1/../../../../arm-none-eabi/lib/thumb/v7e-m+fp/hard\libc_nano.a(lib_a-signal.o)
                0x000000000800c22c                _raise_r
 .text.raise    0x000000000800c27c       0x10 c:/st/stm32cubeide_1.12.0/stm32cubeide/plugins/com.st.stm32cube.ide.mcu.externaltools.gnu-tools-for-stm32.10.3-2021.10.win32_1.0.200.202301161003/tools/bin/../lib/gcc/arm-none-eabi/10.3.1/../../../../arm-none-eabi/lib/thumb/v7e-m+fp/hard\libc_nano.a(lib_a-signal.o)
                0x000000000800c27c                raise
 .text._kill_r  0x000000000800c28c       0x24 c:/st/stm32cubeide_1.12.0/stm32cubeide/plugins/com.st.stm32cube.ide.mcu.externaltools.gnu-tools-for-stm32.10.3-2021.10.win32_1.0.200.202301161003/tools/bin/../lib/gcc/arm-none-eabi/10.3.1/../../../../arm-none-eabi/lib/thumb/v7e-m+fp/hard\libc_nano.a(lib_a-signalr.o)
                0x000000000800c28c                _kill_r
 .text._getpid_r
                0x000000000800c2b0        0x4 c:/st/stm32cubeide_1.12.0/stm32cubeide/plugins/com.st.stm32cube.ide.mcu.externaltools.gnu-tools-for-stm32.10.3-2021.10.win32_1.0.200.202301161003/tools/bin/../lib/gcc/arm-none-eabi/10.3.1/../../../../arm-none-eabi/lib/thumb/v7e-m+fp/hard\libc_nano.a(lib_a-signalr.o)
                0x000000000800c2b0                _getpid_r
 .text.findslot
                0x000000000800c2b4       0x34 c:/st/stm32cubeide_1.12.0/stm32cubeide/plugins/com.st.stm32cube.ide.mcu.externaltools.gnu-tools-for-stm32.10.3-2021.10.win32_1.0.200.202301161003/tools/bin/../lib/gcc/arm-none-eabi/10.3.1/../../../../arm-none-eabi/lib/thumb/v7e-m+fp/hard\librdimon_nano.a(rdimon-syscalls.o)
 .text.error    0x000000000800c2e8       0x1c c:/st/stm32cubeide_1.12.0/stm32cubeide/plugins/com.st.stm32cube.ide.mcu.externaltools.gnu-tools-for-stm32.10.3-2021.10.win32_1.0.200.202301161003/tools/bin/../lib/gcc/arm-none-eabi/10.3.1/../../../../arm-none-eabi/lib/thumb/v7e-m+fp/hard\librdimon_nano.a(rdimon-syscalls.o)
 .text.checkerror
                0x000000000800c304        0xa c:/st/stm32cubeide_1.12.0/stm32cubeide/plugins/com.st.stm32cube.ide.mcu.externaltools.gnu-tools-for-stm32.10.3-2021.10.win32_1.0.200.202301161003/tools/bin/../lib/gcc/arm-none-eabi/10.3.1/../../../../arm-none-eabi/lib/thumb/v7e-m+fp/hard\librdimon_nano.a(rdimon-syscalls.o)
 .text._swiread
                0x000000000800c30e       0x20 c:/st/stm32cubeide_1.12.0/stm32cubeide/plugins/com.st.stm32cube.ide.mcu.externaltools.gnu-tools-for-stm32.10.3-2021.10.win32_1.0.200.202301161003/tools/bin/../lib/gcc/arm-none-eabi/10.3.1/../../../../arm-none-eabi/lib/thumb/v7e-m+fp/hard\librdimon_nano.a(rdimon-syscalls.o)
                0x000000000800c30e                _swiread
 .text._read    0x000000000800c32e       0x38 c:/st/stm32cubeide_1.12.0/stm32cubeide/plugins/com.st.stm32cube.ide.mcu.externaltools.gnu-tools-for-stm32.10.3-2021.10.win32_1.0.200.202301161003/tools/bin/../lib/gcc/arm-none-eabi/10.3.1/../../../../arm-none-eabi/lib/thumb/v7e-m+fp/hard\librdimon_nano.a(rdimon-syscalls.o)
                0x000000000800c32e                _read
 .text._swilseek