Archive member included to satisfy reference by file (symbol)

c:/st/stm32cubeide_1.12.0/stm32cubeide/plugins/com.st.stm32cube.ide.mcu.externaltools.gnu-tools-for-stm32.10.3-2021.10.win32_1.0.200.202301161003/tools/bin/../lib/gcc/arm-none-eabi/10.3.1/../../../../arm-none-eabi/lib/thumb/v7e-m+fp/hard\libc_nano.a(lib_a-atoi.o)
                              ./Application/User/Core/command_processor.o (atoi)
c:/st/stm32cubeide_1.12.0/stm32cubeide/plugins/com.st.stm32cube.ide.mcu.externaltools.gnu-tools-for-stm32.10.3-2021.10.win32_1.0.200.202301161003/tools/bin/../lib/gcc/arm-none-eabi/10.3.1/../../../../arm-none-eabi/lib/thumb/v7e-m+fp/hard\libc_nano.a(lib_a-errno.o)
                              ./Application/User/Core/syscalls.o (__errno)
c:/st/stm32cubeide_1.12.0/stm32cubeide/plugins/com.st.stm32cube.ide.mcu.externaltools.gnu-tools-for-stm32.10.3-2021.10.win32_1.0.200.202301161003/tools/bin/../lib/gcc/arm-none-eabi/10.3.1/../../../../arm-none-eabi/lib/thumb/v7e-m+fp/hard\libc_nano.a(lib_a-exit.o)
                              c:/st/stm32cubeide_1.12.0/stm32cubeide/plugins/com.st.stm32cube.ide.mcu.externaltools.gnu-tools-for-stm32.10.3-2021.10.win32_1.0.200.202301161003/tools/bin/../lib/gcc/arm-none-eabi/10.3.1/../../../../arm-none-eabi/lib/thumb/v7e-m+fp/hard/crt0.o (exit)
c:/st/stm32cubeide_1.12.0/stm32cubeide/plugins/com.st.stm32cube.ide.mcu.externaltools.gnu-tools-for-stm32.10.3-2021.10.win32_1.0.200.202301161003/tools/bin/../lib/gcc/arm-none-eabi/10.3.1/../../../../arm-none-eabi/lib/thumb/v7e-m+fp/hard\libc_nano.a(lib_a-impure.o)
                              c:/st/stm32cubeide_1.12.0/stm32cubeide/plugins/com.st.stm32cube.ide.mcu.externaltools.gnu-tools-for-stm32.10.3-2021.10.win32_1.0.200.202301161003/tools/bin/../lib/gcc/arm-none-eabi/10.3.1/../../../../arm-none-eabi/lib/thumb/v7e-m+fp/hard\libc_nano.a(lib_a-exit.o) (_global_impure_ptr)
c:/st/stm32cubeide_1.12.0/stm32cubeide/plugins/com.st.stm32cube.ide.mcu.externaltools.gnu-tools-for-stm32.10.3-2021.10.win32_1.0.200.202301161003/tools/bin/../lib/gcc/arm-none-eabi/10.3.1/../../../../arm-none-eabi/lib/thumb/v7e-m+fp/hard\libc_nano.a(lib_a-init.o)
                              c:/st/stm32cubeide_1.12.0/stm32cubeide/plugins/com.st.stm32cube.ide.mcu.externaltools.gnu-tools-for-stm32.10.3-2021.10.win32_1.0.200.202301161003/tools/bin/../lib/gcc/arm-none-eabi/10.3.1/../../../../arm-none-eabi/lib/thumb/v7e-m+fp/hard/crt0.o (__libc_init_array)
c:/st/stm32cubeide_1.12.0/stm32cubeide/plugins/com.st.stm32cube.ide.mcu.externaltools.gnu-tools-for-stm32.10.3-2021.10.win32_1.0.200.202301161003/tools/bin/../lib/gcc/arm-none-eabi/10.3.1/../../../../arm-none-eabi/lib/thumb/v7e-m+fp/hard\libc_nano.a(lib_a-malloc.o)
                              ./Application/User/Core/measurements.o (malloc)
c:/st/stm32cubeide_1.12.0/stm32cubeide/plugins/com.st.stm32cube.ide.mcu.externaltools.gnu-tools-for-stm32.10.3-2021.10.win32_1.0.200.202301161003/tools/bin/../lib/gcc/arm-none-eabi/10.3.1/../../../../arm-none-eabi/lib/thumb/v7e-m+fp/hard\libc_nano.a(lib_a-memcpy-stub.o)
                              ./Application/User/Core/command_processor.o (memcpy)
c:/st/stm32cubeide_1.12.0/stm32cubeide/plugins/com.st.stm32cube.ide.mcu.externaltools.gnu-tools-for-stm32.10.3-2021.10.win32_1.0.200.202301161003/tools/bin/../lib/gcc/arm-none-eabi/10.3.1/../../../../arm-none-eabi/lib/thumb/v7e-m+fp/hard\libc_nano.a(lib_a-memset.o)
                              c:/st/stm32cubeide_1.12.0/stm32cubeide/plugins/com.st.stm32cube.ide.mcu.externaltools.gnu-tools-for-stm32.10.3-2021.10.win32_1.0.200.202301161003/tools/bin/../lib/gcc/arm-none-eabi/10.3.1/../../../../arm-none-eabi/lib/thumb/v7e-m+fp/hard/crt0.o (memset)
c:/st/stm32cubeide_1.12.0/stm32cubeide/plugins/com.st.stm32cube.ide.mcu.externaltools.gnu-tools-for-stm32.10.3-2021.10.win32_1.0.200.202301161003/tools/bin/../lib/gcc/arm-none-eabi/10.3.1/../../../../arm-none-eabi/lib/thumb/v7e-m+fp/hard\libc_nano.a(lib_a-nano-freer.o)
                              c:/st/stm32cubeide_1.12.0/stm32cubeide/plugins/com.st.stm32cube.ide.mcu.externaltools.gnu-tools-for-stm32.10.3-2021.10.win32_1.0.200.202301161003/tools/bin/../lib/gcc/arm-none-eabi/10.3.1/../../../../arm-none-eabi/lib/thumb/v7e-m+fp/hard\libc_nano.a(lib_a-malloc.o) (_free_r)
c:/st/stm32cubeide_1.12.0/stm32cubeide/plugins/com.st.stm32cube.ide.mcu.externaltools.gnu-tools-for-stm32.10.3-2021.10.win32_1.0.200.202301161003/tools/bin/../lib/gcc/arm-none-eabi/10.3.1/../../../../arm-none-eabi/lib/thumb/v7e-m+fp/hard\libc_nano.a(lib_a-nano-mallocr.o)
                              c:/st/stm32cubeide_1.12.0/stm32cubeide/plugins/com.st.stm32cube.ide.mcu.externaltools.gnu-tools-for-stm32.10.3-2021.10.win32_1.0.200.202301161003/tools/bin/../lib/gcc/arm-none-eabi/10.3.1/../../../../arm-none-eabi/lib/thumb/v7e-m+fp/hard\libc_nano.a(lib_a-malloc.o) (_malloc_r)
[...]
Memory Configuration

Name             Origin             Length             Attributes
FLASH            0x0000000008000000 0x0000000000080000 xr
RAM1             0x0000000020000004 0x000000000000fffc xrw
RAM_SHARED       0x0000000020030000 0x0000000000002800 xrw
*default*        0x0000000000000000 0xffffffffffffffff

Linker script and memory map

LOAD c:/st/stm32cubeide_1.12.0/stm32cubeide/plugins/com.st.stm32cube.ide.mcu.externaltools.gnu-tools-for-stm32.10.3-2021.10.win32_1.0.200.202301161003/tools/bin/../lib/gcc/arm-none-eabi/10.3.1/thumb/v7e-m+fp/hard/crti.o
LOAD c:/st/stm32cubeide_1.12.0/stm32cubeide/plugins/com.st.stm32cube.ide.mcu.externaltools.gnu-tools-for-stm32.10.3-2021.10.win32_1.0.200.202301161003/tools/bin/../lib/gcc/arm-none-eabi/10.3.1/thumb/v7e-m+fp/hard/crtbegin.o
LOAD c:/st/stm32cubeide_1.12.0/stm32cubeide/plugins/com.st.stm32cube.ide.mcu.externaltools.gnu-tools-for-stm32.10.3-2021.10.win32_1.0.200.202301161003/tools/bin/../lib/gcc/arm-none-eabi/10.3.1/../../../../arm-none-eabi/lib/thumb/v7e-m+fp/hard/crt0.o
LOAD ./Application/User/Core/adc.o
LOAD ./Application/User/Core/adc_control.o
LOAD ./Application/User/Core/command_processor.o
LOAD ./Application/User/Core/dma.o
LOAD ./Application/User/Core/gpio.o
LOAD ./Application/User/Core/ipcc.o
LOAD ./Application/User/Core/main.o
LOAD ./Application/User/Core/measurements.o
LOAD ./Application/User/Core/pll_maxim.o
LOAD ./Application/User/Core/spi.o
LOAD ./Application/User/Core/stm32wbxx_hal_msp.o
LOAD ./Application/User/Core/stm32wbxx_it.o
LOAD ./Application/User/Core/syscalls.o
LOAD ./Application/User/Core/sysmem.o
LOAD ./Application/User/Core/tim.o
LOAD ./Application/User/Core/usart.o
LOAD ./Application/User/Startup/startup_stm32wb50cgux.o
LOAD ./Drivers/CMSIS/system_stm32wbxx.o
LOAD ./Drivers/STM32WBxx_HAL_Driver/stm32wbxx_hal.o
LOAD ./Drivers/STM32WBxx_HAL_Driver/stm32wbxx_hal_adc.o
LOAD ./Drivers/STM32WBxx_HAL_Driver/stm32wbxx_hal_adc_ex.o
LOAD ./Drivers/STM32WBxx_HAL_Driver/stm32wbxx_hal_cortex.o
LOAD ./Drivers/STM32WBxx_HAL_Driver/stm32wbxx_hal_dma.o
LOAD ./Drivers/STM32WBxx_HAL_Driver/stm32wbxx_hal_dma_ex.o
LOAD ./Drivers/STM32WBxx_HAL_Driver/stm32wbxx_hal_exti.o
LOAD ./Drivers/STM32WBxx_HAL_Driver/stm32wbxx_hal_flash.o
LOAD ./Drivers/STM32WBxx_HAL_Driver/stm32wbxx_hal_flash_ex.o
LOAD ./Drivers/STM32WBxx_HAL_Driver/stm32wbxx_hal_gpio.o
LOAD ./Drivers/STM32WBxx_HAL_Driver/stm32wbxx_hal_hsem.o
LOAD ./Drivers/STM32WBxx_HAL_Driver/stm32wbxx_hal_ipcc.o
LOAD ./Drivers/STM32WBxx_HAL_Driver/stm32wbxx_hal_pwr.o
LOAD ./Drivers/STM32WBxx_HAL_Driver/stm32wbxx_hal_pwr_ex.o
LOAD ./Drivers/STM32WBxx_HAL_Driver/stm32wbxx_hal_rcc.o
LOAD ./Drivers/STM32WBxx_HAL_Driver/stm32wbxx_hal_rcc_ex.o
LOAD ./Drivers/STM32WBxx_HAL_Driver/stm32wbxx_hal_spi.o
LOAD ./Drivers/STM32WBxx_HAL_Driver/stm32wbxx_hal_spi_ex.o
LOAD ./Drivers/STM32WBxx_HAL_Driver/stm32wbxx_hal_tim.o
LOAD ./Drivers/STM32WBxx_HAL_Driver/stm32wbxx_hal_tim_ex.o
LOAD ./Drivers/STM32WBxx_HAL_Driver/stm32wbxx_hal_uart.o
LOAD ./Drivers/STM32WBxx_HAL_Driver/stm32wbxx_hal_uart_ex.o
LOAD ./Drivers/STM32WBxx_HAL_Driver/stm32wbxx_ll_adc.o
LOAD ./Drivers/STM32WBxx_HAL_Driver/stm32wbxx_ll_rcc.o
START GROUP
LOAD c:/st/stm32cubeide_1.12.0/stm32cubeide/plugins/com.st.stm32cube.ide.mcu.externaltools.gnu-tools-for-stm32.10.3-2021.10.win32_1.0.200.202301161003/tools/bin/../lib/gcc/arm-none-eabi/10.3.1/../../../../arm-none-eabi/lib/thumb/v7e-m+fp/hard\libc_nano.a
LOAD c:/st/stm32cubeide_1.12.0/stm32cubeide/plugins/com.st.stm32cube.ide.mcu.externaltools.gnu-tools-for-stm32.10.3-2021.10.win32_1.0.200.202301161003/tools/bin/../lib/gcc/arm-none-eabi/10.3.1/../../../../arm-none-eabi/lib/thumb/v7e-m+fp/hard\libm.a
END GROUP
START GROUP
LOAD c:/st/stm32cubeide_1.12.0/stm32cubeide/plugins/com.st.stm32cube.ide.mcu.externaltools.gnu-tools-for-stm32.10.3-2021.10.win32_1.0.200.202301161003/tools/bin/../lib/gcc/arm-none-eabi/10.3.1/thumb/v7e-m+fp/hard\libgcc.a
LOAD c:/st/stm32cubeide_1.12.0/stm32cubeide/plugins/com.st.stm32cube.ide.mcu.externaltools.gnu-tools-for-stm32.10.3-2021.10.win32_1.0.200.202301161003/tools/bin/../lib/gcc/arm-none-eabi/10.3.1/../../../../arm-none-eabi/lib/thumb/v7e-m+fp/hard\libc_nano.a
END GROUP
START GROUP
LOAD c:/st/stm32cubeide_1.12.0/stm32cubeide/plugins/com.st.stm32cube.ide.mcu.externaltools.gnu-tools-for-stm32.10.3-2021.10.win32_1.0.200.202301161003/tools/bin/../lib/gcc/arm-none-eabi/10.3.1/thumb/v7e-m+fp/hard\libgcc.a
LOAD c:/st/stm32cubeide_1.12.0/stm32cubeide/plugins/com.st.stm32cube.ide.mcu.externaltools.gnu-tools-for-stm32.10.3-2021.10.win32_1.0.200.202301161003/tools/bin/../lib/gcc/arm-none-eabi/10.3.1/../../../../arm-none-eabi/lib/thumb/v7e-m+fp/hard\libc_nano.a
END GROUP
LOAD c:/st/stm32cubeide_1.12.0/stm32cubeide/plugins/com.st.stm32cube.ide.mcu.externaltools.gnu-tools-for-stm32.10.3-2021.10.win32_1.0.200.202301161003/tools/bin/../lib/gcc/arm-none-eabi/10.3.1/thumb/v7e-m+fp/hard/crtend.o
LOAD c:/st/stm32cubeide_1.12.0/stm32cubeide/plugins/com.st.stm32cube.ide.mcu.externaltools.gnu-tools-for-stm32.10.3-2021.10.win32_1.0.200.202301161003/tools/bin/../lib/gcc/arm-none-eabi/10.3.1/thumb/v7e-m+fp/hard/crtn.o
                0x0000000020010000                _estack = (ORIGIN (RAM1) + LENGTH (RAM1))
                0x0000000000000200                _Min_Heap_Size = 0x200
                0x0000000000000400                _Min_Stack_Size = 0x400

.isr_vector     0x0000000008000000      0x13c
                0x0000000008000000                . = ALIGN (0x4)
 *(.isr_vector)
 .isr_vector    0x0000000008000000      0x13c ./Application/User/Startup/startup_stm32wb50cgux.o
                0x0000000008000000                g_pfnVectors
                0x000000000800013c                . = ALIGN (0x4)

.text           0x0000000008000140     0xca30
                0x0000000008000140                . = ALIGN (0x4)
 *(.text)
 .text          0x0000000008000140       0x40 c:/st/stm32cubeide_1.12.0/stm32cubeide/plugins/com.st.stm32cube.ide.mcu.externaltools.gnu-tools-for-stm32.10.3-2021.10.win32_1.0.200.202301161003/tools/bin/../lib/gcc/arm-none-eabi/10.3.1/thumb/v7e-m+fp/hard/crtbegin.o
 .text          0x0000000008000180       0x14 c:/st/stm32cubeide_1.12.0/stm32cubeide/plugins/com.st.stm32cube.ide.mcu.externaltools.gnu-tools-for-stm32.10.3-2021.10.win32_1.0.200.202301161003/tools/bin/../lib/gcc/arm-none-eabi/10.3.1/../../../../arm-none-eabi/lib/thumb/v7e-m+fp/hard\libc_nano.a(lib_a-strcmp.o)
                0x0000000008000180                strcmp
 .text          0x0000000008000194       0x10 c:/st/stm32cubeide_1.12.0/stm32cubeide/plugins/com.st.stm32cube.ide.mcu.externaltools.gnu-tools-for-stm32.10.3-2021.10.win32_1.0.200.202301161003/tools/bin/../lib/gcc/arm-none-eabi/10.3.1/../../../../arm-none-eabi/lib/thumb/v7e-m+fp/hard\libc_nano.a(lib_a-strlen.o)
                0x0000000008000194                strlen
 *fill*         0x00000000080001a4        0xc 
 .text          0x00000000080001b0       0xa0 c:/st/stm32cubeide_1.12.0/stm32cubeide/plugins/com.st.stm32cube.ide.mcu.externaltools.gnu-tools-for-stm32.10.3-2021.10.win32_1.0.200.202301161003/tools/bin/../lib/gcc/arm-none-eabi/10.3.1/../../../../arm-none-eabi/lib/thumb/v7e-m+fp/hard\libc_nano.a(lib_a-memchr.o)
                0x00000000080001b0                memchr
 .text          0x0000000008000250      0x378 c:/st/stm32cubeide_1.12.0/stm32cubeide/plugins/com.st.stm32cube.ide.mcu.externaltools.gnu-tools-for-stm32.10.3-2021.10.win32_1.0.200.202301161003/tools/bin/../lib/gcc/arm-none-eabi/10.3.1/thumb/v7e-m+fp/hard\libgcc.a(_arm_addsubdf3.o)
                0x0000000008000250                __aeabi_drsub
                0x0000000008000258                __aeabi_dsub
                0x0000000008000258                __subdf3
                0x000000000800025c                __aeabi_dadd
                0x000000000800025c                __adddf3
                0x00000000080004d4                __floatunsidf
                0x00000000080004d4                __aeabi_ui2d
                0x00000000080004f4                __floatsidf
                0x00000000080004f4                __aeabi_i2d
                0x0000000008000518                __aeabi_f2d
                0x0000000008000518                __extendsfdf2
                0x000000000800055c                __floatundidf
                0x000000000800055c                __aeabi_ul2d
                0x000000000800056c                __floatdidf
                0x000000000800056c                __aeabi_l2d
 .text          0x00000000080005c8      0x424 c:/st/stm32cubeide_1.12.0/stm32cubeide/plugins/com.st.stm32cube.ide.mcu.externaltools.gnu-tools-for-stm32.10.3-2021.10.win32_1.0.200.202301161003/tools/bin/../lib/gcc/arm-none-eabi/10.3.1/thumb/v7e-m+fp/hard\libgcc.a(_arm_muldivdf3.o)
                0x00000000080005c8                __aeabi_dmul
                0x00000000080005c8                __muldf3
                0x000000000800081c                __divdf3
                0x000000000800081c                __aeabi_ddiv
 .text          0x00000000080009ec      0x110 c:/st/stm32cubeide_1.12.0/stm32cubeide/plugins/com.st.stm32cube.ide.mcu.externaltools.gnu-tools-for-stm32.10.3-2021.10.win32_1.0.200.202301161003/tools/bin/../lib/gcc/arm-none-eabi/10.3.1/thumb/v7e-m+fp/hard\libgcc.a(_arm_cmpdf2.o)
                0x00000000080009ec                __gtdf2
                0x00000000080009ec                __gedf2
                0x00000000080009f4                __ltdf2
                0x00000000080009f4                __ledf2
                0x00000000080009fc                __nedf2
                0x00000000080009fc                __eqdf2
                0x00000000080009fc                __cmpdf2
                0x0000000008000a78                __aeabi_cdrcmple
                0x0000000008000a88                __aeabi_cdcmpeq
                0x0000000008000a88                __aeabi_cdcmple
                0x0000000008000a98                __aeabi_dcmpeq
                0x0000000008000aac                __aeabi_dcmplt
                0x0000000008000ac0                __aeabi_dcmple
                0x0000000008000ad4                __aeabi_dcmpge
                0x0000000008000ae8                __aeabi_dcmpgt
 .text          0x0000000008000afc       0x2c c:/st/stm32cubeide_1.12.0/stm32cubeide/plugins/com.st.stm32cube.ide.mcu.externaltools.gnu-tools-for-stm32.10.3-2021.10.win32_1.0.200.202301161003/tools/bin/../lib/gcc/arm-none-eabi/10.3.1/thumb/v7e-m+fp/hard\libgcc.a(_arm_unorddf2.o)
                0x0000000008000afc                __unorddf2
                0x0000000008000afc                __aeabi_dcmpun
 .text          0x0000000008000b28       0x50 c:/st/stm32cubeide_1.12.0/stm32cubeide/plugins/com.st.stm32cube.ide.mcu.externaltools.gnu-tools-for-stm32.10.3-2021.10.win32_1.0.200.202301161003/tools/bin/../lib/gcc/arm-none-eabi/10.3.1/thumb/v7e-m+fp/hard\libgcc.a(_arm_fixdfsi.o)
                0x0000000008000b28                __aeabi_d2iz
                0x0000000008000b28                __fixdfsi
 .text          0x0000000008000b78       0xa0 c:/st/stm32cubeide_1.12.0/stm32cubeide/plugins/com.st.stm32cube.ide.mcu.externaltools.gnu-tools-for-stm32.10.3-2021.10.win32_1.0.200.202301161003/tools/bin/../lib/gcc/arm-none-eabi/10.3.1/thumb/v7e-m+fp/hard\libgcc.a(_arm_truncdfsf2.o)
                0x0000000008000b78                __truncdfsf2
                0x0000000008000b78                __aeabi_d2f
 *(.text*)
 .text.LL_AHB2_GRP1_EnableClock
                0x0000000008000c18       0x32 ./Application/User/Core/adc.o
 *fill*         0x0000000008000c4a        0x2 
 .text.MX_ADC1_Init
                0x0000000008000c4c       0xe0 ./Application/User/Core/adc.o
                0x0000000008000c4c                MX_ADC1_Init
 .text.HAL_ADC_MspInit
                0x0000000008000d2c       0x84 ./Application/User/Core/adc.o
                0x0000000008000d2c                HAL_ADC_MspInit
 .text.read_raw
                0x0000000008000db0       0x34 ./Application/User/Core/adc_control.o
                0x0000000008000db0                read_raw
 .text.process_arguments_int
                0x0000000008000de4      0x122 ./Application/User/Core/command_processor.o
                0x0000000008000de4                process_arguments_int
 .text.process_arguments_hex
                0x0000000008000f06      0x126 ./Application/User/Core/command_processor.o
                0x0000000008000f06                process_arguments_hex
 .text.process_command_string
                0x000000000800102c      0x308 ./Application/User/Core/command_processor.o
                0x000000000800102c                process_command_string
 .text.LL_AHB1_GRP1_EnableClock
                0x0000000008001334       0x32 ./Application/User/Core/dma.o
 .text.MX_DMA_Init
                0x0000000008001366       0x24 ./Application/User/Core/dma.o
                0x0000000008001366                MX_DMA_Init
 .text.LL_AHB2_GRP1_EnableClock
                0x000000000800138a       0x32 ./Application/User/Core/gpio.o
 .text.MX_GPIO_Init
                0x00000000080013bc       0xcc ./Application/User/Core/gpio.o
                0x00000000080013bc                MX_GPIO_Init
 .text.LL_AHB3_GRP1_EnableClock
                0x0000000008001488       0x32 ./Application/User/Core/ipcc.o
 *fill*         0x00000000080014ba        0x2 
 .text.MX_IPCC_Init
                0x00000000080014bc       0x28 ./Application/User/Core/ipcc.o
                0x00000000080014bc                MX_IPCC_Init
 .text.HAL_IPCC_MspInit
                0x00000000080014e4       0x48 ./Application/User/Core/ipcc.o
                0x00000000080014e4                HAL_IPCC_MspInit
 .text.ITM_SendChar
                0x000000000800152c       0x4e ./Application/User/Core/main.o
 .text._write   0x000000000800157a       0x38 ./Application/User/Core/main.o
                0x000000000800157a                _write
 *fill*         0x00000000080015b2        0x2 
 .text.HAL_TIM_PeriodElapsedCallback
                0x00000000080015b4       0x6c ./Application/User/Core/main.o
                0x00000000080015b4                HAL_TIM_PeriodElapsedCallback
 .text.do_commands
                0x0000000008001620      0x590 ./Application/User/Core/main.o
                0x0000000008001620                do_commands
 .text.main     0x0000000008001bb0       0xb4 ./Application/User/Core/main.o
                0x0000000008001bb0                main
 .text.SystemClock_Config
                0x0000000008001c64       0xb4 ./Application/User/Core/main.o
                0x0000000008001c64                SystemClock_Config
 .text.HAL_UARTEx_RxEventCallback
                0x0000000008001d18       0x58 ./Application/User/Core/main.o
                0x0000000008001d18                HAL_UARTEx_RxEventCallback
 .text.Error_Handler
                0x0000000008001d70        0xa ./Application/User/Core/main.o
                0x0000000008001d70                Error_Handler
 .text.EnableChip
                0x0000000008001d7a       0x14 ./Application/User/Core/pll_maxim.o
                0x0000000008001d7a                EnableChip
 .text.DisableChip
                0x0000000008001d8e       0x14 ./Application/User/Core/pll_maxim.o
                0x0000000008001d8e                DisableChip
 .text.EnableRFOutput
                0x0000000008001da2       0x14 ./Application/User/Core/pll_maxim.o
                0x0000000008001da2                EnableRFOutput
 .text.DisableRFOutput
                0x0000000008001db6       0x14 ./Application/User/Core/pll_maxim.o
                0x0000000008001db6                DisableRFOutput
 *fill*         0x0000000008001dca        0x2 
 .text.print_registers
                0x0000000008001dcc       0x80 ./Application/User/Core/pll_maxim.o
                0x0000000008001dcc                print_registers
 .text.setDIVA  0x0000000008001e4c      0x124 ./Application/User/Core/pll_maxim.o
                0x0000000008001e4c                setDIVA
 .text.setRFA_PWR
                0x0000000008001f70       0x44 ./Application/User/Core/pll_maxim.o
                0x0000000008001f70                setRFA_PWR
 .text.setN     0x0000000008001fb4       0x40 ./Application/User/Core/pll_maxim.o
                0x0000000008001fb4                setN
 .text.setR     0x0000000008001ff4       0x40 ./Application/User/Core/pll_maxim.o
                0x0000000008001ff4                setR
 .text.setIntegerMode
                0x0000000008002034       0x1c ./Application/User/Core/pll_maxim.o
                0x0000000008002034                setIntegerMode
 .text.set_requested_frequency
                0x0000000008002050       0xdc ./Application/User/Core/pll_maxim.o
                0x0000000008002050                set_requested_frequency
 *fill*         0x000000000800212c        0x4 
 .text.set_requested_frequency_NDIV
                0x0000000008002130       0xd4 ./Application/User/Core/pll_maxim.o
                0x0000000008002130                set_requested_frequency_NDIV
 .text.init_PLL
                0x0000000008002204       0x98 ./Application/User/Core/pll_maxim.o
                0x0000000008002204                init_PLL
 .text.write_regs_SOFT
                0x000000000800229c       0x64 ./Application/User/Core/pll_maxim.o
                0x000000000800229c                write_regs_SOFT
 .text.swap_words
                0x0000000008002300       0x1e ./Application/User/Core/pll_maxim.o
                0x0000000008002300                swap_words
 *fill*         0x000000000800231e        0x2 
 .text.write_reg
                0x0000000008002320       0x8c ./Application/User/Core/pll_maxim.o
                0x0000000008002320                write_reg
 .text.program_PLL
                0x00000000080023ac       0x5c ./Application/User/Core/pll_maxim.o
                0x00000000080023ac                program_PLL
 .text.write_to_PLL
                0x0000000008002408       0x58 ./Application/User/Core/pll_maxim.o
                0x0000000008002408                write_to_PLL
 .text.LL_AHB2_GRP1_EnableClock
                0x0000000008002460       0x32 ./Application/User/Core/spi.o
 .text.LL_APB2_GRP1_EnableClock
                0x0000000008002492       0x32 ./Application/User/Core/spi.o
 .text.MX_SPI1_Init
                0x00000000080024c4       0x7c ./Application/User/Core/spi.o
                0x00000000080024c4                MX_SPI1_Init
 .text.HAL_SPI_MspInit
                0x0000000008002540       0xbc ./Application/User/Core/spi.o
                0x0000000008002540                HAL_SPI_MspInit
 .text.HAL_MspInit
                0x00000000080025fc        0xe ./Application/User/Core/stm32wbxx_hal_msp.o
                0x00000000080025fc                HAL_MspInit
 .text.NMI_Handler
                0x000000000800260a        0x6 ./Application/User/Core/stm32wbxx_it.o
                0x000000000800260a                NMI_Handler
 .text.HardFault_Handler
                0x0000000008002610        0x6 ./Application/User/Core/stm32wbxx_it.o
                0x0000000008002610                HardFault_Handler
 .text.MemManage_Handler
                0x0000000008002616        0x6 ./Application/User/Core/stm32wbxx_it.o
                0x0000000008002616                MemManage_Handler
 .text.BusFault_Handler
                0x000000000800261c        0x6 ./Application/User/Core/stm32wbxx_it.o
                0x000000000800261c                BusFault_Handler
 .text.UsageFault_Handler
                0x0000000008002622        0x6 ./Application/User/Core/stm32wbxx_it.o
                0x0000000008002622                UsageFault_Handler
 .text.SVC_Handler
                0x0000000008002628        0xe ./Application/User/Core/stm32wbxx_it.o
                0x0000000008002628                SVC_Handler
 .text.DebugMon_Handler
                0x0000000008002636        0xe ./Application/User/Core/stm32wbxx_it.o
                0x0000000008002636                DebugMon_Handler
 .text.PendSV_Handler
                0x0000000008002644        0xe ./Application/User/Core/stm32wbxx_it.o
                0x0000000008002644                PendSV_Handler
 .text.SysTick_Handler
                0x0000000008002652        0xc ./Application/User/Core/stm32wbxx_it.o
                0x0000000008002652                SysTick_Handler
 *fill*         0x000000000800265e        0x2 
 .text.DMA1_Channel1_IRQHandler
                0x0000000008002660       0x14 ./Application/User/Core/stm32wbxx_it.o
                0x0000000008002660                DMA1_Channel1_IRQHandler
 .text.TIM2_IRQHandler
                0x0000000008002674       0x14 ./Application/User/Core/stm32wbxx_it.o
                0x0000000008002674                TIM2_IRQHandler
 .text.USART1_IRQHandler
                0x0000000008002688       0x14 ./Application/User/Core/stm32wbxx_it.o
                0x0000000008002688                USART1_IRQHandler
 .text.IPCC_C1_RX_IRQHandler
                0x000000000800269c       0x14 ./Application/User/Core/stm32wbxx_it.o
                0x000000000800269c                IPCC_C1_RX_IRQHandler
 .text.IPCC_C1_TX_IRQHandler
                0x00000000080026b0       0x14 ./Application/User/Core/stm32wbxx_it.o
                0x00000000080026b0                IPCC_C1_TX_IRQHandler
 .text._getpid  0x00000000080026c4       0x10 ./Application/User/Core/syscalls.o
                0x00000000080026c4                _getpid
 .text._kill    0x00000000080026d4       0x20 ./Application/User/Core/syscalls.o
                0x00000000080026d4                _kill
 .text._exit    0x00000000080026f4       0x14 ./Application/User/Core/syscalls.o
                0x00000000080026f4                _exit
 .text._read    0x0000000008002708       0x3a ./Application/User/Core/syscalls.o
                0x0000000008002708                _read
 .text._close   0x0000000008002742       0x18 ./Application/User/Core/syscalls.o
                0x0000000008002742                _close
 .text._fstat   0x000000000800275a       0x20 ./Application/User/Core/syscalls.o
                0x000000000800275a                _fstat
 .text._isatty  0x000000000800277a       0x16 ./Application/User/Core/syscalls.o
                0x000000000800277a                _isatty
 .text._lseek   0x0000000008002790       0x1a ./Application/User/Core/syscalls.o
                0x0000000008002790                _lseek
 *fill*         0x00000000080027aa        0x2 
 .text._sbrk    0x00000000080027ac       0x6c ./Application/User/Core/sysmem.o
                0x00000000080027ac                _sbrk
 .text.LL_APB1_GRP1_EnableClock
                0x0000000008002818       0x32 ./Application/User/Core/tim.o
 *fill*         0x000000000800284a        0x2 
 .text.MX_TIM2_Init
                0x000000000800284c       0x9c ./Application/User/Core/tim.o
                0x000000000800284c                MX_TIM2_Init
 .text.HAL_TIM_Base_MspInit
                0x00000000080028e8       0x30 ./Application/User/Core/tim.o
                0x00000000080028e8                HAL_TIM_Base_MspInit
 .text.LL_AHB2_GRP1_EnableClock
                0x0000000008002918       0x32 ./Application/User/Core/usart.o
 .text.LL_APB2_GRP1_EnableClock
                0x000000000800294a       0x32 ./Application/User/Core/usart.o
 .text.MX_USART1_UART_Init
                0x000000000800297c       0x98 ./Application/User/Core/usart.o
                0x000000000800297c                MX_USART1_UART_Init
 .text.HAL_UART_MspInit
                0x0000000008002a14       0x9c ./Application/User/Core/usart.o
                0x0000000008002a14                HAL_UART_MspInit
 .text.data_initializers
                0x0000000008002ab0       0x18 ./Application/User/Startup/startup_stm32wb50cgux.o
 .text.Reset_Handler
                0x0000000008002ac8       0x54 ./Application/User/Startup/startup_stm32wb50cgux.o
                0x0000000008002ac8                Reset_Handler
 .text.Default_Handler
                0x0000000008002b1c        0x2 ./Application/User/Startup/startup_stm32wb50cgux.o
                0x0000000008002b1c                RTC_Alarm_IRQHandler
                0x0000000008002b1c                EXTI2_IRQHandler
                0x0000000008002b1c                TIM1_CC_IRQHandler
                0x0000000008002b1c                TSC_IRQHandler
                0x0000000008002b1c                EXTI3_IRQHandler
                0x0000000008002b1c                LPTIM2_IRQHandler
                0x0000000008002b1c                EXTI0_IRQHandler
                0x0000000008002b1c                FPU_IRQHandler
                0x0000000008002b1c                TIM1_UP_TIM16_IRQHandler
                0x0000000008002b1c                SPI1_IRQHandler
                0x0000000008002b1c                PWR_SOTF_BLEACT_802ACT_RFPHASE_IRQHandler
                0x0000000008002b1c                DMA1_Channel4_IRQHandler
                0x0000000008002b1c                ADC1_IRQHandler
                0x0000000008002b1c                PKA_IRQHandler
                0x0000000008002b1c                DMA1_Channel7_IRQHandler
                0x0000000008002b1c                I2C1_EV_IRQHandler
                0x0000000008002b1c                DMAMUX1_OVR_IRQHandler
                0x0000000008002b1c                DMA1_Channel6_IRQHandler
                0x0000000008002b1c                RCC_IRQHandler
                0x0000000008002b1c                Default_Handler
                0x0000000008002b1c                EXTI15_10_IRQHandler
                0x0000000008002b1c                C2SEV_PWR_C2H_IRQHandler
                0x0000000008002b1c                AES2_IRQHandler
                0x0000000008002b1c                EXTI9_5_IRQHandler
                0x0000000008002b1c                RTC_WKUP_IRQHandler
                0x0000000008002b1c                PVD_PVM_IRQHandler
                0x0000000008002b1c                DMA1_Channel5_IRQHandler
                0x0000000008002b1c                EXTI4_IRQHandler
                0x0000000008002b1c                RNG_IRQHandler
                0x0000000008002b1c                TIM1_TRG_COM_TIM17_IRQHandler
                0x0000000008002b1c                TAMP_STAMP_LSECSS_IRQHandler
                0x0000000008002b1c                DMA1_Channel3_IRQHandler
                0x0000000008002b1c                HSEM_IRQHandler
                0x0000000008002b1c                WWDG_IRQHandler
                0x0000000008002b1c                TIM1_BRK_IRQHandler
                0x0000000008002b1c                EXTI1_IRQHandler
                0x0000000008002b1c                DMA1_Channel2_IRQHandler
                0x0000000008002b1c                FLASH_IRQHandler
                0x0000000008002b1c                I2C1_ER_IRQHandler
                0x0000000008002b1c                LPTIM1_IRQHandler
 *fill*         0x0000000008002b1e        0x2 
 .text.SystemInit
                0x0000000008002b20       0x9c ./Drivers/CMSIS/system_stm32wbxx.o
                0x0000000008002b20                SystemInit
 .text.HAL_Init
                0x0000000008002bbc       0x40 ./Drivers/STM32WBxx_HAL_Driver/stm32wbxx_hal.o
                0x0000000008002bbc                HAL_Init
 .text.HAL_InitTick
                0x0000000008002bfc       0x74 ./Drivers/STM32WBxx_HAL_Driver/stm32wbxx_hal.o
                0x0000000008002bfc                HAL_InitTick
 .text.HAL_IncTick
                0x0000000008002c70       0x28 ./Drivers/STM32WBxx_HAL_Driver/stm32wbxx_hal.o
                0x0000000008002c70                HAL_IncTick
 .text.HAL_GetTick
                0x0000000008002c98       0x18 ./Drivers/STM32WBxx_HAL_Driver/stm32wbxx_hal.o
                0x0000000008002c98                HAL_GetTick
 .text.HAL_GetTickPrio
                0x0000000008002cb0       0x18 ./Drivers/STM32WBxx_HAL_Driver/stm32wbxx_hal.o
                0x0000000008002cb0                HAL_GetTickPrio
 .text.HAL_Delay
                0x0000000008002cc8       0x48 ./Drivers/STM32WBxx_HAL_Driver/stm32wbxx_hal.o
                0x0000000008002cc8                HAL_Delay
 .text.LL_ADC_SetCommonClock
                0x0000000008002d10       0x26 ./Drivers/STM32WBxx_HAL_Driver/stm32wbxx_hal_adc.o
 .text.LL_ADC_SetCommonPathInternalCh
                0x0000000008002d36       0x26 ./Drivers/STM32WBxx_HAL_Driver/stm32wbxx_hal_adc.o
 .text.LL_ADC_GetCommonPathInternalCh
                0x0000000008002d5c       0x1c ./Drivers/STM32WBxx_HAL_Driver/stm32wbxx_hal_adc.o
 .text.LL_ADC_SetOffset
                0x0000000008002d78       0x48 ./Drivers/STM32WBxx_HAL_Driver/stm32wbxx_hal_adc.o
 .text.LL_ADC_GetOffsetChannel
                0x0000000008002dc0       0x2c ./Drivers/STM32WBxx_HAL_Driver/stm32wbxx_hal_adc.o
 .text.LL_ADC_SetOffsetState
                0x0000000008002dec       0x36 ./Drivers/STM32WBxx_HAL_Driver/stm32wbxx_hal_adc.o
 .text.LL_ADC_REG_IsTriggerSourceSWStart
                0x0000000008002e22       0x26 ./Drivers/STM32WBxx_HAL_Driver/stm32wbxx_hal_adc.o
 .text.LL_ADC_REG_SetSequencerRanks
                0x0000000008002e48       0x58 ./Drivers/STM32WBxx_HAL_Driver/stm32wbxx_hal_adc.o
 .text.LL_ADC_SetChannelSamplingTime
                0x0000000008002ea0       0x56 ./Drivers/STM32WBxx_HAL_Driver/stm32wbxx_hal_adc.o
 *fill*         0x0000000008002ef6        0x2 
 .text.LL_ADC_SetChannelSingleDiff
                0x0000000008002ef8       0x48 ./Drivers/STM32WBxx_HAL_Driver/stm32wbxx_hal_adc.o
 .text.LL_ADC_DisableDeepPowerDown
                0x0000000008002f40       0x24 ./Drivers/STM32WBxx_HAL_Driver/stm32wbxx_hal_adc.o
 .text.LL_ADC_IsDeepPowerDownEnabled
                0x0000000008002f64       0x28 ./Drivers/STM32WBxx_HAL_Driver/stm32wbxx_hal_adc.o
 .text.LL_ADC_EnableInternalRegulator
                0x0000000008002f8c       0x28 ./Drivers/STM32WBxx_HAL_Driver/stm32wbxx_hal_adc.o
 .text.LL_ADC_IsInternalRegulatorEnabled
                0x0000000008002fb4       0x28 ./Drivers/STM32WBxx_HAL_Driver/stm32wbxx_hal_adc.o
 .text.LL_ADC_Enable
                0x0000000008002fdc       0x28 ./Drivers/STM32WBxx_HAL_Driver/stm32wbxx_hal_adc.o
 .text.LL_ADC_Disable
                0x0000000008003004       0x28 ./Drivers/STM32WBxx_HAL_Driver/stm32wbxx_hal_adc.o
 .text.LL_ADC_IsEnabled
                0x000000000800302c       0x26 ./Drivers/STM32WBxx_HAL_Driver/stm32wbxx_hal_adc.o
 .text.LL_ADC_IsDisableOngoing
                0x0000000008003052       0x26 ./Drivers/STM32WBxx_HAL_Driver/stm32wbxx_hal_adc.o
 .text.LL_ADC_REG_StartConversion
                0x0000000008003078       0x28 ./Drivers/STM32WBxx_HAL_Driver/stm32wbxx_hal_adc.o
 .text.LL_ADC_REG_StopConversion
                0x00000000080030a0       0x28 ./Drivers/STM32WBxx_HAL_Driver/stm32wbxx_hal_adc.o
 .text.LL_ADC_REG_IsConversionOngoing
                0x00000000080030c8       0x26 ./Drivers/STM32WBxx_HAL_Driver/stm32wbxx_hal_adc.o
 .text.LL_ADC_INJ_StopConversion
                0x00000000080030ee       0x28 ./Drivers/STM32WBxx_HAL_Driver/stm32wbxx_hal_adc.o
 .text.LL_ADC_INJ_IsConversionOngoing
                0x0000000008003116       0x26 ./Drivers/STM32WBxx_HAL_Driver/stm32wbxx_hal_adc.o
 .text.HAL_ADC_Init
                0x000000000800313c      0x298 ./Drivers/STM32WBxx_HAL_Driver/stm32wbxx_hal_adc.o
                0x000000000800313c                HAL_ADC_Init
 .text.HAL_ADC_Start
                0x00000000080033d4       0xa8 ./Drivers/STM32WBxx_HAL_Driver/stm32wbxx_hal_adc.o
                0x00000000080033d4                HAL_ADC_Start
 .text.HAL_ADC_Stop
                0x000000000800347c       0x66 ./Drivers/STM32WBxx_HAL_Driver/stm32wbxx_hal_adc.o
                0x000000000800347c                HAL_ADC_Stop
 .text.HAL_ADC_PollForConversion
                0x00000000080034e2      0x11a ./Drivers/STM32WBxx_HAL_Driver/stm32wbxx_hal_adc.o
                0x00000000080034e2                HAL_ADC_PollForConversion
 .text.HAL_ADC_GetValue
                0x00000000080035fc       0x1a ./Drivers/STM32WBxx_HAL_Driver/stm32wbxx_hal_adc.o
                0x00000000080035fc                HAL_ADC_GetValue
 *fill*         0x0000000008003616        0x2 
 .text.HAL_ADC_ConfigChannel
                0x0000000008003618      0x78c ./Drivers/STM32WBxx_HAL_Driver/stm32wbxx_hal_adc.o
                0x0000000008003618                HAL_ADC_ConfigChannel
 .text.ADC_ConversionStop
                0x0000000008003da4      0x178 ./Drivers/STM32WBxx_HAL_Driver/stm32wbxx_hal_adc.o
                0x0000000008003da4                ADC_ConversionStop
 .text.ADC_Enable
                0x0000000008003f1c       0xf4 ./Drivers/STM32WBxx_HAL_Driver/stm32wbxx_hal_adc.o
                0x0000000008003f1c                ADC_Enable
 .text.ADC_Disable
                0x0000000008004010       0xbe ./Drivers/STM32WBxx_HAL_Driver/stm32wbxx_hal_adc.o
                0x0000000008004010                ADC_Disable
 *fill*         0x00000000080040ce        0x2 
 .text.__NVIC_SetPriorityGrouping
                0x00000000080040d0       0x48 ./Drivers/STM32WBxx_HAL_Driver/stm32wbxx_hal_cortex.o
 .text.__NVIC_GetPriorityGrouping
                0x0000000008004118       0x1c ./Drivers/STM32WBxx_HAL_Driver/stm32wbxx_hal_cortex.o
 .text.__NVIC_EnableIRQ
                0x0000000008004134       0x3c ./Drivers/STM32WBxx_HAL_Driver/stm32wbxx_hal_cortex.o
 .text.__NVIC_SetPriority
                0x0000000008004170       0x54 ./Drivers/STM32WBxx_HAL_Driver/stm32wbxx_hal_cortex.o
 .text.NVIC_EncodePriority
                0x00000000080041c4       0x66 ./Drivers/STM32WBxx_HAL_Driver/stm32wbxx_hal_cortex.o
 *fill*         0x000000000800422a        0x2 
 .text.SysTick_Config
                0x000000000800422c       0x44 ./Drivers/STM32WBxx_HAL_Driver/stm32wbxx_hal_cortex.o
 .text.HAL_NVIC_SetPriorityGrouping
                0x0000000008004270       0x16 ./Drivers/STM32WBxx_HAL_Driver/stm32wbxx_hal_cortex.o
                0x0000000008004270                HAL_NVIC_SetPriorityGrouping
 .text.HAL_NVIC_SetPriority
                0x0000000008004286       0x34 ./Drivers/STM32WBxx_HAL_Driver/stm32wbxx_hal_cortex.o
                0x0000000008004286                HAL_NVIC_SetPriority
 .text.HAL_NVIC_EnableIRQ
                0x00000000080042ba       0x1c ./Drivers/STM32WBxx_HAL_Driver/stm32wbxx_hal_cortex.o
                0x00000000080042ba                HAL_NVIC_EnableIRQ
 .text.HAL_SYSTICK_Config
                0x00000000080042d6       0x18 ./Drivers/STM32WBxx_HAL_Driver/stm32wbxx_hal_cortex.o
                0x00000000080042d6                HAL_SYSTICK_Config
 *fill*         0x00000000080042ee        0x2 
 .text.HAL_DMA_Init
                0x00000000080042f0      0x118 ./Drivers/STM32WBxx_HAL_Driver/stm32wbxx_hal_dma.o
                0x00000000080042f0                HAL_DMA_Init
 .text.HAL_DMA_Abort
                0x0000000008004408       0xbe ./Drivers/STM32WBxx_HAL_Driver/stm32wbxx_hal_dma.o
                0x0000000008004408                HAL_DMA_Abort
 .text.HAL_DMA_Abort_IT
                0x00000000080044c6       0xbe ./Drivers/STM32WBxx_HAL_Driver/stm32wbxx_hal_dma.o
                0x00000000080044c6                HAL_DMA_Abort_IT
 .text.HAL_DMA_IRQHandler
                0x0000000008004584      0x15e ./Drivers/STM32WBxx_HAL_Driver/stm32wbxx_hal_dma.o
                0x0000000008004584                HAL_DMA_IRQHandler
 *fill*         0x00000000080046e2        0x2 
 .text.DMA_CalcDMAMUXChannelBaseAndMask
                0x00000000080046e4       0x58 ./Drivers/STM32WBxx_HAL_Driver/stm32wbxx_hal_dma.o
 .text.DMA_CalcDMAMUXRequestGenBaseAndMask
                0x000000000800473c       0x4c ./Drivers/STM32WBxx_HAL_Driver/stm32wbxx_hal_dma.o
 .text.HAL_GPIO_Init
                0x0000000008004788      0x2d0 ./Drivers/STM32WBxx_HAL_Driver/stm32wbxx_hal_gpio.o
                0x0000000008004788                HAL_GPIO_Init
 .text.HAL_GPIO_WritePin
                0x0000000008004a58       0x30 ./Drivers/STM32WBxx_HAL_Driver/stm32wbxx_hal_gpio.o
                0x0000000008004a58                HAL_GPIO_WritePin
 .text.HAL_GPIO_TogglePin
                0x0000000008004a88       0x34 ./Drivers/STM32WBxx_HAL_Driver/stm32wbxx_hal_gpio.o
                0x0000000008004a88                HAL_GPIO_TogglePin
 .text.HAL_IPCC_Init
                0x0000000008004abc       0x64 ./Drivers/STM32WBxx_HAL_Driver/stm32wbxx_hal_ipcc.o
                0x0000000008004abc                HAL_IPCC_Init
 .text.HAL_IPCC_TX_IRQHandler
                0x0000000008004b20       0x9c ./Drivers/STM32WBxx_HAL_Driver/stm32wbxx_hal_ipcc.o
                0x0000000008004b20                HAL_IPCC_TX_IRQHandler
 .text.HAL_IPCC_RX_IRQHandler
                0x0000000008004bbc       0x98 ./Drivers/STM32WBxx_HAL_Driver/stm32wbxx_hal_ipcc.o
                0x0000000008004bbc                HAL_IPCC_RX_IRQHandler
 .text.HAL_IPCC_RxCallback
                0x0000000008004c54       0x1a ./Drivers/STM32WBxx_HAL_Driver/stm32wbxx_hal_ipcc.o
                0x0000000008004c54                HAL_IPCC_RxCallback
 .text.HAL_IPCC_TxCallback
                0x0000000008004c6e       0x1a ./Drivers/STM32WBxx_HAL_Driver/stm32wbxx_hal_ipcc.o
                0x0000000008004c6e                HAL_IPCC_TxCallback
 .text.IPCC_SetDefaultCallbacks
                0x0000000008004c88       0x4c ./Drivers/STM32WBxx_HAL_Driver/stm32wbxx_hal_ipcc.o
                0x0000000008004c88                IPCC_SetDefaultCallbacks
 .text.IPCC_Reset_Register
                0x0000000008004cd4       0x28 ./Drivers/STM32WBxx_HAL_Driver/stm32wbxx_hal_ipcc.o
                0x0000000008004cd4                IPCC_Reset_Register
 .text.HAL_PWR_EnableBkUpAccess
                0x0000000008004cfc       0x20 ./Drivers/STM32WBxx_HAL_Driver/stm32wbxx_hal_pwr.o
                0x0000000008004cfc                HAL_PWR_EnableBkUpAccess
 .text.LL_RCC_HSE_IsEnabledDiv2
                0x0000000008004d1c       0x24 ./Drivers/STM32WBxx_HAL_Driver/stm32wbxx_hal_rcc.o
 .text.LL_RCC_HSE_Enable
                0x0000000008004d40       0x1e ./Drivers/STM32WBxx_HAL_Driver/stm32wbxx_hal_rcc.o
 .text.LL_RCC_HSE_Disable
                0x0000000008004d5e       0x1e ./Drivers/STM32WBxx_HAL_Driver/stm32wbxx_hal_rcc.o
 .text.LL_RCC_HSE_IsReady
                0x0000000008004d7c       0x24 ./Drivers/STM32WBxx_HAL_Driver/stm32wbxx_hal_rcc.o
 .text.LL_RCC_HSI_Enable
                0x0000000008004da0       0x1e ./Drivers/STM32WBxx_HAL_Driver/stm32wbxx_hal_rcc.o
 .text.LL_RCC_HSI_Disable
                0x0000000008004dbe       0x1e ./Drivers/STM32WBxx_HAL_Driver/stm32wbxx_hal_rcc.o
 .text.LL_RCC_HSI_IsReady
                0x0000000008004ddc       0x24 ./Drivers/STM32WBxx_HAL_Driver/stm32wbxx_hal_rcc.o
 .text.LL_RCC_HSI_SetCalibTrimming
                0x0000000008004e00       0x2a ./Drivers/STM32WBxx_HAL_Driver/stm32wbxx_hal_rcc.o
 .text.LL_RCC_HSI48_Enable
                0x0000000008004e2a       0x22 ./Drivers/STM32WBxx_HAL_Driver/stm32wbxx_hal_rcc.o
 .text.LL_RCC_HSI48_Disable
                0x0000000008004e4c       0x22 ./Drivers/STM32WBxx_HAL_Driver/stm32wbxx_hal_rcc.o
 .text.LL_RCC_HSI48_IsReady
                0x0000000008004e6e       0x24 ./Drivers/STM32WBxx_HAL_Driver/stm32wbxx_hal_rcc.o
 .text.LL_RCC_LSE_Enable
                0x0000000008004e92       0x22 ./Drivers/STM32WBxx_HAL_Driver/stm32wbxx_hal_rcc.o
 .text.LL_RCC_LSE_Disable
                0x0000000008004eb4       0x22 ./Drivers/STM32WBxx_HAL_Driver/stm32wbxx_hal_rcc.o
 .text.LL_RCC_LSE_EnableBypass
                0x0000000008004ed6       0x22 ./Drivers/STM32WBxx_HAL_Driver/stm32wbxx_hal_rcc.o
 .text.LL_RCC_LSE_DisableBypass
                0x0000000008004ef8       0x22 ./Drivers/STM32WBxx_HAL_Driver/stm32wbxx_hal_rcc.o
 .text.LL_RCC_LSE_IsReady
                0x0000000008004f1a       0x24 ./Drivers/STM32WBxx_HAL_Driver/stm32wbxx_hal_rcc.o
 .text.LL_RCC_LSI1_Enable
                0x0000000008004f3e       0x22 ./Drivers/STM32WBxx_HAL_Driver/stm32wbxx_hal_rcc.o
 .text.LL_RCC_LSI1_Disable
                0x0000000008004f60       0x22 ./Drivers/STM32WBxx_HAL_Driver/stm32wbxx_hal_rcc.o
 .text.LL_RCC_LSI1_IsReady
                0x0000000008004f82       0x24 ./Drivers/STM32WBxx_HAL_Driver/stm32wbxx_hal_rcc.o
 .text.LL_RCC_LSI2_Enable
                0x0000000008004fa6       0x22 ./Drivers/STM32WBxx_HAL_Driver/stm32wbxx_hal_rcc.o
 .text.LL_RCC_LSI2_Disable
                0x0000000008004fc8       0x22 ./Drivers/STM32WBxx_HAL_Driver/stm32wbxx_hal_rcc.o
 .text.LL_RCC_LSI2_IsReady
                0x0000000008004fea       0x24 ./Drivers/STM32WBxx_HAL_Driver/stm32wbxx_hal_rcc.o
 .text.LL_RCC_LSI2_SetTrimming
                0x000000000800500e       0x2e ./Drivers/STM32WBxx_HAL_Driver/stm32wbxx_hal_rcc.o
 .text.LL_RCC_MSI_Enable
                0x000000000800503c       0x1e ./Drivers/STM32WBxx_HAL_Driver/stm32wbxx_hal_rcc.o
 .text.LL_RCC_MSI_Disable
                0x000000000800505a       0x1e ./Drivers/STM32WBxx_HAL_Driver/stm32wbxx_hal_rcc.o
 .text.LL_RCC_MSI_IsReady
                0x0000000008005078       0x22 ./Drivers/STM32WBxx_HAL_Driver/stm32wbxx_hal_rcc.o
 .text.LL_RCC_MSI_SetRange
                0x000000000800509a       0x28 ./Drivers/STM32WBxx_HAL_Driver/stm32wbxx_hal_rcc.o
 .text.LL_RCC_MSI_GetRange
                0x00000000080050c2       0x2a ./Drivers/STM32WBxx_HAL_Driver/stm32wbxx_hal_rcc.o
 .text.LL_RCC_MSI_SetCalibTrimming
                0x00000000080050ec       0x2a ./Drivers/STM32WBxx_HAL_Driver/stm32wbxx_hal_rcc.o
 .text.LL_RCC_SetSysClkSource
                0x0000000008005116       0x28 ./Drivers/STM32WBxx_HAL_Driver/stm32wbxx_hal_rcc.o
 .text.LL_RCC_GetSysClkSource
                0x000000000800513e       0x18 ./Drivers/STM32WBxx_HAL_Driver/stm32wbxx_hal_rcc.o
 .text.LL_RCC_SetAHBPrescaler
                0x0000000008005156       0x28 ./Drivers/STM32WBxx_HAL_Driver/stm32wbxx_hal_rcc.o
 .text.LL_C2_RCC_SetAHBPrescaler
                0x000000000800517e       0x2c ./Drivers/STM32WBxx_HAL_Driver/stm32wbxx_hal_rcc.o
 .text.LL_RCC_SetAHB4Prescaler
                0x00000000080051aa       0x2e ./Drivers/STM32WBxx_HAL_Driver/stm32wbxx_hal_rcc.o
 .text.LL_RCC_SetAPB1Prescaler
                0x00000000080051d8       0x28 ./Drivers/STM32WBxx_HAL_Driver/stm32wbxx_hal_rcc.o
 .text.LL_RCC_SetAPB2Prescaler
                0x0000000008005200       0x28 ./Drivers/STM32WBxx_HAL_Driver/stm32wbxx_hal_rcc.o
 .text.LL_RCC_GetAHBPrescaler
                0x0000000008005228       0x18 ./Drivers/STM32WBxx_HAL_Driver/stm32wbxx_hal_rcc.o
 .text.LL_RCC_GetAHB4Prescaler
                0x0000000008005240       0x1c ./Drivers/STM32WBxx_HAL_Driver/stm32wbxx_hal_rcc.o
 .text.LL_RCC_GetAPB2Prescaler
                0x000000000800525c       0x18 ./Drivers/STM32WBxx_HAL_Driver/stm32wbxx_hal_rcc.o
 .text.LL_RCC_PLL_Enable
                0x0000000008005274       0x1e ./Drivers/STM32WBxx_HAL_Driver/stm32wbxx_hal_rcc.o
 .text.LL_RCC_PLL_Disable
                0x0000000008005292       0x1e ./Drivers/STM32WBxx_HAL_Driver/stm32wbxx_hal_rcc.o
 .text.LL_RCC_PLL_IsReady
                0x00000000080052b0       0x24 ./Drivers/STM32WBxx_HAL_Driver/stm32wbxx_hal_rcc.o
 .text.LL_RCC_PLL_GetN
                0x00000000080052d4       0x1a ./Drivers/STM32WBxx_HAL_Driver/stm32wbxx_hal_rcc.o
 .text.LL_RCC_PLL_GetR
                0x00000000080052ee       0x18 ./Drivers/STM32WBxx_HAL_Driver/stm32wbxx_hal_rcc.o
 .text.LL_RCC_PLL_GetDivider
                0x0000000008005306       0x18 ./Drivers/STM32WBxx_HAL_Driver/stm32wbxx_hal_rcc.o
 .text.LL_RCC_PLL_GetMainSource
                0x000000000800531e       0x18 ./Drivers/STM32WBxx_HAL_Driver/stm32wbxx_hal_rcc.o
 .text.LL_RCC_IsActiveFlag_HPRE
                0x0000000008005336       0x24 ./Drivers/STM32WBxx_HAL_Driver/stm32wbxx_hal_rcc.o
 .text.LL_RCC_IsActiveFlag_C2HPRE
                0x000000000800535a       0x26 ./Drivers/STM32WBxx_HAL_Driver/stm32wbxx_hal_rcc.o
 .text.LL_RCC_IsActiveFlag_SHDHPRE
                0x0000000008005380       0x26 ./Drivers/STM32WBxx_HAL_Driver/stm32wbxx_hal_rcc.o
 .text.LL_RCC_IsActiveFlag_PPRE1
                0x00000000080053a6       0x24 ./Drivers/STM32WBxx_HAL_Driver/stm32wbxx_hal_rcc.o
 .text.LL_RCC_IsActiveFlag_PPRE2
                0x00000000080053ca       0x24 ./Drivers/STM32WBxx_HAL_Driver/stm32wbxx_hal_rcc.o
 *fill*         0x00000000080053ee        0x2 
 .text.HAL_RCC_OscConfig
                0x00000000080053f0      0x6d4 ./Drivers/STM32WBxx_HAL_Driver/stm32wbxx_hal_rcc.o
                0x00000000080053f0                HAL_RCC_OscConfig
 .text.HAL_RCC_ClockConfig
                0x0000000008005ac4      0x280 ./Drivers/STM32WBxx_HAL_Driver/stm32wbxx_hal_rcc.o
                0x0000000008005ac4                HAL_RCC_ClockConfig
 .text.HAL_RCC_GetSysClockFreq
                0x0000000008005d44       0xd8 ./Drivers/STM32WBxx_HAL_Driver/stm32wbxx_hal_rcc.o
                0x0000000008005d44                HAL_RCC_GetSysClockFreq
 .text.HAL_RCC_GetHCLKFreq
                0x0000000008005e1c       0x28 ./Drivers/STM32WBxx_HAL_Driver/stm32wbxx_hal_rcc.o
                0x0000000008005e1c                HAL_RCC_GetHCLKFreq
 .text.HAL_RCC_GetPCLK2Freq
                0x0000000008005e44       0x2c ./Drivers/STM32WBxx_HAL_Driver/stm32wbxx_hal_rcc.o
                0x0000000008005e44                HAL_RCC_GetPCLK2Freq
 .text.RCC_SetFlashLatencyFromMSIRange
                0x0000000008005e70       0x6c ./Drivers/STM32WBxx_HAL_Driver/stm32wbxx_hal_rcc.o
 .text.RCC_SetFlashLatency
                0x0000000008005edc       0xa8 ./Drivers/STM32WBxx_HAL_Driver/stm32wbxx_hal_rcc.o
 .text.LL_RCC_LSE_IsEnabled
                0x0000000008005f84       0x24 ./Drivers/STM32WBxx_HAL_Driver/stm32wbxx_hal_rcc_ex.o
 .text.LL_RCC_LSE_IsReady
                0x0000000008005fa8       0x24 ./Drivers/STM32WBxx_HAL_Driver/stm32wbxx_hal_rcc_ex.o
 .text.LL_RCC_SetRFWKPClockSource
                0x0000000008005fcc       0x2c ./Drivers/STM32WBxx_HAL_Driver/stm32wbxx_hal_rcc_ex.o
 .text.LL_RCC_SetUSARTClockSource
                0x0000000008005ff8       0x2c ./Drivers/STM32WBxx_HAL_Driver/stm32wbxx_hal_rcc_ex.o
 .text.LL_RCC_SetI2CClockSource
                0x0000000008006024       0x3a ./Drivers/STM32WBxx_HAL_Driver/stm32wbxx_hal_rcc_ex.o
 .text.LL_RCC_SetLPTIMClockSource
                0x000000000800605e       0x34 ./Drivers/STM32WBxx_HAL_Driver/stm32wbxx_hal_rcc_ex.o
 .text.LL_RCC_SetRNGClockSource
                0x0000000008006092       0x2c ./Drivers/STM32WBxx_HAL_Driver/stm32wbxx_hal_rcc_ex.o
 .text.LL_RCC_SetCLK48ClockSource
                0x00000000080060be       0x2c ./Drivers/STM32WBxx_HAL_Driver/stm32wbxx_hal_rcc_ex.o
 .text.LL_RCC_SetADCClockSource
                0x00000000080060ea       0x2c ./Drivers/STM32WBxx_HAL_Driver/stm32wbxx_hal_rcc_ex.o
 .text.LL_RCC_SetRTCClockSource
                0x0000000008006116       0x2c ./Drivers/STM32WBxx_HAL_Driver/stm32wbxx_hal_rcc_ex.o
 .text.LL_RCC_GetRTCClockSource
                0x0000000008006142       0x1a ./Drivers/STM32WBxx_HAL_Driver/stm32wbxx_hal_rcc_ex.o
 .text.LL_RCC_ForceBackupDomainReset
                0x000000000800615c       0x22 ./Drivers/STM32WBxx_HAL_Driver/stm32wbxx_hal_rcc_ex.o
 .text.LL_RCC_ReleaseBackupDomainReset
                0x000000000800617e       0x22 ./Drivers/STM32WBxx_HAL_Driver/stm32wbxx_hal_rcc_ex.o
 .text.HAL_RCCEx_PeriphCLKConfig
                0x00000000080061a0      0x1b6 ./Drivers/STM32WBxx_HAL_Driver/stm32wbxx_hal_rcc_ex.o
                0x00000000080061a0                HAL_RCCEx_PeriphCLKConfig
 .text.HAL_SPI_Init
                0x0000000008006356      0x146 ./Drivers/STM32WBxx_HAL_Driver/stm32wbxx_hal_spi.o
                0x0000000008006356                HAL_SPI_Init
 .text.HAL_SPI_Transmit
                0x000000000800649c      0x2dc ./Drivers/STM32WBxx_HAL_Driver/stm32wbxx_hal_spi.o
                0x000000000800649c                HAL_SPI_Transmit
 .text.SPI_WaitFlagStateUntilTimeout
                0x0000000008006778      0x110 ./Drivers/STM32WBxx_HAL_Driver/stm32wbxx_hal_spi.o
 .text.SPI_WaitFifoStateUntilTimeout
                0x0000000008006888      0x12c ./Drivers/STM32WBxx_HAL_Driver/stm32wbxx_hal_spi.o
 .text.SPI_EndRxTxTransaction
                0x00000000080069b4       0x8c ./Drivers/STM32WBxx_HAL_Driver/stm32wbxx_hal_spi.o
 .text.HAL_TIM_Base_Init
                0x0000000008006a40       0xae ./Drivers/STM32WBxx_HAL_Driver/stm32wbxx_hal_tim.o
                0x0000000008006a40                HAL_TIM_Base_Init
 *fill*         0x0000000008006aee        0x2 
 .text.HAL_TIM_Base_Start_IT
                0x0000000008006af0       0x9c ./Drivers/STM32WBxx_HAL_Driver/stm32wbxx_hal_tim.o
                0x0000000008006af0                HAL_TIM_Base_Start_IT
 .text.HAL_TIM_IRQHandler
                0x0000000008006b8c      0x23e ./Drivers/STM32WBxx_HAL_Driver/stm32wbxx_hal_tim.o
                0x0000000008006b8c                HAL_TIM_IRQHandler
 .text.HAL_TIM_ConfigClockSource
                0x0000000008006dca      0x192 ./Drivers/STM32WBxx_HAL_Driver/stm32wbxx_hal_tim.o
                0x0000000008006dca                HAL_TIM_ConfigClockSource
 .text.HAL_TIM_OC_DelayElapsedCallback
                0x0000000008006f5c       0x14 ./Drivers/STM32WBxx_HAL_Driver/stm32wbxx_hal_tim.o
                0x0000000008006f5c                HAL_TIM_OC_DelayElapsedCallback
 .text.HAL_TIM_IC_CaptureCallback
                0x0000000008006f70       0x14 ./Drivers/STM32WBxx_HAL_Driver/stm32wbxx_hal_tim.o
                0x0000000008006f70                HAL_TIM_IC_CaptureCallback
 .text.HAL_TIM_PWM_PulseFinishedCallback
                0x0000000008006f84       0x14 ./Drivers/STM32WBxx_HAL_Driver/stm32wbxx_hal_tim.o
                0x0000000008006f84                HAL_TIM_PWM_PulseFinishedCallback
 .text.HAL_TIM_TriggerCallback
                0x0000000008006f98       0x14 ./Drivers/STM32WBxx_HAL_Driver/stm32wbxx_hal_tim.o
                0x0000000008006f98                HAL_TIM_TriggerCallback
 .text.TIM_Base_SetConfig
                0x0000000008006fac       0xc8 ./Drivers/STM32WBxx_HAL_Driver/stm32wbxx_hal_tim.o
                0x0000000008006fac                TIM_Base_SetConfig
 .text.TIM_TI1_ConfigInputStage
                0x0000000008007074       0x5e ./Drivers/STM32WBxx_HAL_Driver/stm32wbxx_hal_tim.o
 .text.TIM_TI2_ConfigInputStage
                0x00000000080070d2       0x60 ./Drivers/STM32WBxx_HAL_Driver/stm32wbxx_hal_tim.o
 .text.TIM_ITRx_SetConfig
                0x0000000008007132       0x3a ./Drivers/STM32WBxx_HAL_Driver/stm32wbxx_hal_tim.o
 .text.TIM_ETR_SetConfig
                0x000000000800716c       0x40 ./Drivers/STM32WBxx_HAL_Driver/stm32wbxx_hal_tim.o
                0x000000000800716c                TIM_ETR_SetConfig
 .text.HAL_TIMEx_MasterConfigSynchronization
                0x00000000080071ac       0xc0 ./Drivers/STM32WBxx_HAL_Driver/stm32wbxx_hal_tim_ex.o
                0x00000000080071ac                HAL_TIMEx_MasterConfigSynchronization
 .text.HAL_TIMEx_CommutCallback
                0x000000000800726c       0x14 ./Drivers/STM32WBxx_HAL_Driver/stm32wbxx_hal_tim_ex.o
                0x000000000800726c                HAL_TIMEx_CommutCallback
 .text.HAL_TIMEx_BreakCallback
                0x0000000008007280       0x14 ./Drivers/STM32WBxx_HAL_Driver/stm32wbxx_hal_tim_ex.o
                0x0000000008007280                HAL_TIMEx_BreakCallback
 .text.HAL_TIMEx_Break2Callback
                0x0000000008007294       0x14 ./Drivers/STM32WBxx_HAL_Driver/stm32wbxx_hal_tim_ex.o
                0x0000000008007294                HAL_TIMEx_Break2Callback
 .text.LL_RCC_GetUSARTClockSource
                0x00000000080072a8       0x20 ./Drivers/STM32WBxx_HAL_Driver/stm32wbxx_hal_uart.o
 .text.HAL_UART_Init
                0x00000000080072c8       0xa0 ./Drivers/STM32WBxx_HAL_Driver/stm32wbxx_hal_uart.o
                0x00000000080072c8                HAL_UART_Init
 .text.HAL_UART_Transmit
                0x0000000008007368      0x11c ./Drivers/STM32WBxx_HAL_Driver/stm32wbxx_hal_uart.o
                0x0000000008007368                HAL_UART_Transmit
 .text.HAL_UART_Transmit_IT
                0x0000000008007484      0x128 ./Drivers/STM32WBxx_HAL_Driver/stm32wbxx_hal_uart.o
                0x0000000008007484                HAL_UART_Transmit_IT
 .text.HAL_UART_IRQHandler
                0x00000000080075ac      0x648 ./Drivers/STM32WBxx_HAL_Driver/stm32wbxx_hal_uart.o
                0x00000000080075ac                HAL_UART_IRQHandler
 .text.HAL_UART_TxCpltCallback
                0x0000000008007bf4       0x14 ./Drivers/STM32WBxx_HAL_Driver/stm32wbxx_hal_uart.o
                0x0000000008007bf4                HAL_UART_TxCpltCallback
 .text.HAL_UART_RxCpltCallback
                0x0000000008007c08       0x14 ./Drivers/STM32WBxx_HAL_Driver/stm32wbxx_hal_uart.o
                0x0000000008007c08                HAL_UART_RxCpltCallback
 .text.HAL_UART_ErrorCallback
                0x0000000008007c1c       0x14 ./Drivers/STM32WBxx_HAL_Driver/stm32wbxx_hal_uart.o
                0x0000000008007c1c                HAL_UART_ErrorCallback
 .text.UART_SetConfig
                0x0000000008007c30      0x278 ./Drivers/STM32WBxx_HAL_Driver/stm32wbxx_hal_uart.o
                0x0000000008007c30                UART_SetConfig
 .text.UART_AdvFeatureConfig
                0x0000000008007ea8      0x144 ./Drivers/STM32WBxx_HAL_Driver/stm32wbxx_hal_uart.o
                0x0000000008007ea8                UART_AdvFeatureConfig
 .text.UART_CheckIdleState
                0x0000000008007fec      0x154 ./Drivers/STM32WBxx_HAL_Driver/stm32wbxx_hal_uart.o
                0x0000000008007fec                UART_CheckIdleState
 .text.UART_WaitOnFlagUntilTimeout
                0x0000000008008140       0xce ./Drivers/STM32WBxx_HAL_Driver/stm32wbxx_hal_uart.o
                0x0000000008008140                UART_WaitOnFlagUntilTimeout
 *fill*         0x000000000800820e        0x2 
 .text.UART_Start_Receive_IT
                0x0000000008008210      0x244 ./Drivers/STM32WBxx_HAL_Driver/stm32wbxx_hal_uart.o
                0x0000000008008210                UART_Start_Receive_IT
 .text.UART_EndRxTransfer
                0x0000000008008454       0xcc ./Drivers/STM32WBxx_HAL_Driver/stm32wbxx_hal_uart.o
 .text.UART_DMAAbortOnError
                0x0000000008008520       0x2c ./Drivers/STM32WBxx_HAL_Driver/stm32wbxx_hal_uart.o
 .text.UART_TxISR_8BIT
                0x000000000800854c       0xb8 ./Drivers/STM32WBxx_HAL_Driver/stm32wbxx_hal_uart.o
 .text.UART_TxISR_16BIT
                0x0000000008008604       0xc2 ./Drivers/STM32WBxx_HAL_Driver/stm32wbxx_hal_uart.o
 .text.UART_TxISR_8BIT_FIFOEN
                0x00000000080086c6       0xe0 ./Drivers/STM32WBxx_HAL_Driver/stm32wbxx_hal_uart.o
 .text.UART_TxISR_16BIT_FIFOEN
                0x00000000080087a6       0xea ./Drivers/STM32WBxx_HAL_Driver/stm32wbxx_hal_uart.o
 .text.UART_EndTransmit_IT
                0x0000000008008890       0x56 ./Drivers/STM32WBxx_HAL_Driver/stm32wbxx_hal_uart.o
 .text.UART_RxISR_8BIT
                0x00000000080088e6      0x1a8 ./Drivers/STM32WBxx_HAL_Driver/stm32wbxx_hal_uart.o
 .text.UART_RxISR_16BIT
                0x0000000008008a8e      0x1a8 ./Drivers/STM32WBxx_HAL_Driver/stm32wbxx_hal_uart.o
 *fill*         0x0000000008008c36        0x2 
 .text.UART_RxISR_8BIT_FIFOEN
                0x0000000008008c38      0x354 ./Drivers/STM32WBxx_HAL_Driver/stm32wbxx_hal_uart.o
 .text.UART_RxISR_16BIT_FIFOEN
                0x0000000008008f8c      0x35c ./Drivers/STM32WBxx_HAL_Driver/stm32wbxx_hal_uart.o
 .text.HAL_UARTEx_WakeupCallback
                0x00000000080092e8       0x14 ./Drivers/STM32WBxx_HAL_Driver/stm32wbxx_hal_uart_ex.o
                0x00000000080092e8                HAL_UARTEx_WakeupCallback
 .text.HAL_UARTEx_RxFifoFullCallback
                0x00000000080092fc       0x14 ./Drivers/STM32WBxx_HAL_Driver/stm32wbxx_hal_uart_ex.o
                0x00000000080092fc                HAL_UARTEx_RxFifoFullCallback
 .text.HAL_UARTEx_TxFifoEmptyCallback
                0x0000000008009310       0x14 ./Drivers/STM32WBxx_HAL_Driver/stm32wbxx_hal_uart_ex.o
                0x0000000008009310                HAL_UARTEx_TxFifoEmptyCallback
 .text.HAL_UARTEx_DisableFifoMode
                0x0000000008009324       0x72 ./Drivers/STM32WBxx_HAL_Driver/stm32wbxx_hal_uart_ex.o
                0x0000000008009324                HAL_UARTEx_DisableFifoMode
 .text.HAL_UARTEx_SetTxFifoThreshold
                0x0000000008009396       0x7c ./Drivers/STM32WBxx_HAL_Driver/stm32wbxx_hal_uart_ex.o
                0x0000000008009396                HAL_UARTEx_SetTxFifoThreshold
 .text.HAL_UARTEx_SetRxFifoThreshold
                0x0000000008009412       0x7c ./Drivers/STM32WBxx_HAL_Driver/stm32wbxx_hal_uart_ex.o
                0x0000000008009412                HAL_UARTEx_SetRxFifoThreshold
 .text.HAL_UARTEx_ReceiveToIdle_IT
                0x000000000800948e       0xa8 ./Drivers/STM32WBxx_HAL_Driver/stm32wbxx_hal_uart_ex.o
                0x000000000800948e                HAL_UARTEx_ReceiveToIdle_IT
 *fill*         0x0000000008009536        0x2 
 .text.UARTEx_SetNbDataToProcess
                0x0000000008009538       0x9c ./Drivers/STM32WBxx_HAL_Driver/stm32wbxx_hal_uart_ex.o
 .text.atoi     0x00000000080095d4        0x8 c:/st/stm32cubeide_1.12.0/stm32cubeide/plugins/com.st.stm32cube.ide.mcu.externaltools.gnu-tools-for-stm32.10.3-2021.10.win32_1.0.200.202301161003/tools/bin/../lib/gcc/arm-none-eabi/10.3.1/../../../../arm-none-eabi/lib/thumb/v7e-m+fp/hard\libc_nano.a(lib_a-atoi.o)
                0x00000000080095d4                atoi
 .text.__errno  0x00000000080095dc        0xc c:/st/stm32cubeide_1.12.0/stm32cubeide/plugins/com.st.stm32cube.ide.mcu.externaltools.gnu-tools-for-stm32.10.3-2021.10.win32_1.0.200.202301161003/tools/bin/../lib/gcc/arm-none-eabi/10.3.1/../../../../arm-none-eabi/lib/thumb/v7e-m+fp/hard\libc_nano.a(lib_a-errno.o)
                0x00000000080095dc                __errno
 .text.__libc_init_array
                0x00000000080095e8       0x48 c:/st/stm32cubeide_1.12.0/stm32cubeide/plugins/com.st.stm32cube.ide.mcu.externaltools.gnu-tools-for-stm32.10.3-2021.10.win32_1.0.200.202301161003/tools/bin/../lib/gcc/arm-none-eabi/10.3.1/../../../../arm-none-eabi/lib/thumb/v7e-m+fp/hard\libc_nano.a(lib_a-init.o)
                0x00000000080095e8                __libc_init_array
 .text.malloc   0x0000000008009630       0x10 c:/st/stm32cubeide_1.12.0/stm32cubeide/plugins/com.st.stm32cube.ide.mcu.externaltools.gnu-tools-for-stm32.10.3-2021.10.win32_1.0.200.202301161003/tools/bin/../lib/gcc/arm-none-eabi/10.3.1/../../../../arm-none-eabi/lib/thumb/v7e-m+fp/hard\libc_nano.a(lib_a-malloc.o)
                0x0000000008009630                malloc
 .text.memcpy   0x0000000008009640       0x1c c:/st/stm32cubeide_1.12.0/stm32cubeide/plugins/com.st.stm32cube.ide.mcu.externaltools.gnu-tools-for-stm32.10.3-2021.10.win32_1.0.200.202301161003/tools/bin/../lib/gcc/arm-none-eabi/10.3.1/../../../../arm-none-eabi/lib/thumb/v7e-m+fp/hard\libc_nano.a(lib_a-memcpy-stub.o)
                0x0000000008009640                memcpy
 .text.memset   0x000000000800965c       0x10 c:/st/stm32cubeide_1.12.0/stm32cubeide/plugins/com.st.stm32cube.ide.mcu.externaltools.gnu-tools-for-stm32.10.3-2021.10.win32_1.0.200.202301161003/tools/bin/../lib/gcc/arm-none-eabi/10.3.1/../../../../arm-none-eabi/lib/thumb/v7e-m+fp/hard\libc_nano.a(lib_a-memset.o)
                0x000000000800965c                memset
 .text._free_r  0x000000000800966c       0x98 c:/st/stm32cubeide_1.12.0/stm32cubeide/plugins/com.st.stm32cube.ide.mcu.externaltools.gnu-tools-for-stm32.10.3-2021.10.win32_1.0.200.202301161003/tools/bin/../lib/gcc/arm-none-eabi/10.3.1/../../../../arm-none-eabi/lib/thumb/v7e-m+fp/hard\libc_nano.a(lib_a-nano-freer.o)
                0x000000000800966c                _free_r
 .text.sbrk_aligned
                0x0000000008009704       0x40 c:/st/stm32cubeide_1.12.0/stm32cubeide/plugins/com.st.stm32cube.ide.mcu.externaltools.gnu-tools-for-stm32.10.3-2021.10.win32_1.0.200.202301161003/tools/bin/../lib/gcc/arm-none-eabi/10.3.1/../../../../arm-none-eabi/lib/thumb/v7e-m+fp/hard\libc_nano.a(lib_a-nano-mallocr.o)
 .text._malloc_r
                0x0000000008009744       0xe8 c:/st/stm32cubeide_1.12.0/stm32cubeide/plugins/com.st.stm32cube.ide.mcu.externaltools.gnu-tools-for-stm32.10.3-2021.10.win32_1.0.200.202301161003/tools/bin/../lib/gcc/arm-none-eabi/10.3.1/../../../../arm-none-eabi/lib/thumb/v7e-m+fp/hard\libc_nano.a(lib_a-nano-mallocr.o)
                0x0000000008009744                _malloc_r
 .text.__cvt    0x000000000800982c       0xc4 c:/st/stm32cubeide_1.12.0/stm32cubeide/plugins/com.st.stm32cube.ide.mcu.externaltools.gnu-tools-for-stm32.10.3-2021.10.win32_1.0.200.202301161003/tools/bin/../lib/gcc/arm-none-eabi/10.3.1/../../../../arm-none-eabi/lib/thumb/v7e-m+fp/hard\libc_nano.a(lib_a-nano-vfprintf_float.o)
                0x000000000800982c                __cvt
 .text.__exponent
                0x00000000080098f0       0x7c c:/st/stm32cubeide_1.12.0/stm32cubeide/plugins/com.st.stm32cube.ide.mcu.externaltools.gnu-tools-for-stm32.10.3-2021.10.win32_1.0.200.202301161003/tools/bin/../lib/gcc/arm-none-eabi/10.3.1/../../../../arm-none-eabi/lib/thumb/v7e-m+fp/hard\libc_nano.a(lib_a-nano-vfprintf_float.o)
                0x00000000080098f0                __exponent
 .text._printf_float
                0x000000000800996c      0x46c c:/st/stm32cubeide_1.12.0/stm32cubeide/plugins/com.st.stm32cube.ide.mcu.externaltools.gnu-tools-for-stm32.10.3-2021.10.win32_1.0.200.202301161003/tools/bin/../lib/gcc/arm-none-eabi/10.3.1/../../../../arm-none-eabi/lib/thumb/v7e-m+fp/hard\libc_nano.a(lib_a-nano-vfprintf_float.o)
                0x000000000800996c                _printf_float
 .text._printf_common
                0x0000000008009dd8       0xda c:/st/stm32cubeide_1.12.0/stm32cubeide/plugins/com.st.stm32cube.ide.mcu.externaltools.gnu-tools-for-stm32.10.3-2021.10.win32_1.0.200.202301161003/tools/bin/../lib/gcc/arm-none-eabi/10.3.1/../../../../arm-none-eabi/lib/thumb/v7e-m+fp/hard\libc_nano.a(lib_a-nano-vfprintf_i.o)
                0x0000000008009dd8                _printf_common
 *fill*         0x0000000008009eb2        0x2 
 .text._printf_i
                0x0000000008009eb4      0x24c c:/st/stm32cubeide_1.12.0/stm32cubeide/plugins/com.st.stm32cube.ide.mcu.externaltools.gnu-tools-for-stm32.10.3-2021.10.win32_1.0.200.202301161003/tools/bin/../lib/gcc/arm-none-eabi/10.3.1/../../../../arm-none-eabi/lib/thumb/v7e-m+fp/hard\libc_nano.a(lib_a-nano-vfprintf_i.o)
                0x0000000008009eb4                _printf_i
 .text.printf   0x000000000800a100       0x30 c:/st/stm32cubeide_1.12.0/stm32cubeide/plugins/com.st.stm32cube.ide.mcu.externaltools.gnu-tools-for-stm32.10.3-2021.10.win32_1.0.200.202301161003/tools/bin/../lib/gcc/arm-none-eabi/10.3.1/../../../../arm-none-eabi/lib/thumb/v7e-m+fp/hard\libc_nano.a(lib_a-printf.o)
                0x000000000800a100                iprintf
                0x000000000800a100                printf
 .text._puts_r  0x000000000800a130       0xdc c:/st/stm32cubeide_1.12.0/stm32cubeide/plugins/com.st.stm32cube.ide.mcu.externaltools.gnu-tools-for-stm32.10.3-2021.10.win32_1.0.200.202301161003/tools/bin/../lib/gcc/arm-none-eabi/10.3.1/../../../../arm-none-eabi/lib/thumb/v7e-m+fp/hard\libc_nano.a(lib_a-puts.o)
                0x000000000800a130                _puts_r
 .text.puts     0x000000000800a20c       0x10 c:/st/stm32cubeide_1.12.0/stm32cubeide/plugins/com.st.stm32cube.ide.mcu.externaltools.gnu-tools-for-stm32.10.3-2021.10.win32_1.0.200.202301161003/tools/bin/../lib/gcc/arm-none-eabi/10.3.1/../../../../arm-none-eabi/lib/thumb/v7e-m+fp/hard\libc_nano.a(lib_a-puts.o)
                0x000000000800a20c                puts
 .text._sbrk_r  0x000000000800a21c       0x20 c:/st/stm32cubeide_1.12.0/stm32cubeide/plugins/com.st.stm32cube.ide.mcu.externaltools.gnu-tools-for-stm32.10.3-2021.10.win32_1.0.200.202301161003/tools/bin/../lib/gcc/arm-none-eabi/10.3.1/../../../../arm-none-eabi/lib/thumb/v7e-m+fp/hard\libc_nano.a(lib_a-sbrkr.o)
                0x000000000800a21c                _sbrk_r
 .text.sprintf  0x000000000800a23c       0x40 c:/st/stm32cubeide_1.12.0/stm32cubeide/plugins/com.st.stm32cube.ide.mcu.externaltools.gnu-tools-for-stm32.10.3-2021.10.win32_1.0.200.202301161003/tools/bin/../lib/gcc/arm-none-eabi/10.3.1/../../../../arm-none-eabi/lib/thumb/v7e-m+fp/hard\libc_nano.a(lib_a-sprintf.o)
                0x000000000800a23c                siprintf
                0x000000000800a23c                sprintf
 .text.strchr   0x000000000800a27c       0x1a c:/st/stm32cubeide_1.12.0/stm32cubeide/plugins/com.st.stm32cube.ide.mcu.externaltools.gnu-tools-for-stm32.10.3-2021.10.win32_1.0.200.202301161003/tools/bin/../lib/gcc/arm-none-eabi/10.3.1/../../../../arm-none-eabi/lib/thumb/v7e-m+fp/hard\libc_nano.a(lib_a-strchr.o)
                0x000000000800a27c                strchr
 *fill*         0x000000000800a296        0x2 
 .text._strtol_l.constprop.0
                0x000000000800a298      0x104 c:/st/stm32cubeide_1.12.0/stm32cubeide/plugins/com.st.stm32cube.ide.mcu.externaltools.gnu-tools-for-stm32.10.3-2021.10.win32_1.0.200.202301161003/tools/bin/../lib/gcc/arm-none-eabi/10.3.1/../../../../arm-none-eabi/lib/thumb/v7e-m+fp/hard\libc_nano.a(lib_a-strtol.o)
 .text.strtol   0x000000000800a39c       0x14 c:/st/stm32cubeide_1.12.0/stm32cubeide/plugins/com.st.stm32cube.ide.mcu.externaltools.gnu-tools-for-stm32.10.3-2021.10.win32_1.0.200.202301161003/tools/bin/../lib/gcc/arm-none-eabi/10.3.1/../../../../arm-none-eabi/lib/thumb/v7e-m+fp/hard\libc_nano.a(lib_a-strtol.o)
                0x000000000800a39c                strtol
 .text._strtoul_l.constprop.0
                0x000000000800a3b0       0xe4 c:/st/stm32cubeide_1.12.0/stm32cubeide/plugins/com.st.stm32cube.ide.mcu.externaltools.gnu-tools-for-stm32.10.3-2021.10.win32_1.0.200.202301161003/tools/bin/../lib/gcc/arm-none-eabi/10.3.1/../../../../arm-none-eabi/lib/thumb/v7e-m+fp/hard\libc_nano.a(lib_a-strtoul.o)
 .text.strtoul  0x000000000800a494       0x14 c:/st/stm32cubeide_1.12.0/stm32cubeide/plugins/com.st.stm32cube.ide.mcu.externaltools.gnu-tools-for-stm32.10.3-2021.10.win32_1.0.200.202301161003/tools/bin/../lib/gcc/arm-none-eabi/10.3.1/../../../../arm-none-eabi/lib/thumb/v7e-m+fp/hard\libc_nano.a(lib_a-strtoul.o)
                0x000000000800a494                strtoul
 .text.__swbuf_r
                0x000000000800a4a8       0xa4 c:/st/stm32cubeide_1.12.0/stm32cubeide/plugins/com.st.stm32cube.ide.mcu.externaltools.gnu-tools-for-stm32.10.3-2021.10.win32_1.0.200.202301161003/tools/bin/../lib/gcc/arm-none-eabi/10.3.1/../../../../arm-none-eabi/lib/thumb/v7e-m+fp/hard\libc_nano.a(lib_a-wbuf.o)
                0x000000000800a4a8                __swbuf_r
 .text.__swsetup_r
                0x000000000800a54c       0xdc c:/st/stm32cubeide_1.12.0/stm32cubeide/plugins/com.st.stm32cube.ide.mcu.externaltools.gnu-tools-for-stm32.10.3-2021.10.win32_1.0.200.202301161003/tools/bin/../lib/gcc/arm-none-eabi/10.3.1/../../../../arm-none-eabi/lib/thumb/v7e-m+fp/hard\libc_nano.a(lib_a-wsetup.o)
                0x000000000800a54c                __swsetup_r
 .text.quorem   0x000000000800a628      0x116 c:/st/stm32cubeide_1.12.0/stm32cubeide/plugins/com.st.stm32cube.ide.mcu.externaltools.gnu-tools-for-stm32.10.3-2021.10.win32_1.0.200.202301161003/tools/bin/../lib/gcc/arm-none-eabi/10.3.1/../../../../arm-none-eabi/lib/thumb/v7e-m+fp/hard\libc_nano.a(lib_a-dtoa.o)
 *fill*         0x000000000800a73e        0x2 
 .text._dtoa_r  0x000000000800a740      0xbdc c:/st/stm32cubeide_1.12.0/stm32cubeide/plugins/com.st.stm32cube.ide.mcu.externaltools.gnu-tools-for-stm32.10.3-2021.10.win32_1.0.200.202301161003/tools/bin/../lib/gcc/arm-none-eabi/10.3.1/../../../../arm-none-eabi/lib/thumb/v7e-m+fp/hard\libc_nano.a(lib_a-dtoa.o)
                0x000000000800a740                _dtoa_r
 .text.__sflush_r
                0x000000000800b31c      0x10c c:/st/stm32cubeide_1.12.0/stm32cubeide/plugins/com.st.stm32cube.ide.mcu.externaltools.gnu-tools-for-stm32.10.3-2021.10.win32_1.0.200.202301161003/tools/bin/../lib/gcc/arm-none-eabi/10.3.1/../../../../arm-none-eabi/lib/thumb/v7e-m+fp/hard\libc_nano.a(lib_a-fflush.o)
                0x000000000800b31c                __sflush_r
 .text._fflush_r
                0x000000000800b428       0x78 c:/st/stm32cubeide_1.12.0/stm32cubeide/plugins/com.st.stm32cube.ide.mcu.externaltools.gnu-tools-for-stm32.10.3-2021.10.win32_1.0.200.202301161003/tools/bin/../lib/gcc/arm-none-eabi/10.3.1/../../../../arm-none-eabi/lib/thumb/v7e-m+fp/hard\libc_nano.a(lib_a-fflush.o)
                0x000000000800b428                _fflush_r
 .text.std      0x000000000800b4a0       0x48 c:/st/stm32cubeide_1.12.0/stm32cubeide/plugins/com.st.stm32cube.ide.mcu.externaltools.gnu-tools-for-stm32.10.3-2021.10.win32_1.0.200.202301161003/tools/bin/../lib/gcc/arm-none-eabi/10.3.1/../../../../arm-none-eabi/lib/thumb/v7e-m+fp/hard\libc_nano.a(lib_a-findfp.o)
 .text._cleanup_r
                0x000000000800b4e8        0xc c:/st/stm32cubeide_1.12.0/stm32cubeide/plugins/com.st.stm32cube.ide.mcu.externaltools.gnu-tools-for-stm32.10.3-2021.10.win32_1.0.200.202301161003/tools/bin/../lib/gcc/arm-none-eabi/10.3.1/../../../../arm-none-eabi/lib/thumb/v7e-m+fp/hard\libc_nano.a(lib_a-findfp.o)
                0x000000000800b4e8                _cleanup_r
 .text.__sfmoreglue
                0x000000000800b4f4       0x2c c:/st/stm32cubeide_1.12.0/stm32cubeide/plugins/com.st.stm32cube.ide.mcu.externaltools.gnu-tools-for-stm32.10.3-2021.10.win32_1.0.200.202301161003/tools/bin/../lib/gcc/arm-none-eabi/10.3.1/../../../../arm-none-eabi/lib/thumb/v7e-m+fp/hard\libc_nano.a(lib_a-findfp.o)
                0x000000000800b4f4                __sfmoreglue
 .text.__sfp_lock_acquire
                0x000000000800b520        0xc c:/st/stm32cubeide_1.12.0/stm32cubeide/plugins/com.st.stm32cube.ide.mcu.externaltools.gnu-tools-for-stm32.10.3-2021.10.win32_1.0.200.202301161003/tools/bin/../lib/gcc/arm-none-eabi/10.3.1/../../../../arm-none-eabi/lib/thumb/v7e-m+fp/hard\libc_nano.a(lib_a-findfp.o)
                0x000000000800b520                __sfp_lock_acquire
 .text.__sfp_lock_release
                0x000000000800b52c        0xc c:/st/stm32cubeide_1.12.0/stm32cubeide/plugins/com.st.stm32cube.ide.mcu.externaltools.gnu-tools-for-stm32.10.3-2021.10.win32_1.0.200.202301161003/tools/bin/../lib/gcc/arm-none-eabi/10.3.1/../../../../arm-none-eabi/lib/thumb/v7e-m+fp/hard\libc_nano.a(lib_a-findfp.o)
                0x000000000800b52c                __sfp_lock_release
 .text.__sinit_lock_acquire
                0x000000000800b538        0xc c:/st/stm32cubeide_1.12.0/stm32cubeide/plugins/com.st.stm32cube.ide.mcu.externaltools.gnu-tools-for-stm32.10.3-2021.10.win32_1.0.200.202301161003/tools/bin/../lib/gcc/arm-none-eabi/10.3.1/../../../../arm-none-eabi/lib/thumb/v7e-m+fp/hard\libc_nano.a(lib_a-findfp.o)
                0x000000000800b538                __sinit_lock_acquire
 .text.__sinit_lock_release
                0x000000000800b544        0xc c:/st/stm32cubeide_1.12.0/stm32cubeide/plugins/com.st.stm32cube.ide.mcu.externaltools.gnu-tools-for-stm32.10.3-2021.10.win32_1.0.200.202301161003/tools/bin/../lib/gcc/arm-none-eabi/10.3.1/../../../../arm-none-eabi/lib/thumb/v7e-m+fp/hard\libc_nano.a(lib_a-findfp.o)
                0x000000000800b544                __sinit_lock_release
 .text.__sinit  0x000000000800b550       0x70 c:/st/stm32cubeide_1.12.0/stm32cubeide/plugins/com.st.stm32cube.ide.mcu.externaltools.gnu-tools-for-stm32.10.3-2021.10.win32_1.0.200.202301161003/tools/bin/../lib/gcc/arm-none-eabi/10.3.1/../../../../arm-none-eabi/lib/thumb/v7e-m+fp/hard\libc_nano.a(lib_a-findfp.o)
                0x000000000800b550                __sinit
 .text.__sfp    0x000000000800b5c0       0x8c c:/st/stm32cubeide_1.12.0/stm32cubeide/plugins/com.st.stm32cube.ide.mcu.externaltools.gnu-tools-for-stm32.10.3-2021.10.win32_1.0.200.202301161003/tools/bin/../lib/gcc/arm-none-eabi/10.3.1/../../../../arm-none-eabi/lib/thumb/v7e-m+fp/hard\libc_nano.a(lib_a-findfp.o)
                0x000000000800b5c0                __sfp
 .text._fwalk_reent
                0x000000000800b64c       0x3e c:/st/stm32cubeide_1.12.0/stm32cubeide/plugins/com.st.stm32cube.ide.mcu.externaltools.gnu-tools-for-stm32.10.3-2021.10.win32_1.0.200.202301161003/tools/bin/../lib/gcc/arm-none-eabi/10.3.1/../../../../arm-none-eabi/lib/thumb/v7e-m+fp/hard\libc_nano.a(lib_a-fwalk.o)
                0x000000000800b64c                _fwalk_reent
 *fill*         0x000000000800b68a        0x2 
 .text._localeconv_r
                0x000000000800b68c        0x8 c:/st/stm32cubeide_1.12.0/stm32cubeide/plugins/com.st.stm32cube.ide.mcu.externaltools.gnu-tools-for-stm32.10.3-2021.10.win32_1.0.200.202301161003/tools/bin/../lib/gcc/arm-none-eabi/10.3.1/../../../../arm-none-eabi/lib/thumb/v7e-m+fp/hard\libc_nano.a(lib_a-localeconv.o)
                0x000000000800b68c                _localeconv_r
 .text.__retarget_lock_init_recursive
                0x000000000800b694        0x2 c:/st/stm32cubeide_1.12.0/stm32cubeide/plugins/com.st.stm32cube.ide.mcu.externaltools.gnu-tools-for-stm32.10.3-2021.10.win32_1.0.200.202301161003/tools/bin/../lib/gcc/arm-none-eabi/10.3.1/../../../../arm-none-eabi/lib/thumb/v7e-m+fp/hard\libc_nano.a(lib_a-lock.o)
                0x000000000800b694                __retarget_lock_init_recursive
 .text.__retarget_lock_acquire_recursive
                0x000000000800b696        0x2 c:/st/stm32cubeide_1.12.0/stm32cubeide/plugins/com.st.stm32cube.ide.mcu.externaltools.gnu-tools-for-stm32.10.3-2021.10.win32_1.0.200.202301161003/tools/bin/../lib/gcc/arm-none-eabi/10.3.1/../../../../arm-none-eabi/lib/thumb/v7e-m+fp/hard\libc_nano.a(lib_a-lock.o)
                0x000000000800b696                __retarget_lock_acquire_recursive
 .text.__retarget_lock_release_recursive
                0x000000000800b698        0x2 c:/st/stm32cubeide_1.12.0/stm32cubeide/plugins/com.st.stm32cube.ide.mcu.externaltools.gnu-tools-for-stm32.10.3-2021.10.win32_1.0.200.202301161003/tools/bin/../lib/gcc/arm-none-eabi/10.3.1/../../../../arm-none-eabi/lib/thumb/v7e-m+fp/hard\libc_nano.a(lib_a-lock.o)
                0x000000000800b698                __retarget_lock_release_recursive
 .text.__swhatbuf_r
                0x000000000800b69a       0x4a c:/st/stm32cubeide_1.12.0/stm32cubeide/plugins/com.st.stm32cube.ide.mcu.externaltools.gnu-tools-for-stm32.10.3-2021.10.win32_1.0.200.202301161003/tools/bin/../lib/gcc/arm-none-eabi/10.3.1/../../../../arm-none-eabi/lib/thumb/v7e-m+fp/hard\libc_nano.a(lib_a-makebuf.o)
                0x000000000800b69a                __swhatbuf_r
 .text.__smakebuf_r
                0x000000000800b6e4       0x80 c:/st/stm32cubeide_1.12.0/stm32cubeide/plugins/com.st.stm32cube.ide.mcu.externaltools.gnu-tools-for-stm32.10.3-2021.10.win32_1.0.200.202301161003/tools/bin/../lib/gcc/arm-none-eabi/10.3.1/../../../../arm-none-eabi/lib/thumb/v7e-m+fp/hard\libc_nano.a(lib_a-makebuf.o)
                0x000000000800b6e4                __smakebuf_r
 .text.__malloc_lock
                0x000000000800b764        0xc c:/st/stm32cubeide_1.12.0/stm32cubeide/plugins/com.st.stm32cube.ide.mcu.externaltools.gnu-tools-for-stm32.10.3-2021.10.win32_1.0.200.202301161003/tools/bin/../lib/gcc/arm-none-eabi/10.3.1/../../../../arm-none-eabi/lib/thumb/v7e-m+fp/hard\libc_nano.a(lib_a-mlock.o)
                0x000000000800b764                __malloc_lock
 .text.__malloc_unlock
                0x000000000800b770        0xc c:/st/stm32cubeide_1.12.0/stm32cubeide/plugins/com.st.stm32cube.ide.mcu.externaltools.gnu-tools-for-stm32.10.3-2021.10.win32_1.0.200.202301161003/tools/bin/../lib/gcc/arm-none-eabi/10.3.1/../../../../arm-none-eabi/lib/thumb/v7e-m+fp/hard\libc_nano.a(lib_a-mlock.o)
                0x000000000800b770                __malloc_unlock
 .text._Balloc  0x000000000800b77c       0x80 c:/st/stm32cubeide_1.12.0/stm32cubeide/plugins/com.st.stm32cube.ide.mcu.externaltools.gnu-tools-for-stm32.10.3-2021.10.win32_1.0.200.202301161003/tools/bin/../lib/gcc/arm-none-eabi/10.3.1/../../../../arm-none-eabi/lib/thumb/v7e-m+fp/hard\libc_nano.a(lib_a-mprec.o)
                0x000000000800b77c                _Balloc
 .text._Bfree   0x000000000800b7fc       0x44 c:/st/stm32cubeide_1.12.0/stm32cubeide/plugins/com.st.stm32cube.ide.mcu.externaltools.gnu-tools-for-stm32.10.3-2021.10.win32_1.0.200.202301161003/tools/bin/../lib/gcc/arm-none-eabi/10.3.1/../../../../arm-none-eabi/lib/thumb/v7e-m+fp/hard\libc_nano.a(lib_a-mprec.o)
                0x000000000800b7fc                _Bfree
 .text.__multadd
                0x000000000800b840       0x8c c:/st/stm32cubeide_1.12.0/stm32cubeide/plugins/com.st.stm32cube.ide.mcu.externaltools.gnu-tools-for-stm32.10.3-2021.10.win32_1.0.200.202301161003/tools/bin/../lib/gcc/arm-none-eabi/10.3.1/../../../../arm-none-eabi/lib/thumb/v7e-m+fp/hard\libc_nano.a(lib_a-mprec.o)
                0x000000000800b840                __multadd
 .text.__hi0bits
                0x000000000800b8cc       0x40 c:/st/stm32cubeide_1.12.0/stm32cubeide/plugins/com.st.stm32cube.ide.mcu.externaltools.gnu-tools-for-stm32.10.3-2021.10.win32_1.0.200.202301161003/tools/bin/../lib/gcc/arm-none-eabi/10.3.1/../../../../arm-none-eabi/lib/thumb/v7e-m+fp/hard\libc_nano.a(lib_a-mprec.o)
                0x000000000800b8cc                __hi0bits
 .text.__lo0bits
                0x000000000800b90c       0x5e c:/st/stm32cubeide_1.12.0/stm32cubeide/plugins/com.st.stm32cube.ide.mcu.externaltools.gnu-tools-for-stm32.10.3-2021.10.win32_1.0.200.202301161003/tools/bin/../lib/gcc/arm-none-eabi/10.3.1/../../../../arm-none-eabi/lib/thumb/v7e-m+fp/hard\libc_nano.a(lib_a-mprec.o)
                0x000000000800b90c                __lo0bits
 *fill*         0x000000000800b96a        0x2 
 .text.__i2b    0x000000000800b96c       0x2c c:/st/stm32cubeide_1.12.0/stm32cubeide/plugins/com.st.stm32cube.ide.mcu.externaltools.gnu-tools-for-stm32.10.3-2021.10.win32_1.0.200.202301161003/tools/bin/../lib/gcc/arm-none-eabi/10.3.1/../../../../arm-none-eabi/lib/thumb/v7e-m+fp/hard\libc_nano.a(lib_a-mprec.o)
                0x000000000800b96c                __i2b
 .text.__multiply
                0x000000000800b998      0x154 c:/st/stm32cubeide_1.12.0/stm32cubeide/plugins/com.st.stm32cube.ide.mcu.externaltools.gnu-tools-for-stm32.10.3-2021.10.win32_1.0.200.202301161003/tools/bin/../lib/gcc/arm-none-eabi/10.3.1/../../../../arm-none-eabi/lib/thumb/v7e-m+fp/hard\libc_nano.a(lib_a-mprec.o)
                0x000000000800b998                __multiply
 .text.__pow5mult
                0x000000000800baec       0xb4 c:/st/stm32cubeide_1.12.0/stm32cubeide/plugins/com.st.stm32cube.ide.mcu.externaltools.gnu-tools-for-stm32.10.3-2021.10.win32_1.0.200.202301161003/tools/bin/../lib/gcc/arm-none-eabi/10.3.1/../../../../arm-none-eabi/lib/thumb/v7e-m+fp/hard\libc_nano.a(lib_a-mprec.o)
                0x000000000800baec                __pow5mult
 .text.__lshift
                0x000000000800bba0       0xe0 c:/st/stm32cubeide_1.12.0/stm32cubeide/plugins/com.st.stm32cube.ide.mcu.externaltools.gnu-tools-for-stm32.10.3-2021.10.win32_1.0.200.202301161003/tools/bin/../lib/gcc/arm-none-eabi/10.3.1/../../../../arm-none-eabi/lib/thumb/v7e-m+fp/hard\libc_nano.a(lib_a-mprec.o)
                0x000000000800bba0                __lshift
 .text.__mcmp   0x000000000800bc80       0x38 c:/st/stm32cubeide_1.12.0/stm32cubeide/plugins/com.st.stm32cube.ide.mcu.externaltools.gnu-tools-for-stm32.10.3-2021.10.win32_1.0.200.202301161003/tools/bin/../lib/gcc/arm-none-eabi/10.3.1/../../../../arm-none-eabi/lib/thumb/v7e-m+fp/hard\libc_nano.a(lib_a-mprec.o)
                0x000000000800bc80                __mcmp
 .text.__mdiff  0x000000000800bcb8      0x114 c:/st/stm32cubeide_1.12.0/stm32cubeide/plugins/com.st.stm32cube.ide.mcu.externaltools.gnu-tools-for-stm32.10.3-2021.10.win32_1.0.200.202301161003/tools/bin/../lib/gcc/arm-none-eabi/10.3.1/../../../../arm-none-eabi/lib/thumb/v7e-m+fp/hard\libc_nano.a(lib_a-mprec.o)
                0x000000000800bcb8                __mdiff
 .text.__d2b    0x000000000800bdcc       0xb8 c:/st/stm32cubeide_1.12.0/stm32cubeide/plugins/com.st.stm32cube.ide.mcu.externaltools.gnu-tools-for-stm32.10.3-2021.10.win32_1.0.200.202301161003/tools/bin/../lib/gcc/arm-none-eabi/10.3.1/../../../../arm-none-eabi/lib/thumb/v7e-m+fp/hard\libc_nano.a(lib_a-mprec.o)
                0x000000000800bdcc                __d2b
 .text._calloc_r
                0x000000000800be84       0x2c c:/st/stm32cubeide_1.12.0/stm32cubeide/plugins/com.st.stm32cube.ide.mcu.externaltools.gnu-tools-for-stm32.10.3-2021.10.win32_1.0.200.202301161003/tools/bin/../lib/gcc/arm-none-eabi/10.3.1/../../../../arm-none-eabi/lib/thumb/v7e-m+fp/hard\libc_nano.a(lib_a-nano-callocr.o)
                0x000000000800be84                _calloc_r
 .text.__ssputs_r
                0x000000000800beb0       0xb6 c:/st/stm32cubeide_1.12.0/stm32cubeide/plugins/com.st.stm32cube.ide.mcu.externaltools.gnu-tools-for-stm32.10.3-2021.10.win32_1.0.200.202301161003/tools/bin/../lib/gcc/arm-none-eabi/10.3.1/../../../../arm-none-eabi/lib/thumb/v7e-m+fp/hard\libc_nano.a(lib_a-nano-svfprintf.o)
                0x000000000800beb0                __ssputs_r
 *fill*         0x000000000800bf66        0x2 
 .text._svfprintf_r
                0x000000000800bf68      0x200 c:/st/stm32cubeide_1.12.0/stm32cubeide/plugins/com.st.stm32cube.ide.mcu.externaltools.gnu-tools-for-stm32.10.3-2021.10.win32_1.0.200.202301161003/tools/bin/../lib/gcc/arm-none-eabi/10.3.1/../../../../arm-none-eabi/lib/thumb/v7e-m+fp/hard\libc_nano.a(lib_a-nano-svfprintf.o)
                0x000000000800bf68                _svfiprintf_r
                0x000000000800bf68                _svfprintf_r
 .text.__sfputc_r
                0x000000000800c168       0x2e c:/st/stm32cubeide_1.12.0/stm32cubeide/plugins/com.st.stm32cube.ide.mcu.externaltools.gnu-tools-for-stm32.10.3-2021.10.win32_1.0.200.202301161003/tools/bin/../lib/gcc/arm-none-eabi/10.3.1/../../../../arm-none-eabi/lib/thumb/v7e-m+fp/hard\libc_nano.a(lib_a-nano-vfprintf.o)
 .text.__sfputs_r
                0x000000000800c196       0x24 c:/st/stm32cubeide_1.12.0/stm32cubeide/plugins/com.st.stm32cube.ide.mcu.externaltools.gnu-tools-for-stm32.10.3-2021.10.win32_1.0.200.202301161003/tools/bin/../lib/gcc/arm-none-eabi/10.3.1/../../../../arm-none-eabi/lib/thumb/v7e-m+fp/hard\libc_nano.a(lib_a-nano-vfprintf.o)
                0x000000000800c196                __sfputs_r
 *fill*         0x000000000800c1ba        0x2 
 .text._vfprintf_r
                0x000000000800c1bc      0x260 c:/st/stm32cubeide_1.12.0/stm32cubeide/plugins/com.st.stm32cube.ide.mcu.externaltools.gnu-tools-for-stm32.10.3-2021.10.win32_1.0.200.202301161003/tools/bin/../lib/gcc/arm-none-eabi/10.3.1/../../../../arm-none-eabi/lib/thumb/v7e-m+fp/hard\libc_nano.a(lib_a-nano-vfprintf.o)
                0x000000000800c1bc                _vfprintf_r
                0x000000000800c1bc                _vfiprintf_r
 .text.__sread  0x000000000800c41c       0x22 c:/st/stm32cubeide_1.12.0/stm32cubeide/plugins/com.st.stm32cube.ide.mcu.externaltools.gnu-tools-for-stm32.10.3-2021.10.win32_1.0.200.202301161003/tools/bin/../lib/gcc/arm-none-eabi/10.3.1/../../../../arm-none-eabi/lib/thumb/v7e-m+fp/hard\libc_nano.a(lib_a-stdio.o)
                0x000000000800c41c                __sread
 .text.__swrite
                0x000000000800c43e       0x38 c:/st/stm32cubeide_1.12.0/stm32cubeide/plugins/com.st.stm32cube.ide.mcu.externaltools.gnu-tools-for-stm32.10.3-2021.10.win32_1.0.200.202301161003/tools/bin/../lib/gcc/arm-none-eabi/10.3.1/../../../../arm-none-eabi/lib/thumb/v7e-m+fp/hard\libc_nano.a(lib_a-stdio.o)
                0x000000000800c43e                __swrite
 .text.__sseek  0x000000000800c476       0x24 c:/st/stm32cubeide_1.12.0/stm32cubeide/plugins/com.st.stm32cube.ide.mcu.externaltools.gnu-tools-for-stm32.10.3-2021.10.win32_1.0.200.202301161003/tools/bin/../lib/gcc/arm-none-eabi/10.3.1/../../../../arm-none-eabi/lib/thumb/v7e-m+fp/hard\libc_nano.a(lib_a-stdio.o)
                0x000000000800c476                __sseek
 .text.__sclose
                0x000000000800c49a        0x8 c:/st/stm32cubeide_1.12.0/stm32cubeide/plugins/com.st.stm32cube.ide.mcu.externaltools.gnu-tools-for-stm32.10.3-2021.10.win32_1.0.200.202301161003/tools/bin/../lib/gcc/arm-none-eabi/10.3.1/../../../../arm-none-eabi/lib/thumb/v7e-m+fp/hard\libc_nano.a(lib_a-stdio.o)
                0x000000000800c49a                __sclose
 *fill*         0x000000000800c4a2        0x2 
 .text._write_r
                0x000000000800c4a4       0x24 c:/st/stm32cubeide_1.12.0/stm32cubeide/plugins/com.st.stm32cube.ide.mcu.externaltools.gnu-tools-for-stm32.10.3-2021.10.win32_1.0.200.202301161003/tools/bin/../lib/gcc/arm-none-eabi/10.3.1/../../../../arm-none-eabi/lib/thumb/v7e-m+fp/hard\libc_nano.a(lib_a-writer.o)
                0x000000000800c4a4                _write_r
 .text.__assert_func
                0x000000000800c4c8       0x3c c:/st/stm32cubeide_1.12.0/stm32cubeide/plugins/com.st.stm32cube.ide.mcu.externaltools.gnu-tools-for-stm32.10.3-2021.10.win32_1.0.200.202301161003/tools/bin/../lib/gcc/arm-none-eabi/10.3.1/../../../../arm-none-eabi/lib/thumb/v7e-m+fp/hard\libc_nano.a(lib_a-assert.o)
                0x000000000800c4c8                __assert_func
 .text._close_r
                0x000000000800c504       0x20 c:/st/stm32cubeide_1.12.0/stm32cubeide/plugins/com.st.stm32cube.ide.mcu.externaltools.gnu-tools-for-stm32.10.3-2021.10.win32_1.0.200.202301161003/tools/bin/../lib/gcc/arm-none-eabi/10.3.1/../../../../arm-none-eabi/lib/thumb/v7e-m+fp/hard\libc_nano.a(lib_a-closer.o)
                0x000000000800c504                _close_r
 .text.fprintf  0x000000000800c524       0x24 c:/st/stm32cubeide_1.12.0/stm32cubeide/plugins/com.st.stm32cube.ide.mcu.externaltools.gnu-tools-for-stm32.10.3-2021.10.win32_1.0.200.202301161003/tools/bin/../lib/gcc/arm-none-eabi/10.3.1/../../../../arm-none-eabi/lib/thumb/v7e-m+fp/hard\libc_nano.a(lib_a-fprintf.o)
                0x000000000800c524                fiprintf
                0x000000000800c524                fprintf
 .text._fstat_r
                0x000000000800c548       0x24 c:/st/stm32cubeide_1.12.0/stm32cubeide/plugins/com.st.stm32cube.ide.mcu.externaltools.gnu-tools-for-stm32.10.3-2021.10.win32_1.0.200.202301161003/tools/bin/../lib/gcc/arm-none-eabi/10.3.1/../../../../arm-none-eabi/lib/thumb/v7e-m+fp/hard\libc_nano.a(lib_a-fstatr.o)
                0x000000000800c548                _fstat_r
 .text._isatty_r
                0x000000000800c56c       0x20 c:/st/stm32cubeide_1.12.0/stm32cubeide/plugins/com.st.stm32cube.ide.mcu.externaltools.gnu-tools-for-stm32.10.3-2021.10.win32_1.0.200.202301161003/tools/bin/../lib/gcc/arm-none-eabi/10.3.1/../../../../arm-none-eabi/lib/thumb/v7e-m+fp/hard\libc_nano.a(lib_a-isattyr.o)
                0x000000000800c56c                _isatty_r
 .text._lseek_r
                0x000000000800c58c       0x24 c:/st/stm32cubeide_1.12.0/stm32cubeide/plugins/com.st.stm32cube.ide.mcu.externaltools.gnu-tools-for-stm32.10.3-2021.10.win32_1.0.200.202301161003/tools/bin/../lib/gcc/arm-none-eabi/10.3.1/../../../../arm-none-eabi/lib/thumb/v7e-m+fp/hard\libc_nano.a(lib_a-lseekr.o)
                0x000000000800c58c                _lseek_r
 .text.__ascii_mbtowc
                0x000000000800c5b0       0x24 c:/st/stm32cubeide_1.12.0/stm32cubeide/plugins/com.st.stm32cube.ide.mcu.externaltools.gnu-tools-for-stm32.10.3-2021.10.win32_1.0.200.202301161003/tools/bin/../lib/gcc/arm-none-eabi/10.3.1/../../../../arm-none-eabi/lib/thumb/v7e-m+fp/hard\libc_nano.a(lib_a-mbtowc_r.o)
                0x000000000800c5b0                __ascii_mbtowc
 .text.memmove  0x000000000800c5d4       0x34 c:/st/stm32cubeide_1.12.0/stm32cubeide/plugins/com.st.stm32cube.ide.mcu.externaltools.gnu-tools-for-stm32.10.3-2021.10.win32_1.0.200.202301161003/tools/bin/../lib/gcc/arm-none-eabi/10.3.1/../../../../arm-none-eabi/lib/thumb/v7e-m+fp/hard\libc_nano.a(lib_a-memmove.o)
                0x000000000800c5d4                memmove
 .text._realloc_r
                0x000000000800c608       0x5e c:/st/stm32cubeide_1.12.0/stm32cubeide/plugins/com.st.stm32cube.ide.mcu.externaltools.gnu-tools-for-stm32.10.3-2021.10.win32_1.0.200.202301161003/tools/bin/../lib/gcc/arm-none-eabi/10.3.1/../../../../arm-none-eabi/lib/thumb/v7e-m+fp/hard\libc_nano.a(lib_a-nano-reallocr.o)
                0x000000000800c608                _realloc_r
 *fill*         0x000000000800c666        0x2 
 .text._read_r  0x000000000800c668       0x24 c:/st/stm32cubeide_1.12.0/stm32cubeide/plugins/com.st.stm32cube.ide.mcu.externaltools.gnu-tools-for-stm32.10.3-2021.10.win32_1.0.200.202301161003/tools/bin/../lib/gcc/arm-none-eabi/10.3.1/../../../../arm-none-eabi/lib/thumb/v7e-m+fp/hard\libc_nano.a(lib_a-readr.o)
                0x000000000800c668                _read_r
 .text.__ascii_wctomb
                0x000000000800c68c       0x1a c:/st/stm32cubeide_1.12.0/stm32cubeide/plugins/com.st.stm32cube.ide.mcu.externaltools.gnu-tools-for-stm32.10.3-2021.10.win32_1.0.200.202301161003/tools/bin/../lib/gcc/arm-none-eabi/10.3.1/../../../../arm-none-eabi/lib/thumb/v7e-m+fp/hard\libc_nano.a(lib_a-wctomb_r.o)
                0x000000000800c68c                __ascii_wctomb
 .text.abort    0x000000000800c6a6        0xe c:/st/stm32cubeide_1.12.0/stm32cubeide/plugins/com.st.stm32cube.ide.mcu.externaltools.gnu-tools-for-stm32.10.3-2021.10.win32_1.0.200.202301161003/tools/bin/../lib/gcc/arm-none-eabi/10.3.1/../../../../arm-none-eabi/lib/thumb/v7e-m+fp/hard\libc_nano.a(lib_a-abort.o)
                0x000000000800c6a6                abort
 .text._malloc_usable_size_r
                0x000000000800c6b4       0x10 c:/st/stm32cubeide_1.12.0/stm32cubeide/plugins/com.st.stm32cube.ide.mcu.externaltools.gnu-tools-for-stm32.10.3-2021.10.win32_1.0.200.202301161003/tools/bin/../lib/gcc/arm-none-eabi/10.3.1/../../../../arm-none-eabi/lib/thumb/v7e-m+fp/hard\libc_nano.a(lib_a-nano-msizer.o)
                0x000000000800c6b4                _malloc_usable_size_r
 .text._raise_r
                0x000000000800c6c4       0x50 c:/st/stm32cubeide_1.12.0/stm32cubeide/plugins/com.st.stm32cube.ide.mcu.externaltools.gnu-tools-for-stm32.10.3-2021.10.win32_1.0.200.202301161003/tools/bin/../lib/gcc/arm-none-eabi/10.3.1/../../../../arm-none-eabi/lib/thumb/v7e-m+fp/hard\libc_nano.a(lib_a-signal.o)
                0x000000000800c6c4                _raise_r
 .text.raise    0x000000000800c714       0x10 c:/st/stm32cubeide_1.12.0/stm32cubeide/plugins/com.st.stm32cube.ide.mcu.externaltools.gnu-tools-for-stm32.10.3-2021.10.win32_1.0.200.202301161003/tools/bin/../lib/gcc/arm-none-eabi/10.3.1/../../../../arm-none-eabi/lib/thumb/v7e-m+fp/hard\libc_nano.a(lib_a-signal.o)
                0x000000000800c714                raise
 .text._kill_r  0x000000000800c724       0x24 c:/st/stm32cubeide_1.12.0/stm32cubeide/plugins/com.st.stm32cube.ide.mcu.externaltools.gnu-tools-for-stm32.10.3-2021.10.win32_1.0.200.202301161003/tools/bin/../lib/gcc/arm-none-eabi/10.3.1/../../../../arm-none-eabi/lib/thumb/v7e-m+fp/hard\libc_nano.a(lib_a-signalr.o)
                0x000000000800c724                _kill_r
 .text._getpid_r
                0x000000000800c748        0x4 c:/st/stm32cubeide_1.12.0/stm32cubeide/plugins/com.st.stm32cube.ide.mcu.externaltools.gnu-tools-for-stm32.10.3-2021.10.win32_1.0.200.202301161003/tools/bin/../lib/gcc/arm-none-eabi/10.3.1/../../../../arm-none-eabi/lib/thumb/v7e-m+fp/hard\libc_nano.a(lib_a-signalr.o)
                0x000000000800c748                _getpid_r
 *fill*         0x000000000800c74c        0x4 
 .text.log      0x000000000800c750       0x7c c:/st/stm32cubeide_1.12.0/stm32cubeide/plugins/com.st.stm32cube.ide.mcu.externaltools.gnu-tools-for-stm32.10.3-2021.10.win32_1.0.200.202301161003/tools/bin/../lib/gcc/arm-none-eabi/10.3.1/../../../../arm-none-eabi/lib/thumb/v7e-m+fp/hard\libm.a(lib_a-w_log.o)
                0x000000000800c750                log
 *fill*         0x000000000800c7cc        0x4 
 .text.__ieee754_log
                0x000000000800c7d0      0x374 c:/st/stm32cubeide_1.12.0/stm32cubeide/plugins/com.st.stm32cube.ide.mcu.externaltools.gnu-tools-for-stm32.10.3-2021.10.win32_1.0.200.202301161003/tools/bin/../lib/gcc/arm-none-eabi/10.3.1/../../../../arm-none-eabi/lib/thumb/v7e-m+fp/hard\libm.a(lib_a-e_log.o)
                0x000000000800c7d0                __ieee754_log
 *fill*         0x000000000800cb44        0x4 
 .text.nan      0x000000000800cb48       0x10 c:/st/stm32cubeide_1.12.0/stm32cubeide/plugins/com.st.stm32cube.ide.mcu.externaltools.gnu-tools-for-stm32.10.3-2021.10.win32_1.0.200.202301161003/tools/bin/../lib/gcc/arm-none-eabi/10.3.1/../../../../arm-none-eabi/lib/thumb/v7e-m+fp/hard\libm.a(lib_a-s_nan.o)
                0x000000000800cb48                nan
 *(.glue_7)
 .glue_7        0x000000000800cb58        0x0 linker stubs
 *(.glue_7t)
 .glue_7t       0x000000000800cb58        0x0 linker stubs
 *(.eh_frame)
 .eh_frame      0x000000000800cb58        0x0 c:/st/stm32cubeide_1.12.0/stm32cubeide/plugins/com.st.stm32cube.ide.mcu.externaltools.gnu-tools-for-stm32.10.3-2021.10.win32_1.0.200.202301161003/tools/bin/../lib/gcc/arm-none-eabi/10.3.1/thumb/v7e-m+fp/hard/crtbegin.o
 *(.init)
 .init          0x000000000800cb58        0x4 c:/st/stm32cubeide_1.12.0/stm32cubeide/plugins/com.st.stm32cube.ide.mcu.externaltools.gnu-tools-for-stm32.10.3-2021.10.win32_1.0.200.202301161003/tools/bin/../lib/gcc/arm-none-eabi/10.3.1/thumb/v7e-m+fp/hard/crti.o
                0x000000000800cb58                _init
 .init          0x000000000800cb5c        0x8 c:/st/stm32cubeide_1.12.0/stm32cubeide/plugins/com.st.stm32cube.ide.mcu.externaltools.gnu-tools-for-stm32.10.3-2021.10.win32_1.0.200.202301161003/tools/bin/../lib/gcc/arm-none-eabi/10.3.1/thumb/v7e-m+fp/hard/crtn.o
 *(.fini)
 .fini          0x000000000800cb64        0x4 c:/st/stm32cubeide_1.12.0/stm32cubeide/plugins/com.st.stm32cube.ide.mcu.externaltools.gnu-tools-for-stm32.10.3-2021.10.win32_1.0.200.202301161003/tools/bin/../lib/gcc/arm-none-eabi/10.3.1/thumb/v7e-m+fp/hard/crti.o
                0x000000000800cb64                _fini
 .fini          0x000000000800cb68        0x8 c:/st/stm32cubeide_1.12.0/stm32cubeide/plugins/com.st.stm32cube.ide.mcu.externaltools.gnu-tools-for-stm32.10.3-2021.10.win32_1.0.200.202301161003/tools/bin/../lib/gcc/arm-none-eabi/10.3.1/thumb/v7e-m+fp/hard/crtn.o
                0x000000000800cb70                . = ALIGN (0x4)
                0x000000000800cb70                _etext = .

.vfp11_veneer   0x000000000800cb70        0x0
 .vfp11_veneer  0x000000000800cb70        0x0 linker stubs

.v4_bx          0x000000000800cb70        0x0
 .v4_bx         0x000000000800cb70        0x0 linker stubs

.iplt           0x000000000800cb70        0x0