../Application/User/Core/pll_maxim.c:36:15:max_read_LD	4	static
../Application/User/Core/pll_maxim.c:46:6:EnableChip	8	static
../Application/User/Core/pll_maxim.c:50:6:DisableChip	8	static
../Application/User/Core/pll_maxim.c:54:6:EnableRFOutput	8	static
../Application/User/Core/pll_maxim.c:58:6:DisableRFOutput	8	static
../Application/User/Core/pll_maxim.c:62:6:print_registers	8	static
../Application/User/Core/pll_maxim.c:71:6:setBandSelect	48	static
../Application/User/Core/pll_maxim.c:86:6:Register_Shutdown	16	static
../Application/User/Core/pll_maxim.c:91:6:Register_Startup	16	static
../Application/User/Core/pll_maxim.c:97:6:setDIVA	32	static
../Application/User/Core/pll_maxim.c:137:6:setRFA_PWR	32	static
../Application/User/Core/pll_maxim.c:149:6:setN	32	static
../Application/User/Core/pll_maxim.c:158:6:setR	32	static
../Application/User/Core/pll_maxim.c:167:6:setFB_MUX	32	static
../Application/User/Core/pll_maxim.c:174:6:enableRFA	8	static
../Application/User/Core/pll_maxim.c:178:6:setIntegerMode	8	static
../Application/User/Core/pll_maxim.c:184:6:sweep	24	static
../Application/User/Core/pll_maxim.c:228:6:set_requested_frequency	48	static
../Application/User/Core/pll_maxim.c:253:6:sweep_N	32	static
../Application/User/Core/pll_maxim.c:267:6:init_PLL	8	static
../Application/User/Core/pll_maxim.c:289:6:write_regs_SOFT	32	static
../Application/User/Core/pll_maxim.c:307:10:swap_words	24	static
../Application/User/Core/pll_maxim.c:313:9:write_reg	24	static
../Application/User/Core/pll_maxim.c:344:6:program_PLL	8	static
../Application/User/Core/pll_maxim.c:353:9:write_to_PLL	24	static
../Application/User/Core/pll_maxim.c:370:6:enable_MUXOUT	16	static
../Application/User/Core/pll_maxim.c:376:6:read_from_PLL	40	static
